
ZenBook@DESKTOP-VA18119 MINGW64 ~/OneDrive/New folder
$ git clone https://github.com/nguyenthithuylinh24174600012/24174600012_Nguyen_Thi_Thuy_Linh_bai_tap.git
Cloning into '24174600012_Nguyen_Thi_Thuy_Linh_bai_tap'...
remote: Enumerating objects: 3, done.
remote: Counting objects: 100% (3/3), done.
remote: Compressing objects: 100% (2/2), done.
remote: Total 3 (delta 0), reused 0 (delta 0), pack-reused 0 (from 0)
Receiving objects: 100% (3/3), done.

ZenBook@DESKTOP-VA18119 MINGW64 ~/OneDrive/New folder
$ cd 24174600012_Nguyen_Thi_Thuy_Linh_bai_tap

ZenBook@DESKTOP-VA18119 MINGW64 ~/OneDrive/New folder/24174600012_Nguyen_Thi_Thuy_Linh_bai_tap (main)
$ echo "Lorem ipsum dolor sit amet, consectetur adipiscing elit. Integer efficitur, eros at lacinia
suscipit, magna turpis aliquam est, sit amet aliquam quam libero id mi. Ut vel placerat risus.
Sed tempor in ex vitae sodales. Donec et tempor orci. In pharetra viverra sagittis. Vestibulum
risus ante, molestie ac eros efficitur, bibendum tincidunt turpis. In sit amet tortor gravida,
ultricies ante vitae, varius tortor. Aliquam finibus porta nulla sed gravida. Aliquam ultricies
dapibus ante eget molestie. In hac habitasse platea dictumst. Aliquam aliquam enim at massa
pharetra, et vestibulum sapien consequat. Donec accumsan quis metus at pellentesque. Morbi
quis felis placerat, interdum justo a, aliquam risus." > README.md


ZenBook@DESKTOP-VA18119 MINGW64 ~/OneDrive/New folder/24174600012_Nguyen_Thi_Thuy_Linh_bai_tap (main)
$ git add .
warning: in the working copy of 'README.md', LF will be replaced by CRLF the next time Git touches it

ZenBook@DESKTOP-VA18119 MINGW64 ~/OneDrive/New folder/24174600012_Nguyen_Thi_Thuy_Linh_bai_tap (main)
$ git commit -m "sua file readme.md"
[main 838a081] sua file readme.md
 1 file changed, 8 insertions(+), 2 deletions(-)

ZenBook@DESKTOP-VA18119 MINGW64 ~/OneDrive/New folder/24174600012_Nguyen_Thi_Thuy_Linh_bai_tap (main)
$ git push origin
Enumerating objects: 5, done.
Counting objects: 100% (5/5), done.
Delta compression using up to 8 threads
Compressing objects: 100% (2/2), done.
Writing objects: 100% (3/3), 635 bytes | 635.00 KiB/s, done.
Total 3 (delta 0), reused 0 (delta 0), pack-reused 0 (from 0)
To https://github.com/nguyenthithuylinh24174600012/24174600012_Nguyen_Thi_Thuy_Linh_bai_tap.git
   b457b9a..838a081  main -> main

ZenBook@DESKTOP-VA18119 MINGW64 ~/OneDrive/New folder/24174600012_Nguyen_Thi_Thuy_Linh_bai_tap (main)
$ git init
Reinitialized existing Git repository in C:/Users/ZenBook/OneDrive/New folder/24174600012_Nguyen_Thi_Thuy_Linh_bai_tap/.git/

ZenBook@DESKTOP-VA18119 MINGW64 ~/OneDrive/New folder/24174600012_Nguyen_Thi_Thuy_Linh_bai_tap (main)
$ git checkout main
Already on 'main'
Your branch is up to date with 'origin/main'.

ZenBook@DESKTOP-VA18119 MINGW64 ~/OneDrive/New folder/24174600012_Nguyen_Thi_Thuy_Linh_bai_tap (main)
$ git checkout -b " branch_1"
fatal: ' branch_1' is not a valid branch name
hint: See `man git check-ref-format`
hint: Disable this message with "git config advice.refSyntax false"

ZenBook@DESKTOP-VA18119 MINGW64 ~/OneDrive/New folder/24174600012_Nguyen_Thi_Thuy_Linh_bai_tap (main)
$ git checkout -b branch_1
Switched to a new branch 'branch_1'

ZenBook@DESKTOP-VA18119 MINGW64 ~/OneDrive/New folder/24174600012_Nguyen_Thi_Thuy_Linh_bai_tap (branch_1)
$ echo "Lorem ipsum dolor sit amet, consectetur adipiscing elit." > text_branch_1.txt

ZenBook@DESKTOP-VA18119 MINGW64 ~/OneDrive/New folder/24174600012_Nguyen_Thi_Thuy_Linh_bai_tap (branch_1)
$ git add text_branch_1.txt
warning: in the working copy of 'text_branch_1.txt', LF will be replaced by CRLF the next time Git touches it

ZenBook@DESKTOP-VA18119 MINGW64 ~/OneDrive/New folder/24174600012_Nguyen_Thi_Thuy_Linh_bai_tap (branch_1)
$ git commit -m "tao nhanh 1"
[branch_1 58982c9] tao nhanh 1
 1 file changed, 1 insertion(+)
 create mode 100644 text_branch_1.txt

ZenBook@DESKTOP-VA18119 MINGW64 ~/OneDrive/New folder/24174600012_Nguyen_Thi_Thuy_Linh_bai_tap (branch_1)
$ git push origin branch_1
Enumerating objects: 4, done.
Counting objects: 100% (4/4), done.
Delta compression using up to 8 threads
Compressing objects: 100% (3/3), done.
Writing objects: 100% (3/3), 355 bytes | 355.00 KiB/s, done.
Total 3 (delta 0), reused 0 (delta 0), pack-reused 0 (from 0)
remote:
remote: Create a pull request for 'branch_1' on GitHub by visiting:
remote:      https://github.com/nguyenthithuylinh24174600012/24174600012_Nguyen_Thi_Thuy_Linh_bai_tap/pull/new/branch_1
remote:
To https://github.com/nguyenthithuylinh24174600012/24174600012_Nguyen_Thi_Thuy_Linh_bai_tap.git
 * [new branch]      branch_1 -> branch_1

ZenBook@DESKTOP-VA18119 MINGW64 ~/OneDrive/New folder/24174600012_Nguyen_Thi_Thuy_Linh_bai_tap (branch_1)
$ git checkout main
Switched to branch 'main'
Your branch is up to date with 'origin/main'.

ZenBook@DESKTOP-VA18119 MINGW64 ~/OneDrive/New folder/24174600012_Nguyen_Thi_Thuy_Linh_bai_tap (main)
$ git checkout -b branch_2
Switched to a new branch 'branch_2'

ZenBook@DESKTOP-VA18119 MINGW64 ~/OneDrive/New folder/24174600012_Nguyen_Thi_Thuy_Linh_bai_tap (branch_2)
$ echo "Praesent ullamcorper orci eu erat placerat sodales." > text_branch_2.txt

ZenBook@DESKTOP-VA18119 MINGW64 ~/OneDrive/New folder/24174600012_Nguyen_Thi_Thuy_Linh_bai_tap (branch_2)
$ git add text_branch_2.txt
warning: in the working copy of 'text_branch_2.txt', LF will be replaced by CRLF the next time Git touches it

ZenBook@DESKTOP-VA18119 MINGW64 ~/OneDrive/New folder/24174600012_Nguyen_Thi_Thuy_Linh_bai_tap (branch_2)
$ git commit -m "tao nhanh 2"
[branch_2 51e55fb] tao nhanh 2
 1 file changed, 1 insertion(+)
 create mode 100644 text_branch_2.txt

ZenBook@DESKTOP-VA18119 MINGW64 ~/OneDrive/New folder/24174600012_Nguyen_Thi_Thuy_Linh_bai_tap (branch_2)
$ git push origin branch_2
Enumerating objects: 4, done.
Counting objects: 100% (4/4), done.
Delta compression using up to 8 threads
Compressing objects: 100% (3/3), done.
Writing objects: 100% (3/3), 348 bytes | 348.00 KiB/s, done.
Total 3 (delta 0), reused 0 (delta 0), pack-reused 0 (from 0)
remote:
remote: Create a pull request for 'branch_2' on GitHub by visiting:
remote:      https://github.com/nguyenthithuylinh24174600012/24174600012_Nguyen_Thi_Thuy_Linh_bai_tap/pull/new/branch_2
remote:
To https://github.com/nguyenthithuylinh24174600012/24174600012_Nguyen_Thi_Thuy_Linh_bai_tap.git
 * [new branch]      branch_2 -> branch_2

ZenBook@DESKTOP-VA18119 MINGW64 ~/OneDrive/New folder/24174600012_Nguyen_Thi_Thuy_Linh_bai_tap (branch_2)
$ git checkout main
Switched to branch 'main'
Your branch is up to date with 'origin/main'.

ZenBook@DESKTOP-VA18119 MINGW64 ~/OneDrive/New folder/24174600012_Nguyen_Thi_Thuy_Linh_bai_tap (main)
$ git checkout -b branch_3
Switched to a new branch 'branch_3'

ZenBook@DESKTOP-VA18119 MINGW64 ~/OneDrive/New folder/24174600012_Nguyen_Thi_Thuy_Linh_bai_tap (branch_3)
$ echo "Integer sit amet nisi aliquam, tempor libero quis, cursus erat." > text_branch_3.txt

ZenBook@DESKTOP-VA18119 MINGW64 ~/OneDrive/New folder/24174600012_Nguyen_Thi_Thuy_Linh_bai_tap (branch_3)
$ git add text_branch_3.txt
warning: in the working copy of 'text_branch_3.txt', LF will be replaced by CRLF the next time Git touches it

ZenBook@DESKTOP-VA18119 MINGW64 ~/OneDrive/New folder/24174600012_Nguyen_Thi_Thuy_Linh_bai_tap (branch_3)
$ git commit -m "tao nhanh 3"
[branch_3 b2e304b] tao nhanh 3
 1 file changed, 1 insertion(+)
 create mode 100644 text_branch_3.txt

ZenBook@DESKTOP-VA18119 MINGW64 ~/OneDrive/New folder/24174600012_Nguyen_Thi_Thuy_Linh_bai_tap (branch_3)
$ git push origin branch_3
Enumerating objects: 4, done.
Counting objects: 100% (4/4), done.
Delta compression using up to 8 threads
Compressing objects: 100% (3/3), done.
Writing objects: 100% (3/3), 358 bytes | 358.00 KiB/s, done.
Total 3 (delta 0), reused 0 (delta 0), pack-reused 0 (from 0)
remote:
remote: Create a pull request for 'branch_3' on GitHub by visiting:
remote:      https://github.com/nguyenthithuylinh24174600012/24174600012_Nguyen_Thi_Thuy_Linh_bai_tap/pull/new/branch_3
remote:
To https://github.com/nguyenthithuylinh24174600012/24174600012_Nguyen_Thi_Thuy_Linh_bai_tap.git
 * [new branch]      branch_3 -> branch_3

ZenBook@DESKTOP-VA18119 MINGW64 ~/OneDrive/New folder/24174600012_Nguyen_Thi_Thuy_Linh_bai_tap (branch_3)
$ git checkout main
Switched to branch 'main'
Your branch is up to date with 'origin/main'.

ZenBook@DESKTOP-VA18119 MINGW64 ~/OneDrive/New folder/24174600012_Nguyen_Thi_Thuy_Linh_bai_tap (main)
$ git checkout -b "branch_4"
Switched to a new branch 'branch_4'

ZenBook@DESKTOP-VA18119 MINGW64 ~/OneDrive/New folder/24174600012_Nguyen_Thi_Thuy_Linh_bai_tap (branch_4)
$ echo "Cras ac mi nec nisi porta ultrices sed non ante." > text_branch_4.txt

ZenBook@DESKTOP-VA18119 MINGW64 ~/OneDrive/New folder/24174600012_Nguyen_Thi_Thuy_Linh_bai_tap (branch_4)
$ git add text_branch_4.txt
warning: in the working copy of 'text_branch_4.txt', LF will be replaced by CRLF the next time Git touches it

ZenBook@DESKTOP-VA18119 MINGW64 ~/OneDrive/New folder/24174600012_Nguyen_Thi_Thuy_Linh_bai_tap (branch_4)
$ git commit -m "tao nhanh 4"
[branch_4 10fb328] tao nhanh 4
 1 file changed, 1 insertion(+)
 create mode 100644 text_branch_4.txt

ZenBook@DESKTOP-VA18119 MINGW64 ~/OneDrive/New folder/24174600012_Nguyen_Thi_Thuy_Linh_bai_tap (branch_4)
$ git push origin branch_4
Enumerating objects: 4, done.
Counting objects: 100% (4/4), done.
Delta compression using up to 8 threads
Compressing objects: 100% (2/2), done.
Writing objects: 100% (3/3), 349 bytes | 349.00 KiB/s, done.
Total 3 (delta 0), reused 0 (delta 0), pack-reused 0 (from 0)
remote:
remote: Create a pull request for 'branch_4' on GitHub by visiting:
remote:      https://github.com/nguyenthithuylinh24174600012/24174600012_Nguyen_Thi_Thuy_Linh_bai_tap/pull/new/branch_4
remote:
To https://github.com/nguyenthithuylinh24174600012/24174600012_Nguyen_Thi_Thuy_Linh_bai_tap.git
 * [new branch]      branch_4 -> branch_4

ZenBook@DESKTOP-VA18119 MINGW64 ~/OneDrive/New folder/24174600012_Nguyen_Thi_Thuy_Linh_bai_tap (branch_4)
$ git init
Reinitialized existing Git repository in C:/Users/ZenBook/OneDrive/New folder/24174600012_Nguyen_Thi_Thuy_Linh_bai_tap/.git/

ZenBook@DESKTOP-VA18119 MINGW64 ~/OneDrive/New folder/24174600012_Nguyen_Thi_Thuy_Linh_bai_tap (branch_4)
$ git checkout main
Switched to branch 'main'
Your branch is up to date with 'origin/main'.

ZenBook@DESKTOP-VA18119 MINGW64 ~/OneDrive/New folder/24174600012_Nguyen_Thi_Thuy_Linh_bai_tap (main)
$ git branch -d branch_4
error: the branch 'branch_4' is not fully merged
hint: If you are sure you want to delete it, run 'git branch -D branch_4'
hint: Disable this message with "git config advice.forceDeleteBranch false"

ZenBook@DESKTOP-VA18119 MINGW64 ~/OneDrive/New folder/24174600012_Nguyen_Thi_Thuy_Linh_bai_tap (main)
$ git branch -D branch_4
Deleted branch branch_4 (was 10fb328).

ZenBook@DESKTOP-VA18119 MINGW64 ~/OneDrive/New folder/24174600012_Nguyen_Thi_Thuy_Linh_bai_tap (main)
$ git branch -l
  branch_1
  branch_2
  branch_3
* main

ZenBook@DESKTOP-VA18119 MINGW64 ~/OneDrive/New folder/24174600012_Nguyen_Thi_Thuy_Linh_bai_tap (main)
$ git init
Reinitialized existing Git repository in C:/Users/ZenBook/OneDrive/New folder/24174600012_Nguyen_Thi_Thuy_Linh_bai_tap/.git/

ZenBook@DESKTOP-VA18119 MINGW64 ~/OneDrive/New folder/24174600012_Nguyen_Thi_Thuy_Linh_bai_tap (main)
$ git pull origin main
From https://github.com/nguyenthithuylinh24174600012/24174600012_Nguyen_Thi_Thuy_Linh_bai_tap
 * branch            main       -> FETCH_HEAD
Already up to date.

ZenBook@DESKTOP-VA18119 MINGW64 ~/OneDrive/New folder/24174600012_Nguyen_Thi_Thuy_Linh_bai_tap (main)
$ git init
Reinitialized existing Git repository in C:/Users/ZenBook/OneDrive/New folder/24174600012_Nguyen_Thi_Thuy_Linh_bai_tap/.git/

ZenBook@DESKTOP-VA18119 MINGW64 ~/OneDrive/New folder/24174600012_Nguyen_Thi_Thuy_Linh_bai_tap (main)
$ mkdir main_folder

ZenBook@DESKTOP-VA18119 MINGW64 ~/OneDrive/New folder/24174600012_Nguyen_Thi_Thuy_Linh_bai_tap (main)
$ cd main_folder

ZenBook@DESKTOP-VA18119 MINGW64 ~/OneDrive/New folder/24174600012_Nguyen_Thi_Thuy_Linh_bai_tap/main_folder (main)
$ touch main_txt_1.txt

ZenBook@DESKTOP-VA18119 MINGW64 ~/OneDrive/New folder/24174600012_Nguyen_Thi_Thuy_Linh_bai_tap/main_folder (main)
$ touch main_txt_2.txt

ZenBook@DESKTOP-VA18119 MINGW64 ~/OneDrive/New folder/24174600012_Nguyen_Thi_Thuy_Linh_bai_tap/main_folder (main)
$ touch main_txt_3.txt

ZenBook@DESKTOP-VA18119 MINGW64 ~/OneDrive/New folder/24174600012_Nguyen_Thi_Thuy_Linh_bai_tap/main_folder (main)
$ git add main_txt_1.txt main_txt_2.txt main_txt_3.txt

ZenBook@DESKTOP-VA18119 MINGW64 ~/OneDrive/New folder/24174600012_Nguyen_Thi_Thuy_Linh_bai_tap/main_folder (main)
$ git commit -m "Thêm các tệp tin vào main_folder"
[main 8d9d846] Thêm các tệp tin vào main_folder
 3 files changed, 0 insertions(+), 0 deletions(-)
 create mode 100644 main_folder/main_txt_1.txt
 create mode 100644 main_folder/main_txt_2.txt
 create mode 100644 main_folder/main_txt_3.txt

ZenBook@DESKTOP-VA18119 MINGW64 ~/OneDrive/New folder/24174600012_Nguyen_Thi_Thuy_Linh_bai_tap/main_folder (main)
$ git push origin main
Enumerating objects: 5, done.
Counting objects: 100% (5/5), done.
Delta compression using up to 8 threads
Compressing objects: 100% (3/3), done.
Writing objects: 100% (4/4), 388 bytes | 388.00 KiB/s, done.
Total 4 (delta 0), reused 0 (delta 0), pack-reused 0 (from 0)
To https://github.com/nguyenthithuylinh24174600012/24174600012_Nguyen_Thi_Thuy_Linh_bai_tap.git
   838a081..8d9d846  main -> main

ZenBook@DESKTOP-VA18119 MINGW64 ~/OneDrive/New folder/24174600012_Nguyen_Thi_Thuy_Linh_bai_tap/main_folder (main)
$ git branch -l
  branch_1
  branch_2
  branch_3
* main

ZenBook@DESKTOP-VA18119 MINGW64 ~/OneDrive/New folder/24174600012_Nguyen_Thi_Thuy_Linh_bai_tap/main_folder (main)
$ git checkout branch_1
Switched to branch 'branch_1'

ZenBook@DESKTOP-VA18119 MINGW64 ~/OneDrive/New folder/24174600012_Nguyen_Thi_Thuy_Linh_bai_tap/main_folder (branch_1)
$ git pull origin branch_1
From https://github.com/nguyenthithuylinh24174600012/24174600012_Nguyen_Thi_Thuy_Linh_bai_tap
 * branch            branch_1   -> FETCH_HEAD
Already up to date.

ZenBook@DESKTOP-VA18119 MINGW64 ~/OneDrive/New folder/24174600012_Nguyen_Thi_Thuy_Linh_bai_tap/main_folder (branch_1)
$ git checkout branch_2
Switched to branch 'branch_2'

ZenBook@DESKTOP-VA18119 MINGW64 ~/OneDrive/New folder/24174600012_Nguyen_Thi_Thuy_Linh_bai_tap/main_folder (branch_2)
$ git pull origin branch_2
From https://github.com/nguyenthithuylinh24174600012/24174600012_Nguyen_Thi_Thuy_Linh_bai_tap
 * branch            branch_2   -> FETCH_HEAD
Already up to date.

ZenBook@DESKTOP-VA18119 MINGW64 ~/OneDrive/New folder/24174600012_Nguyen_Thi_Thuy_Linh_bai_tap/main_folder (branch_2)
$ git checkout branch_3
Switched to branch 'branch_3'

ZenBook@DESKTOP-VA18119 MINGW64 ~/OneDrive/New folder/24174600012_Nguyen_Thi_Thuy_Linh_bai_tap/main_folder (branch_3)
$ git pull origin branch_3
From https://github.com/nguyenthithuylinh24174600012/24174600012_Nguyen_Thi_Thuy_Linh_bai_tap
 * branch            branch_3   -> FETCH_HEAD
Already up to date.

ZenBook@DESKTOP-VA18119 MINGW64 ~/OneDrive/New folder/24174600012_Nguyen_Thi_Thuy_Linh_bai_tap/main_folder (branch_3)
$ git checkout main
Switched to branch 'main'
Your branch is up to date with 'origin/main'.

ZenBook@DESKTOP-VA18119 MINGW64 ~/OneDrive/New folder/24174600012_Nguyen_Thi_Thuy_Linh_bai_tap/main_folder (main)
$ git checkout branch_1
Switched to branch 'branch_1'

ZenBook@DESKTOP-VA18119 MINGW64 ~/OneDrive/New folder/24174600012_Nguyen_Thi_Thuy_Linh_bai_tap/main_folder (branch_1)
$ git checkout -b branch_5
Switched to a new branch 'branch_5'

ZenBook@DESKTOP-VA18119 MINGW64 ~/OneDrive/New folder/24174600012_Nguyen_Thi_Thuy_Linh_bai_tap/main_folder (branch_5)
$ echo "Etiam malesuada felis nulla, ac porta dui sollicitudin eget. Mauris hendrerit non metus
eget pellentesque. Etiam ornare ante at pretium hendrerit. Proin molestie accumsan sapien, ac
finibus libero lobortis quis. Praesent ac commodo eros. Nullam malesuada v el dui nec feugiat.
Cras justo ipsum, scelerisque et elit vitae, porttitor tristique turpis. Nam ut hendrerit est. Nulla
sed tincidunt nibh. Class aptent taciti sociosqu ad litora torquent per conubia nostra, per
inceptos himenaeos. Quisque vitae egestas lacus. Phasellus turpis ante, euismod quis
pellentesque et, pharetra id ligula. Vestibulum mattis sem ac ligula auctor viverra. Phasellus
dignissim mollis leo, vitae tristique enim." > text_branch_1.txt

ZenBook@DESKTOP-VA18119 MINGW64 ~/OneDrive/New folder/24174600012_Nguyen_Thi_Thuy_Linh_bai_tap/main_folder (branch_5)
$ git add .
warning: in the working copy of 'main_folder/text_branch_1.txt', LF will be replaced by CRLF the next time Git touches it

ZenBook@DESKTOP-VA18119 MINGW64 ~/OneDrive/New folder/24174600012_Nguyen_Thi_Thuy_Linh_bai_tap/main_folder (branch_5)
$ git commit -m "cap nhat tep text_branch_1.txt"
[branch_5 40cbc2a] cap nhat tep text_branch_1.txt
 1 file changed, 8 insertions(+)
 create mode 100644 main_folder/text_branch_1.txt

ZenBook@DESKTOP-VA18119 MINGW64 ~/OneDrive/New folder/24174600012_Nguyen_Thi_Thuy_Linh_bai_tap/main_folder (branch_5)
$ git push origin branch_5
Enumerating objects: 5, done.
Counting objects: 100% (5/5), done.
Delta compression using up to 8 threads
Compressing objects: 100% (3/3), done.
Writing objects: 100% (4/4), 790 bytes | 790.00 KiB/s, done.
Total 4 (delta 0), reused 0 (delta 0), pack-reused 0 (from 0)
remote:
remote: Create a pull request for 'branch_5' on GitHub by visiting:
remote:      https://github.com/nguyenthithuylinh24174600012/24174600012_Nguyen_Thi_Thuy_Linh_bai_tap/pull/new/branch_5
remote:
To https://github.com/nguyenthithuylinh24174600012/24174600012_Nguyen_Thi_Thuy_Linh_bai_tap.git
 * [new branch]      branch_5 -> branch_5

ZenBook@DESKTOP-VA18119 MINGW64 ~/OneDrive/New folder/24174600012_Nguyen_Thi_Thuy_Linh_bai_tap/main_folder (branch_5)
$ git checkout main
Switched to branch 'main'
Your branch is up to date with 'origin/main'.

ZenBook@DESKTOP-VA18119 MINGW64 ~/OneDrive/New folder/24174600012_Nguyen_Thi_Thuy_Linh_bai_tap/main_folder (main)
$ git branch -d branch_5
error: the branch 'branch_5' is not fully merged
hint: If you are sure you want to delete it, run 'git branch -D branch_5'
hint: Disable this message with "git config advice.forceDeleteBranch false"

ZenBook@DESKTOP-VA18119 MINGW64 ~/OneDrive/New folder/24174600012_Nguyen_Thi_Thuy_Linh_bai_tap/main_folder (main)
$ git branch -D branch_5
Deleted branch branch_5 (was 40cbc2a).

ZenBook@DESKTOP-VA18119 MINGW64 ~/OneDrive/New folder/24174600012_Nguyen_Thi_Thuy_Linh_bai_tap/main_folder (main)
$ git push origin --delete branch_5
To https://github.com/nguyenthithuylinh24174600012/24174600012_Nguyen_Thi_Thuy_Linh_bai_tap.git
 - [deleted]         branch_5

ZenBook@DESKTOP-VA18119 MINGW64 ~/OneDrive/New folder/24174600012_Nguyen_Thi_Thuy_Linh_bai_tap/main_folder (main)
$ git pull origin main
remote: Enumerating objects: 20, done.
remote: Counting objects: 100% (20/20), done.
remote: Compressing objects: 100% (13/13), done.
remote: Total 14 (delta 5), reused 3 (delta 0), pack-reused 0 (from 0)
Unpacking objects: 100% (14/14), 5.39 KiB | 72.00 KiB/s, done.
From https://github.com/nguyenthithuylinh24174600012/24174600012_Nguyen_Thi_Thuy_Linh_bai_tap
 * branch            main       -> FETCH_HEAD
   8d9d846..4e8249d  main       -> origin/main
Updating 8d9d846..4e8249d
Fast-forward
 main_folder/text_branch_1.txt | 8 ++++++++
 text_branch_1.txt             | 1 +
 text_branch_2.txt             | 1 +
 text_branch_3.txt             | 1 +
 text_branch_4.txt             | 1 +
 5 files changed, 12 insertions(+)
 create mode 100644 main_folder/text_branch_1.txt
 create mode 100644 text_branch_1.txt
 create mode 100644 text_branch_2.txt
 create mode 100644 text_branch_3.txt
 create mode 100644 text_branch_4.txt

ZenBook@DESKTOP-VA18119 MINGW64 ~/OneDrive/New folder/24174600012_Nguyen_Thi_Thuy_Linh_bai_tap/main_folder (main)
$ git checkout main
Already on 'main'
Your branch is up to date with 'origin/main'.

ZenBook@DESKTOP-VA18119 MINGW64 ~/OneDrive/New folder/24174600012_Nguyen_Thi_Thuy_Linh_bai_tap/main_folder (main)
$ git pull origin main
From https://github.com/nguyenthithuylinh24174600012/24174600012_Nguyen_Thi_Thuy_Linh_bai_tap
 * branch            main       -> FETCH_HEAD
Already up to date.

ZenBook@DESKTOP-VA18119 MINGW64 ~/OneDrive/New folder/24174600012_Nguyen_Thi_Thuy_Linh_bai_tap/main_folder (main)
$ git pull origin main
From https://github.com/nguyenthithuylinh24174600012/24174600012_Nguyen_Thi_Thuy_Linh_bai_tap
 * branch            main       -> FETCH_HEAD
Already up to date.

ZenBook@DESKTOP-VA18119 MINGW64 ~/OneDrive/New folder/24174600012_Nguyen_Thi_Thuy_Linh_bai_tap/main_folder (main)
$ ls
main_txt_1.txt  main_txt_2.txt  main_txt_3.txt  text_branch_1.txt

ZenBook@DESKTOP-VA18119 MINGW64 ~/OneDrive/New folder/24174600012_Nguyen_Thi_Thuy_Linh_bai_tap/main_folder (main)
$ git branch -d branch_2
Deleted branch branch_2 (was 51e55fb).

ZenBook@DESKTOP-VA18119 MINGW64 ~/OneDrive/New folder/24174600012_Nguyen_Thi_Thuy_Linh_bai_tap/main_folder (main)
$ git branch-d branch_3
git: 'branch-d' is not a git command. See 'git --help'.

ZenBook@DESKTOP-VA18119 MINGW64 ~/OneDrive/New folder/24174600012_Nguyen_Thi_Thuy_Linh_bai_tap/main_folder (main)
$ git branch -d branch_3
Deleted branch branch_3 (was b2e304b).

ZenBook@DESKTOP-VA18119 MINGW64 ~/OneDrive/New folder/24174600012_Nguyen_Thi_Thuy_Linh_bai_tap/main_folder (main)
$ git branch -d branch_4
error: branch 'branch_4' not found

ZenBook@DESKTOP-VA18119 MINGW64 ~/OneDrive/New folder/24174600012_Nguyen_Thi_Thuy_Linh_bai_tap/main_folder (main)
$ git branch -D branch_4
error: branch 'branch_4' not found

ZenBook@DESKTOP-VA18119 MINGW64 ~/OneDrive/New folder/24174600012_Nguyen_Thi_Thuy_Linh_bai_tap/main_folder (main)
$ git branch -d branch_4
error: branch 'branch_4' not found

ZenBook@DESKTOP-VA18119 MINGW64 ~/OneDrive/New folder/24174600012_Nguyen_Thi_Thuy_Linh_bai_tap/main_folder (main)
$ it push origin --delete branch_2
bash: it: command not found

ZenBook@DESKTOP-VA18119 MINGW64 ~/OneDrive/New folder/24174600012_Nguyen_Thi_Thuy_Linh_bai_tap/main_folder (main)
$ git push origin --delete branch_3
To https://github.com/nguyenthithuylinh24174600012/24174600012_Nguyen_Thi_Thuy_Linh_bai_tap.git
 - [deleted]         branch_3

ZenBook@DESKTOP-VA18119 MINGW64 ~/OneDrive/New folder/24174600012_Nguyen_Thi_Thuy_Linh_bai_tap/main_folder (main)
$ git push origin --delete branch_4
To https://github.com/nguyenthithuylinh24174600012/24174600012_Nguyen_Thi_Thuy_Linh_bai_tap.git
 - [deleted]         branch_4

ZenBook@DESKTOP-VA18119 MINGW64 ~/OneDrive/New folder/24174600012_Nguyen_Thi_Thuy_Linh_bai_tap/main_folder (main)
$ git checkout branch_1
Switched to branch 'branch_1'

ZenBook@DESKTOP-VA18119 MINGW64 ~/OneDrive/New folder/24174600012_Nguyen_Thi_Thuy_Linh_bai_tap/main_folder (branch_1)
$ git pull origin main
From https://github.com/nguyenthithuylinh24174600012/24174600012_Nguyen_Thi_Thuy_Linh_bai_tap
 * branch            main       -> FETCH_HEAD
Updating 58982c9..4e8249d
Fast-forward
 main_folder/main_txt_1.txt    | 0
 main_folder/main_txt_2.txt    | 0
 main_folder/main_txt_3.txt    | 0
 main_folder/text_branch_1.txt | 8 ++++++++
 text_branch_2.txt             | 1 +
 text_branch_3.txt             | 1 +
 text_branch_4.txt             | 1 +
 7 files changed, 11 insertions(+)
 create mode 100644 main_folder/main_txt_1.txt
 create mode 100644 main_folder/main_txt_2.txt
 create mode 100644 main_folder/main_txt_3.txt
 create mode 100644 main_folder/text_branch_1.txt
 create mode 100644 text_branch_2.txt
 create mode 100644 text_branch_3.txt
 create mode 100644 text_branch_4.txt

ZenBook@DESKTOP-VA18119 MINGW64 ~/OneDrive/New folder/24174600012_Nguyen_Thi_Thuy_Linh_bai_tap/main_folder (branch_1)
$ git push origin branch_1
Total 0 (delta 0), reused 0 (delta 0), pack-reused 0 (from 0)
To https://github.com/nguyenthithuylinh24174600012/24174600012_Nguyen_Thi_Thuy_Linh_bai_tap.git
   3f9ddb3..4e8249d  branch_1 -> branch_1

ZenBook@DESKTOP-VA18119 MINGW64 ~/OneDrive/New folder/24174600012_Nguyen_Thi_Thuy_Linh_bai_tap/main_folder (branch_1)
$
