
DUONG UYEN@HuuDang06 MINGW64 ~/GIT GITHUB (master)
$ git clone https://github.com/NHHDang18A1/24174600038_Nguyen_Huu_Hai_Dang_bai_tap.git
Cloning into '24174600038_Nguyen_Huu_Hai_Dang_bai_tap'...
remote: Enumerating objects: 3, done.
remote: Counting objects: 100% (3/3), done.
remote: Compressing objects: 100% (2/2), done.
remote: Total 3 (delta 0), reused 0 (delta 0), pack-reused 0 (from 0)
Receiving objects: 100% (3/3), done.

DUONG UYEN@HuuDang06 MINGW64 ~/GIT GITHUB (master)
$ cd 24174600038_Nguyen_Huu_Hai_Dang_bai_tap

DUONG UYEN@HuuDang06 MINGW64 ~/GIT GITHUB/24174600038_Nguyen_Huu_Hai_Dang_bai_tap (main)
$ echo "bai tap 1 git"
bai tap 1 git

DUONG UYEN@HuuDang06 MINGW64 ~/GIT GITHUB/24174600038_Nguyen_Huu_Hai_Dang_bai_tap (main)
$ echo "bai tap 1 git" > caulenh.txt

DUONG UYEN@HuuDang06 MINGW64 ~/GIT GITHUB/24174600038_Nguyen_Huu_Hai_Dang_bai_tap (main)
$ git add .
warning: in the working copy of 'caulenh.txt', LF will be replaced by CRLF the next time Git touches it

DUONG UYEN@HuuDang06 MINGW64 ~/GIT GITHUB/24174600038_Nguyen_Huu_Hai_Dang_bai_tap (main)
$ git commit -m "tao file moi"
[main dc38589] tao file moi
 1 file changed, 1 insertion(+)
 create mode 100644 caulenh.txt

DUONG UYEN@HuuDang06 MINGW64 ~/GIT GITHUB/24174600038_Nguyen_Huu_Hai_Dang_bai_tap (main)
$ git push origin
Enumerating objects: 4, done.
Counting objects: 100% (4/4), done.
Delta compression using up to 8 threads
Compressing objects: 100% (2/2), done.
Writing objects: 100% (3/3), 297 bytes | 297.00 KiB/s, done.
Total 3 (delta 0), reused 0 (delta 0), pack-reused 0 (from 0)
To https://github.com/NHHDang18A1/24174600038_Nguyen_Huu_Hai_Dang_bai_tap.git
   c70315b..dc38589  main -> main

DUONG UYEN@HuuDang06 MINGW64 ~/GIT GITHUB/24174600038_Nguyen_Huu_Hai_Dang_bai_tap (main)
$ git branch text_branch_1

DUONG UYEN@HuuDang06 MINGW64 ~/GIT GITHUB/24174600038_Nguyen_Huu_Hai_Dang_bai_tap (main)
$ git branch -b text_branch_1
error: unknown switch `b'
usage: git branch [<options>] [-r | -a] [--merged] [--no-merged]
   or: git branch [<options>] [-f] [--recurse-submodules] <branch-name> [<start-point>]
   or: git branch [<options>] [-l] [<pattern>...]
   or: git branch [<options>] [-r] (-d | -D) <branch-name>...
   or: git branch [<options>] (-m | -M) [<old-branch>] <new-branch>
   or: git branch [<options>] (-c | -C) [<old-branch>] <new-branch>
   or: git branch [<options>] [-r | -a] [--points-at]
   or: git branch [<options>] [-r | -a] [--format]

Generic options
    -v, --[no-]verbose    show hash and subject, give twice for upstream branch
    -q, --[no-]quiet      suppress informational messages
    -t, --[no-]track[=(direct|inherit)]
                          set branch tracking configuration
    -u, --[no-]set-upstream-to <upstream>
                          change the upstream info
    --[no-]unset-upstream unset the upstream info
    --[no-]color[=<when>] use colored output
    -r, --remotes         act on remote-tracking branches
    --contains <commit>   print only branches that contain the commit
    --no-contains <commit>
                          print only branches that don't contain the commit
    --[no-]abbrev[=<n>]   use <n> digits to display object names

Specific git-branch actions:
    -a, --all             list both remote-tracking and local branches
    -d, --[no-]delete     delete fully merged branch
    -D                    delete branch (even if not merged)
    -m, --[no-]move       move/rename a branch and its reflog
    -M                    move/rename a branch, even if target exists
    --[no-]omit-empty     do not output a newline after empty formatted refs
    -c, --[no-]copy       copy a branch and its reflog
    -C                    copy a branch, even if target exists
    -l, --[no-]list       list branch names
    --[no-]show-current   show current branch name
    --[no-]create-reflog  create the branch's reflog
    --[no-]edit-description
                          edit the description for the branch
    -f, --[no-]force      force creation, move/rename, deletion
    --merged <commit>     print only branches that are merged
    --no-merged <commit>  print only branches that are not merged
    --[no-]column[=<style>]
                          list branches in columns
    --[no-]sort <key>     field name to sort on
    --[no-]points-at <object>
                          print only branches of the object
    -i, --[no-]ignore-case
                          sorting and filtering are case insensitive
    --[no-]recurse-submodules
                          recurse through submodules
    --[no-]format <format>
                          format to use for the output


DUONG UYEN@HuuDang06 MINGW64 ~/GIT GITHUB/24174600038_Nguyen_Huu_Hai_Dang_bai_tap (main)
$ git branch -l text_branch_1
  text_branch_1

DUONG UYEN@HuuDang06 MINGW64 ~/GIT GITHUB/24174600038_Nguyen_Huu_Hai_Dang_bai_tap (main)
$ git branch -l* text_branch_1
error: unknown switch `*'
usage: git branch [<options>] [-r | -a] [--merged] [--no-merged]
   or: git branch [<options>] [-f] [--recurse-submodules] <branch-name> [<start-point>]
   or: git branch [<options>] [-l] [<pattern>...]
   or: git branch [<options>] [-r] (-d | -D) <branch-name>...
   or: git branch [<options>] (-m | -M) [<old-branch>] <new-branch>
   or: git branch [<options>] (-c | -C) [<old-branch>] <new-branch>
   or: git branch [<options>] [-r | -a] [--points-at]
   or: git branch [<options>] [-r | -a] [--format]

Generic options
    -v, --[no-]verbose    show hash and subject, give twice for upstream branch
    -q, --[no-]quiet      suppress informational messages
    -t, --[no-]track[=(direct|inherit)]
                          set branch tracking configuration
    -u, --[no-]set-upstream-to <upstream>
                          change the upstream info
    --[no-]unset-upstream unset the upstream info
    --[no-]color[=<when>] use colored output
    -r, --remotes         act on remote-tracking branches
    --contains <commit>   print only branches that contain the commit
    --no-contains <commit>
                          print only branches that don't contain the commit
    --[no-]abbrev[=<n>]   use <n> digits to display object names

Specific git-branch actions:
    -a, --all             list both remote-tracking and local branches
    -d, --[no-]delete     delete fully merged branch
    -D                    delete branch (even if not merged)
    -m, --[no-]move       move/rename a branch and its reflog
    -M                    move/rename a branch, even if target exists
    --[no-]omit-empty     do not output a newline after empty formatted refs
    -c, --[no-]copy       copy a branch and its reflog
    -C                    copy a branch, even if target exists
    -l, --[no-]list       list branch names
    --[no-]show-current   show current branch name
    --[no-]create-reflog  create the branch's reflog
    --[no-]edit-description
                          edit the description for the branch
    -f, --[no-]force      force creation, move/rename, deletion
    --merged <commit>     print only branches that are merged
    --no-merged <commit>  print only branches that are not merged
    --[no-]column[=<style>]
                          list branches in columns
    --[no-]sort <key>     field name to sort on
    --[no-]points-at <object>
                          print only branches of the object
    -i, --[no-]ignore-case
                          sorting and filtering are case insensitive
    --[no-]recurse-submodules
                          recurse through submodules
    --[no-]format <format>
                          format to use for the output


DUONG UYEN@HuuDang06 MINGW64 ~/GIT GITHUB/24174600038_Nguyen_Huu_Hai_Dang_bai_tap (main)
$ git checkout text_branch_1
Switched to branch 'text_branch_1'

DUONG UYEN@HuuDang06 MINGW64 ~/GIT GITHUB/24174600038_Nguyen_Huu_Hai_Dang_bai_tap (text_branch_1)
$ ls
README.md  caulenh.txt

DUONG UYEN@HuuDang06 MINGW64 ~/GIT GITHUB/24174600038_Nguyen_Huu_Hai_Dang_bai_tap (text_branch_1)

DUONG UYEN@HuuDang06 MINGW64 ~/GIT GITHUB/24174600038_Nguyen_Huu_Hai_Dang_bai_tap (main)
$ git checkout branch_1
Switched to branch 'branch_1'
Your branch is up to date with 'origin/branch_1'.

DUONG UYEN@HuuDang06 MINGW64 ~/GIT GITHUB/24174600038_Nguyen_Huu_Hai_Dang_bai_tap (branch_1)
$ echo "Lorem ipsum dolor sit amet, consectetur adipiscing elit. " > text_branch_1

DUONG UYEN@HuuDang06 MINGW64 ~/GIT GITHUB/24174600038_Nguyen_Huu_Hai_Dang_bai_tap (branch_1)
$ git add .
warning: in the working copy of 'text_branch_1', LF will be replaced by CRLF the next time Git touches it

DUONG UYEN@HuuDang06 MINGW64 ~/GIT GITHUB/24174600038_Nguyen_Huu_Hai_Dang_bai_tap (branch_1)
$ git commit -m "nhanh_1_bai_3"
On branch branch_1
Your branch is up to date with 'origin/branch_1'.

nothing to commit, working tree clean

DUONG UYEN@HuuDang06 MINGW64 ~/GIT GITHUB/24174600038_Nguyen_Huu_Hai_Dang_bai_tap (branch_1)
$ git púh ỏigin
git: 'púh' is not a git command. See 'git --help'.

The most similar command is
        push

DUONG UYEN@HuuDang06 MINGW64 ~/GIT GITHUB/24174600038_Nguyen_Huu_Hai_Dang_bai_tap (branch_1)
$ git push origin
Everything up-to-date

DUONG UYEN@HuuDang06 MINGW64 ~/GIT GITHUB/24174600038_Nguyen_Huu_Hai_Dang_bai_tap (branch_1)
$ git checkout -b branch_2
Switched to a new branch 'branch_2'

DUONG UYEN@HuuDang06 MINGW64 ~/GIT GITHUB/24174600038_Nguyen_Huu_Hai_Dang_bai_tap (branch_2)
$ echo "Praesent ullamcorper orci eu erat placerat sodales.
" > text_branch_2

DUONG UYEN@HuuDang06 MINGW64 ~/GIT GITHUB/24174600038_Nguyen_Huu_Hai_Dang_bai_tap (branch_2)
$ git add .
warning: in the working copy of 'text_branch_2', LF will be replaced by CRLF the next time Git touches it

DUONG UYEN@HuuDang06 MINGW64 ~/GIT GITHUB/24174600038_Nguyen_Huu_Hai_Dang_bai_tap (branch_2)
$ git push origin
fatal: The current branch branch_2 has no upstream branch.
To push the current branch and set the remote as upstream, use

    git push --set-upstream origin branch_2

To have this happen automatically for branches without a tracking
upstream, see 'push.autoSetupRemote' in 'git help config'.


DUONG UYEN@HuuDang06 MINGW64 ~/GIT GITHUB/24174600038_Nguyen_Huu_Hai_Dang_bai_tap (branch_2)
$ git push --set-upstream origin branch_2
Total 0 (delta 0), reused 0 (delta 0), pack-reused 0 (from 0)
remote:
remote: Create a pull request for 'branch_2' on GitHub by visiting:
remote:      https://github.com/NHHDang18A1/24174600038_Nguyen_Huu_Hai_Dang_bai_tap/pull/new/branch_2
remote:
To https://github.com/NHHDang18A1/24174600038_Nguyen_Huu_Hai_Dang_bai_tap.git
 * [new branch]      branch_2 -> branch_2
branch 'branch_2' set up to track 'origin/branch_2'.

DUONG UYEN@HuuDang06 MINGW64 ~/GIT GITHUB/24174600038_Nguyen_Huu_Hai_Dang_bai_tap (branch_2)
$ git checkout -d branch_2
HEAD is now at b073af9 bai_tap_3_nhanh_1
A       text_branch_2

DUONG UYEN@HuuDang06 MINGW64 ~/GIT GITHUB/24174600038_Nguyen_Huu_Hai_Dang_bai_tap ((b073af9...))
$ git branch -d branch_2
Deleted branch branch_2 (was b073af9).

DUONG UYEN@HuuDang06 MINGW64 ~/GIT GITHUB/24174600038_Nguyen_Huu_Hai_Dang_bai_tap ((b073af9...))
$ git checkout main
Previous HEAD position was b073af9 bai_tap_3_nhanh_1
Switched to branch 'main'
A       text_branch_2
Your branch is up to date with 'origin/main'.

DUONG UYEN@HuuDang06 MINGW64 ~/GIT GITHUB/24174600038_Nguyen_Huu_Hai_Dang_bai_tap (main)
$ git checkout branch_2
Switched to a new branch 'branch_2'
A       text_branch_2
branch 'branch_2' set up to track 'origin/branch_2'.

DUONG UYEN@HuuDang06 MINGW64 ~/GIT GITHUB/24174600038_Nguyen_Huu_Hai_Dang_bai_tap (branch_2)
$ echo "Praesent ullamcorper orci eu erat placerat sodales.
" > text_branch_2.txt

DUONG UYEN@HuuDang06 MINGW64 ~/GIT GITHUB/24174600038_Nguyen_Huu_Hai_Dang_bai_tap (branch_2)
$ git add .
warning: in the working copy of 'text_branch_2.txt', LF will be replaced by CRLF the next time Git touches it

DUONG UYEN@HuuDang06 MINGW64 ~/GIT GITHUB/24174600038_Nguyen_Huu_Hai_Dang_bai_tap (branch_2)
$ git commit -m "tao nhanh 2"
[branch_2 59b2c83] tao nhanh 2
 2 files changed, 4 insertions(+)
 create mode 100644 text_branch_2
 create mode 100644 text_branch_2.txt

DUONG UYEN@HuuDang06 MINGW64 ~/GIT GITHUB/24174600038_Nguyen_Huu_Hai_Dang_bai_tap (branch_2)
$ git push origin
Enumerating objects: 4, done.
Counting objects: 100% (4/4), done.
Delta compression using up to 8 threads
Compressing objects: 100% (3/3), done.
Writing objects: 100% (3/3), 402 bytes | 402.00 KiB/s, done.
Total 3 (delta 0), reused 0 (delta 0), pack-reused 0 (from 0)
remote:
remote: Create a pull request for 'branch_2' on GitHub by visiting:
remote:      https://github.com/NHHDang18A1/24174600038_Nguyen_Huu_Hai_Dang_bai_tap/pull/new/branch_2
remote:
To https://github.com/NHHDang18A1/24174600038_Nguyen_Huu_Hai_Dang_bai_tap.git
 * [new branch]      branch_2 -> branch_2

DUONG UYEN@HuuDang06 MINGW64 ~/GIT GITHUB/24174600038_Nguyen_Huu_Hai_Dang_bai_tap (branch_2)
$ git rm text_branch_1
rm 'text_branch_1'

DUONG UYEN@HuuDang06 MINGW64 ~/GIT GITHUB/24174600038_Nguyen_Huu_Hai_Dang_bai_tap (branch_2)
$ git commit -m "text_branch_1"
[branch_2 4e3349d] text_branch_1
 1 file changed, 1 deletion(-)
 delete mode 100644 text_branch_1

DUONG UYEN@HuuDang06 MINGW64 ~/GIT GITHUB/24174600038_Nguyen_Huu_Hai_Dang_bai_tap (branch_2)
$ git rm -f "text_branch_1"
fatal: pathspec 'text_branch_1' did not match any files

DUONG UYEN@HuuDang06 MINGW64 ~/GIT GITHUB/24174600038_Nguyen_Huu_Hai_Dang_bai_tap (branch_2)
$ git push origin
Enumerating objects: 3, done.
Counting objects: 100% (3/3), done.
Delta compression using up to 8 threads
Compressing objects: 100% (2/2), done.
Writing objects: 100% (2/2), 232 bytes | 232.00 KiB/s, done.
Total 2 (delta 1), reused 0 (delta 0), pack-reused 0 (from 0)
remote: Resolving deltas: 100% (1/1), completed with 1 local object.
To https://github.com/NHHDang18A1/24174600038_Nguyen_Huu_Hai_Dang_bai_tap.git
   59b2c83..4e3349d  branch_2 -> branch_2

DUONG UYEN@HuuDang06 MINGW64 ~/GIT GITHUB/24174600038_Nguyen_Huu_Hai_Dang_bai_tap (branch_2)
$ git rm -f "text_branch_2"
rm 'text_branch_2'

DUONG UYEN@HuuDang06 MINGW64 ~/GIT GITHUB/24174600038_Nguyen_Huu_Hai_Dang_bai_tap (branch_2)
$ git commit -m "text_branch_2"
[branch_2 2d97128] text_branch_2
 1 file changed, 2 deletions(-)
 delete mode 100644 text_branch_2

DUONG UYEN@HuuDang06 MINGW64 ~/GIT GITHUB/24174600038_Nguyen_Huu_Hai_Dang_bai_tap (branch_2)
$ git push origin
Enumerating objects: 3, done.
Counting objects: 100% (3/3), done.
Delta compression using up to 8 threads
Compressing objects: 100% (2/2), done.
Writing objects: 100% (2/2), 230 bytes | 230.00 KiB/s, done.
Total 2 (delta 1), reused 0 (delta 0), pack-reused 0 (from 0)
remote: Resolving deltas: 100% (1/1), completed with 1 local object.
To https://github.com/NHHDang18A1/24174600038_Nguyen_Huu_Hai_Dang_bai_tap.git
   4e3349d..2d97128  branch_2 -> branch_2

DUONG UYEN@HuuDang06 MINGW64 ~/GIT GITHUB/24174600038_Nguyen_Huu_Hai_Dang_bai_tap (branch_2)
$ git checkout branch_1
Switched to branch 'branch_1'
Your branch is up to date with 'origin/branch_1'.

DUONG UYEN@HuuDang06 MINGW64 ~/GIT GITHUB/24174600038_Nguyen_Huu_Hai_Dang_bai_tap (branch_1)
$ echo "Lorem ipsum dolor sit amet, consectetur adipiscing elit. " > text_branch_1

DUONG UYEN@HuuDang06 MINGW64 ~/GIT GITHUB/24174600038_Nguyen_Huu_Hai_Dang_bai_tap (branch_1)
$ git add .
warning: in the working copy of 'text_branch_1', LF will be replaced by CRLF the next time Git touches it

DUONG UYEN@HuuDang06 MINGW64 ~/GIT GITHUB/24174600038_Nguyen_Huu_Hai_Dang_bai_tap (branch_1)
$ git commit -m "tao nhanh 1"
On branch branch_1
Your branch is up to date with 'origin/branch_1'.

nothing to commit, working tree clean

DUONG UYEN@HuuDang06 MINGW64 ~/GIT GITHUB/24174600038_Nguyen_Huu_Hai_Dang_bai_tap (branch_1)
$ git push origin
Everything up-to-date

DUONG UYEN@HuuDang06 MINGW64 ~/GIT GITHUB/24174600038_Nguyen_Huu_Hai_Dang_bai_tap (branch_1)
$ git commit -m "nhanh 1"
On branch branch_1
Your branch is up to date with 'origin/branch_1'.

nothing to commit, working tree clean

DUONG UYEN@HuuDang06 MINGW64 ~/GIT GITHUB/24174600038_Nguyen_Huu_Hai_Dang_bai_tap (branch_1)
$ git rm -f "text_branch_1"
rm 'text_branch_1'

DUONG UYEN@HuuDang06 MINGW64 ~/GIT GITHUB/24174600038_Nguyen_Huu_Hai_Dang_bai_tap (branch_1)
$ git commit -m "text_branch_1"
[branch_1 fc26650] text_branch_1
 1 file changed, 1 deletion(-)
 delete mode 100644 text_branch_1

DUONG UYEN@HuuDang06 MINGW64 ~/GIT GITHUB/24174600038_Nguyen_Huu_Hai_Dang_bai_tap (branch_1)
$ ls
README.md  caulenh.txt

DUONG UYEN@HuuDang06 MINGW64 ~/GIT GITHUB/24174600038_Nguyen_Huu_Hai_Dang_bai_tap (branch_1)
$ git push origin
Enumerating objects: 3, done.
Counting objects: 100% (3/3), done.
Delta compression using up to 8 threads
Compressing objects: 100% (2/2), done.
Writing objects: 100% (2/2), 226 bytes | 226.00 KiB/s, done.
Total 2 (delta 1), reused 0 (delta 0), pack-reused 0 (from 0)
remote: Resolving deltas: 100% (1/1), completed with 1 local object.
To https://github.com/NHHDang18A1/24174600038_Nguyen_Huu_Hai_Dang_bai_tap.git
   b073af9..fc26650  branch_1 -> branch_1

DUONG UYEN@HuuDang06 MINGW64 ~/GIT GITHUB/24174600038_Nguyen_Huu_Hai_Dang_bai_tap (branch_1)
$ echo "Lorem ipsum dolor sit amet, consectetur adipiscing elit. " > text_branch_1.txt

DUONG UYEN@HuuDang06 MINGW64 ~/GIT GITHUB/24174600038_Nguyen_Huu_Hai_Dang_bai_tap (branch_1)
$ git add .
warning: in the working copy of 'text_branch_1.txt', LF will be replaced by CRLF the next time Git touches it

DUONG UYEN@HuuDang06 MINGW64 ~/GIT GITHUB/24174600038_Nguyen_Huu_Hai_Dang_bai_tap (branch_1)
$ git commit -m "tao nhanh 1"
[branch_1 1e9482f] tao nhanh 1
 1 file changed, 1 insertion(+)
 create mode 100644 text_branch_1.txt

DUONG UYEN@HuuDang06 MINGW64 ~/GIT GITHUB/24174600038_Nguyen_Huu_Hai_Dang_bai_tap (branch_1)
$ git push origin
Enumerating objects: 4, done.
Counting objects: 100% (4/4), done.
Delta compression using up to 8 threads
Compressing objects: 100% (3/3), done.
Writing objects: 100% (3/3), 378 bytes | 378.00 KiB/s, done.
Total 3 (delta 0), reused 0 (delta 0), pack-reused 0 (from 0)
To https://github.com/NHHDang18A1/24174600038_Nguyen_Huu_Hai_Dang_bai_tap.git
   fc26650..1e9482f  branch_1 -> branch_1

DUONG UYEN@HuuDang06 MINGW64 ~/GIT GITHUB/24174600038_Nguyen_Huu_Hai_Dang_bai_tap (branch_1)
$ git checkout branch_3
error: pathspec 'branch_3' did not match any file(s) known to git

DUONG UYEN@HuuDang06 MINGW64 ~/GIT GITHUB/24174600038_Nguyen_Huu_Hai_Dang_bai_tap (branch_1)
$ git checkout main
Switched to branch 'main'
Your branch is up to date with 'origin/main'.

DUONG UYEN@HuuDang06 MINGW64 ~/GIT GITHUB/24174600038_Nguyen_Huu_Hai_Dang_bai_tap (main)
$ git checkout branch_3
error: pathspec 'branch_3' did not match any file(s) known to git

DUONG UYEN@HuuDang06 MINGW64 ~/GIT GITHUB/24174600038_Nguyen_Huu_Hai_Dang_bai_tap (main)
$ git checkout -b branch_3
Switched to a new branch 'branch_3'

DUONG UYEN@HuuDang06 MINGW64 ~/GIT GITHUB/24174600038_Nguyen_Huu_Hai_Dang_bai_tap (branch_3)
$ echo "Lorem ipsum dolor sit amet, consectetur adipiscing elit. " > text_branch_3

DUONG UYEN@HuuDang06 MINGW64 ~/GIT GITHUB/24174600038_Nguyen_Huu_Hai_Dang_bai_tap (branch_3)
$ git add .
warning: in the working copy of 'text_branch_3', LF will be replaced by CRLF the next time Git touches it

DUONG UYEN@HuuDang06 MINGW64 ~/GIT GITHUB/24174600038_Nguyen_Huu_Hai_Dang_bai_tap (branch_3)
$ git commit -m "tao nhanh 3"
[branch_3 7e7705e] tao nhanh 3
 1 file changed, 1 insertion(+)
 create mode 100644 text_branch_3

DUONG UYEN@HuuDang06 MINGW64 ~/GIT GITHUB/24174600038_Nguyen_Huu_Hai_Dang_bai_tap (branch_3)
$ git push origin
fatal: The current branch branch_3 has no upstream branch.
To push the current branch and set the remote as upstream, use

    git push --set-upstream origin branch_3

To have this happen automatically for branches without a tracking
upstream, see 'push.autoSetupRemote' in 'git help config'.


DUONG UYEN@HuuDang06 MINGW64 ~/GIT GITHUB/24174600038_Nguyen_Huu_Hai_Dang_bai_tap (branch_3)
$ ^C

DUONG UYEN@HuuDang06 MINGW64 ~/GIT GITHUB/24174600038_Nguyen_Huu_Hai_Dang_bai_tap (branch_3)
$ git push --set-upstream origin branch_3
Enumerating objects: 4, done.
Counting objects: 100% (4/4), done.
Delta compression using up to 8 threads
Compressing objects: 100% (3/3), done.
Writing objects: 100% (3/3), 377 bytes | 377.00 KiB/s, done.
Total 3 (delta 0), reused 0 (delta 0), pack-reused 0 (from 0)
remote:
remote: Create a pull request for 'branch_3' on GitHub by visiting:
remote:      https://github.com/NHHDang18A1/24174600038_Nguyen_Huu_Hai_Dang_bai_tap/pull/new/branch_3
remote:
To https://github.com/NHHDang18A1/24174600038_Nguyen_Huu_Hai_Dang_bai_tap.git
 * [new branch]      branch_3 -> branch_3
branch 'branch_3' set up to track 'origin/branch_3'.

DUONG UYEN@HuuDang06 MINGW64 ~/GIT GITHUB/24174600038_Nguyen_Huu_Hai_Dang_bai_tap (branch_3)
$ git push origin
Everything up-to-date

DUONG UYEN@HuuDang06 MINGW64 ~/GIT GITHUB/24174600038_Nguyen_Huu_Hai_Dang_bai_tap (branch_3)
$ git checkout -b branch_4
Switched to a new branch 'branch_4'

DUONG UYEN@HuuDang06 MINGW64 ~/GIT GITHUB/24174600038_Nguyen_Huu_Hai_Dang_bai_tap (branch_4)
$ echo "Cras ac mi nec nisi porta ultrices sed non ante. " > text_branch_4

DUONG UYEN@HuuDang06 MINGW64 ~/GIT GITHUB/24174600038_Nguyen_Huu_Hai_Dang_bai_tap (branch_4)
$ git add .
warning: in the working copy of 'text_branch_4', LF will be replaced by CRLF the next time Git touches it

DUONG UYEN@HuuDang06 MINGW64 ~/GIT GITHUB/24174600038_Nguyen_Huu_Hai_Dang_bai_tap (branch_4)
$ git commit -m "tao nhanh 4"
[branch_4 d690e00] tao nhanh 4
 1 file changed, 1 insertion(+)
 create mode 100644 text_branch_4

DUONG UYEN@HuuDang06 MINGW64 ~/GIT GITHUB/24174600038_Nguyen_Huu_Hai_Dang_bai_tap (branch_4)
$ git push origin
fatal: The current branch branch_4 has no upstream branch.
To push the current branch and set the remote as upstream, use

    git push --set-upstream origin branch_4

To have this happen automatically for branches without a tracking
upstream, see 'push.autoSetupRemote' in 'git help config'.


DUONG UYEN@HuuDang06 MINGW64 ~/GIT GITHUB/24174600038_Nguyen_Huu_Hai_Dang_bai_tap (branch_4)
$ git push --set-upstream origin branch_4
Enumerating objects: 4, done.
Counting objects: 100% (4/4), done.
Delta compression using up to 8 threads
Compressing objects: 100% (3/3), done.
Writing objects: 100% (3/3), 326 bytes | 326.00 KiB/s, done.
Total 3 (delta 1), reused 0 (delta 0), pack-reused 0 (from 0)
remote: Resolving deltas: 100% (1/1), completed with 1 local object.
remote:
remote: Create a pull request for 'branch_4' on GitHub by visiting:
remote:      https://github.com/NHHDang18A1/24174600038_Nguyen_Huu_Hai_Dang_bai_tap/pull/new/branch_4
remote:
To https://github.com/NHHDang18A1/24174600038_Nguyen_Huu_Hai_Dang_bai_tap.git
 * [new branch]      branch_4 -> branch_4
branch 'branch_4' set up to track 'origin/branch_4'.

DUONG UYEN@HuuDang06 MINGW64 ~/GIT GITHUB/24174600038_Nguyen_Huu_Hai_Dang_bai_tap (branch_4)
$ git push origin
Everything up-to-date

DUONG UYEN@HuuDang06 MINGW64 ~/GIT GITHUB/24174600038_Nguyen_Huu_Hai_Dang_bai_tap (branch_4)
$ git rm "text_branch_3"
rm 'text_branch_3'

DUONG UYEN@HuuDang06 MINGW64 ~/GIT GITHUB/24174600038_Nguyen_Huu_Hai_Dang_bai_tap (branch_4)
$ git commit -m "text_branch_3"
[branch_4 8b4c89a] text_branch_3
 1 file changed, 1 deletion(-)
 delete mode 100644 text_branch_3

DUONG UYEN@HuuDang06 MINGW64 ~/GIT GITHUB/24174600038_Nguyen_Huu_Hai_Dang_bai_tap (branch_4)
$ git rm "text_branch_4"
rm 'text_branch_4'

DUONG UYEN@HuuDang06 MINGW64 ~/GIT GITHUB/24174600038_Nguyen_Huu_Hai_Dang_bai_tap (branch_4)
$ git commit -m "text_branch_4"
[branch_4 9ba0291] text_branch_4
 1 file changed, 1 deletion(-)
 delete mode 100644 text_branch_4

DUONG UYEN@HuuDang06 MINGW64 ~/GIT GITHUB/24174600038_Nguyen_Huu_Hai_Dang_bai_tap (branch_4)
$ git push origin
Enumerating objects: 5, done.
Counting objects: 100% (5/5), done.
Delta compression using up to 8 threads
Compressing objects: 100% (4/4), done.
Writing objects: 100% (4/4), 405 bytes | 405.00 KiB/s, done.
Total 4 (delta 2), reused 0 (delta 0), pack-reused 0 (from 0)
remote: Resolving deltas: 100% (2/2), completed with 1 local object.
To https://github.com/NHHDang18A1/24174600038_Nguyen_Huu_Hai_Dang_bai_tap.git
   d690e00..9ba0291  branch_4 -> branch_4

DUONG UYEN@HuuDang06 MINGW64 ~/GIT GITHUB/24174600038_Nguyen_Huu_Hai_Dang_bai_tap (branch_4)
$ echo "Cras ac mi nec nisi porta ultrices sed non ante. " > text_branch_4.txt

DUONG UYEN@HuuDang06 MINGW64 ~/GIT GITHUB/24174600038_Nguyen_Huu_Hai_Dang_bai_tap (branch_4)
$ git add .
warning: in the working copy of 'text_branch_4.txt', LF will be replaced by CRLF the next time Git touches it

DUONG UYEN@HuuDang06 MINGW64 ~/GIT GITHUB/24174600038_Nguyen_Huu_Hai_Dang_bai_tap (branch_4)
$ git commit -m "tao nhanh 4"
[branch_4 bb7d81c] tao nhanh 4
 1 file changed, 1 insertion(+)
 create mode 100644 text_branch_4.txt

DUONG UYEN@HuuDang06 MINGW64 ~/GIT GITHUB/24174600038_Nguyen_Huu_Hai_Dang_bai_tap (branch_4)
$ git push origin
Enumerating objects: 4, done.
Counting objects: 100% (4/4), done.
Delta compression using up to 8 threads
Compressing objects: 100% (3/3), done.
Writing objects: 100% (3/3), 370 bytes | 370.00 KiB/s, done.
Total 3 (delta 0), reused 0 (delta 0), pack-reused 0 (from 0)
To https://github.com/NHHDang18A1/24174600038_Nguyen_Huu_Hai_Dang_bai_tap.git
   9ba0291..bb7d81c  branch_4 -> branch_4

DUONG UYEN@HuuDang06 MINGW64 ~/GIT GITHUB/24174600038_Nguyen_Huu_Hai_Dang_bai_tap (branch_4)
$ git checkout branch_3
Switched to branch 'branch_3'
Your branch is up to date with 'origin/branch_3'.

DUONG UYEN@HuuDang06 MINGW64 ~/GIT GITHUB/24174600038_Nguyen_Huu_Hai_Dang_bai_tap (branch_3)
$ git rm "branch_3"
fatal: pathspec 'branch_3' did not match any files

DUONG UYEN@HuuDang06 MINGW64 ~/GIT GITHUB/24174600038_Nguyen_Huu_Hai_Dang_bai_tap (branch_3)
$ git rm "text_branch_3"
rm 'text_branch_3'

DUONG UYEN@HuuDang06 MINGW64 ~/GIT GITHUB/24174600038_Nguyen_Huu_Hai_Dang_bai_tap (branch_3)
$ git commit -m "text_branch_3"
[branch_3 3fe808d] text_branch_3
 1 file changed, 1 deletion(-)
 delete mode 100644 text_branch_3

DUONG UYEN@HuuDang06 MINGW64 ~/GIT GITHUB/24174600038_Nguyen_Huu_Hai_Dang_bai_tap (branch_3)
$ echo "Integer sit amet nisi aliquam, tempor libero quis, cursus erat. " > text_branch_3.txt

DUONG UYEN@HuuDang06 MINGW64 ~/GIT GITHUB/24174600038_Nguyen_Huu_Hai_Dang_bai_tap (branch_3)
$ git add .
warning: in the working copy of 'text_branch_3.txt', LF will be replaced by CRLF the next time Git touches it

DUONG UYEN@HuuDang06 MINGW64 ~/GIT GITHUB/24174600038_Nguyen_Huu_Hai_Dang_bai_tap (branch_3)
$ git commit -m "tao nhanh 3"
[branch_3 e35ce70] tao nhanh 3
 1 file changed, 1 insertion(+)
 create mode 100644 text_branch_3.txt

DUONG UYEN@HuuDang06 MINGW64 ~/GIT GITHUB/24174600038_Nguyen_Huu_Hai_Dang_bai_tap (branch_3)
$ git push origin
Enumerating objects: 6, done.
Counting objects: 100% (6/6), done.
Delta compression using up to 8 threads
Compressing objects: 100% (5/5), done.
Writing objects: 100% (5/5), 513 bytes | 513.00 KiB/s, done.
Total 5 (delta 2), reused 0 (delta 0), pack-reused 0 (from 0)
remote: Resolving deltas: 100% (2/2), completed with 1 local object.
To https://github.com/NHHDang18A1/24174600038_Nguyen_Huu_Hai_Dang_bai_tap.git
   7e7705e..e35ce70  branch_3 -> branch_3

DUONG UYEN@HuuDang06 MINGW64 ~/GIT GITHUB/24174600038_Nguyen_Huu_Hai_Dang_bai_tap (branch_3)
$ git checkout main
Switched to branch 'main'
Your branch is up to date with 'origin/main'.

DUONG UYEN@HuuDang06 MINGW64 ~/GIT GITHUB/24174600038_Nguyen_Huu_Hai_Dang_bai_tap (main)
$ git branch --list
  branch_1
  branch_2
  branch_3
  branch_4
* main

DUONG UYEN@HuuDang06 MINGW64 ~/GIT GITHUB/24174600038_Nguyen_Huu_Hai_Dang_bai_tap (main)
$ git branch -r
  origin/HEAD -> origin/main
  origin/branch_1
  origin/branch_2
  origin/branch_3
  origin/branch_4
  origin/main

DUONG UYEN@HuuDang06 MINGW64 ~/GIT GITHUB/24174600038_Nguyen_Huu_Hai_Dang_bai_tap (main)
$ git branch -d branch_4
warning: deleting branch 'branch_4' that has been merged to
         'refs/remotes/origin/branch_4', but not yet merged to HEAD
Deleted branch branch_4 (was bb7d81c).

DUONG UYEN@HuuDang06 MINGW64 ~/GIT GITHUB/24174600038_Nguyen_Huu_Hai_Dang_bai_tap (main)
$ git branch --list
  branch_1
  branch_2
  branch_3
* main

DUONG UYEN@HuuDang06 MINGW64 ~/GIT GITHUB/24174600038_Nguyen_Huu_Hai_Dang_bai_tap (main)
$ git pull
Already up to date.

DUONG UYEN@HuuDang06 MINGW64 ~/GIT GITHUB/24174600038_Nguyen_Huu_Hai_Dang_bai_tap (main)
$ git pull main
fatal: 'main' does not appear to be a git repository
fatal: Could not read from remote repository.

Please make sure you have the correct access rights
and the repository exists.

DUONG UYEN@HuuDang06 MINGW64 ~/GIT GITHUB/24174600038_Nguyen_Huu_Hai_Dang_bai_tap (main)
$
DUONG UYEN@HuuDang06 MINGW64 ~/GIT GITHUB/24174600038_Nguyen_Huu_Hai_Dang_bai_tap (main)
$ mkdir main_folder

DUONG UYEN@HuuDang06 MINGW64 ~/GIT GITHUB/24174600038_Nguyen_Huu_Hai_Dang_bai_tap (main)
$ touch main_folder/main_txt_1.txt main_folder/main_txt_2.txt main_folder/main_txt_3.txt

DUONG UYEN@HuuDang06 MINGW64 ~/GIT GITHUB/24174600038_Nguyen_Huu_Hai_Dang_bai_tap (main)
$ cd main_folder

DUONG UYEN@HuuDang06 MINGW64 ~/GIT GITHUB/24174600038_Nguyen_Huu_Hai_Dang_bai_tap/main_folder (main)
$ echo "Lorem ipsum dolor sit amet, consectetur adipiscing elit. " > main_txt_1.txt

DUONG UYEN@HuuDang06 MINGW64 ~/GIT GITHUB/24174600038_Nguyen_Huu_Hai_Dang_bai_tap/main_folder (main)
$ git add .
warning: in the working copy of 'main_folder/main_txt_1.txt', LF will be replaced by CRLF the next time Git touches it

DUONG UYEN@HuuDang06 MINGW64 ~/GIT GITHUB/24174600038_Nguyen_Huu_Hai_Dang_bai_tap/main_folder (main)
$ git commit -m "folder 1"
[main 5c9b940] folder 1
 3 files changed, 1 insertion(+)
 create mode 100644 main_folder/main_txt_1.txt
 create mode 100644 main_folder/main_txt_2.txt
 create mode 100644 main_folder/main_txt_3.txt

DUONG UYEN@HuuDang06 MINGW64 ~/GIT GITHUB/24174600038_Nguyen_Huu_Hai_Dang_bai_tap/main_folder (main)
$ git push origin main_folder
error: src refspec main_folder does not match any
error: failed to push some refs to 'https://github.com/NHHDang18A1/24174600038_Nguyen_Huu_Hai_Dang_bai_tap.git'

DUONG UYEN@HuuDang06 MINGW64 ~/GIT GITHUB/24174600038_Nguyen_Huu_Hai_Dang_bai_tap/main_folder (main)
$ git push origin main
Enumerating objects: 6, done.
Counting objects: 100% (6/6), done.
Delta compression using up to 8 threads
Compressing objects: 100% (4/4), done.
Writing objects: 100% (5/5), 470 bytes | 470.00 KiB/s, done.
Total 5 (delta 0), reused 0 (delta 0), pack-reused 0 (from 0)
To https://github.com/NHHDang18A1/24174600038_Nguyen_Huu_Hai_Dang_bai_tap.git
   dc38589..5c9b940  main -> main

DUONG UYEN@HuuDang06 MINGW64 ~/GIT GITHUB/24174600038_Nguyen_Huu_Hai_Dang_bai_tap/main_folder (main)
$ echo "Praesent ullamcorper orci eu erat placerat sodales" > main_txt_2.txt

DUONG UYEN@HuuDang06 MINGW64 ~/GIT GITHUB/24174600038_Nguyen_Huu_Hai_Dang_bai_tap/main_folder (main)
$ git add .
warning: in the working copy of 'main_folder/main_txt_2.txt', LF will be replaced by CRLF the next time Git touches it

DUONG UYEN@HuuDang06 MINGW64 ~/GIT GITHUB/24174600038_Nguyen_Huu_Hai_Dang_bai_tap/main_folder (main)
$ git commit -m "folder 2"
[main fafd1a0] folder 2
 1 file changed, 1 insertion(+)

DUONG UYEN@HuuDang06 MINGW64 ~/GIT GITHUB/24174600038_Nguyen_Huu_Hai_Dang_bai_tap/main_folder (main)
$ git push origin main
Enumerating objects: 7, done.
Counting objects: 100% (7/7), done.
Delta compression using up to 8 threads
Compressing objects: 100% (4/4), done.
Writing objects: 100% (4/4), 408 bytes | 408.00 KiB/s, done.
Total 4 (delta 1), reused 0 (delta 0), pack-reused 0 (from 0)
remote: Resolving deltas: 100% (1/1), completed with 1 local object.
To https://github.com/NHHDang18A1/24174600038_Nguyen_Huu_Hai_Dang_bai_tap.git
   5c9b940..fafd1a0  main -> main

DUONG UYEN@HuuDang06 MINGW64 ~/GIT GITHUB/24174600038_Nguyen_Huu_Hai_Dang_bai_tap/main_folder (main)
$ echo "Integer sit amet nisi aliquam, tempor libero quis, cursus erat. " > main_txt_3.txt

DUONG UYEN@HuuDang06 MINGW64 ~/GIT GITHUB/24174600038_Nguyen_Huu_Hai_Dang_bai_tap/main_folder (main)
$ git add .
warning: in the working copy of 'main_folder/main_txt_3.txt', LF will be replaced by CRLF the next time Git touches it

DUONG UYEN@HuuDang06 MINGW64 ~/GIT GITHUB/24174600038_Nguyen_Huu_Hai_Dang_bai_tap/main_folder (main)
$ git commit -m "folder 3"
[main 6f5aa60] folder 3
 1 file changed, 1 insertion(+)

DUONG UYEN@HuuDang06 MINGW64 ~/GIT GITHUB/24174600038_Nguyen_Huu_Hai_Dang_bai_tap/main_folder (main)
$ git push origin main
Enumerating objects: 7, done.
Counting objects: 100% (7/7), done.
Delta compression using up to 8 threads
Compressing objects: 100% (4/4), done.
Writing objects: 100% (4/4), 368 bytes | 368.00 KiB/s, done.
Total 4 (delta 2), reused 0 (delta 0), pack-reused 0 (from 0)
remote: Resolving deltas: 100% (2/2), completed with 2 local objects.
To https://github.com/NHHDang18A1/24174600038_Nguyen_Huu_Hai_Dang_bai_tap.git
   fafd1a0..6f5aa60  main -> main

DUONG UYEN@HuuDang06 MINGW64 ~/GIT GITHUB/24174600038_Nguyen_Huu_Hai_Dang_bai_tap/main_folder (main)
$ git checkout branch_1
Switched to branch 'branch_1'
Your branch is up to date with 'origin/branch_1'.

DUONG UYEN@HuuDang06 MINGW64 ~/GIT GITHUB/24174600038_Nguyen_Huu_Hai_Dang_bai_tap/main_folder (branch_1)
$ cd ~/GIT\ GITHUB/24174600038_Nguyen_Huu_Hai_Dang_bai_tap

DUONG UYEN@HuuDang06 MINGW64 ~/GIT GITHUB/24174600038_Nguyen_Huu_Hai_Dang_bai_tap (branch_1)
$ git checkout branch_5
error: pathspec 'branch_5' did not match any file(s) known to git

DUONG UYEN@HuuDang06 MINGW64 ~/GIT GITHUB/24174600038_Nguyen_Huu_Hai_Dang_bai_tap (branch_1)
$ git checkout -b branch_5
Switched to a new branch 'branch_5'

DUONG UYEN@HuuDang06 MINGW64 ~/GIT GITHUB/24174600038_Nguyen_Huu_Hai_Dang_bai_tap (branch_5)
$ git add text_branch_1.txt

DUONG UYEN@HuuDang06 MINGW64 ~/GIT GITHUB/24174600038_Nguyen_Huu_Hai_Dang_bai_tap (branch_5)
$ git commit -m "cap nhat file"
[branch_5 34e8ccf] cap nhat file
 1 file changed, 8 insertions(+), 1 deletion(-)

DUONG UYEN@HuuDang06 MINGW64 ~/GIT GITHUB/24174600038_Nguyen_Huu_Hai_Dang_bai_tap (branch_5)
$ git push origin branch_5
Enumerating objects: 5, done.
Counting objects: 100% (5/5), done.
Delta compression using up to 8 threads
Compressing objects: 100% (3/3), done.
Writing objects: 100% (3/3), 642 bytes | 642.00 KiB/s, done.
Total 3 (delta 1), reused 0 (delta 0), pack-reused 0 (from 0)
remote: Resolving deltas: 100% (1/1), completed with 1 local object.
remote:
remote: Create a pull request for 'branch_5' on GitHub by visiting:
remote:      https://github.com/NHHDang18A1/24174600038_Nguyen_Huu_Hai_Dang_bai_tap/pull/new/branch_5
remote:
To https://github.com/NHHDang18A1/24174600038_Nguyen_Huu_Hai_Dang_bai_tap.git
 * [new branch]      branch_5 -> branch_5

DUONG UYEN@HuuDang06 MINGW64 ~/GIT GITHUB/24174600038_Nguyen_Huu_Hai_Dang_bai_tap (branch_5)
$ git push origin --delete branch_5
To https://github.com/NHHDang18A1/24174600038_Nguyen_Huu_Hai_Dang_bai_tap.git
 - [deleted]         branch_5

DUONG UYEN@HuuDang06 MINGW64 ~/GIT GITHUB/24174600038_Nguyen_Huu_Hai_Dang_bai_tap (branch_5)
$ git checkout main
Switched to branch 'main'
Your branch is up to date with 'origin/main'.

DUONG UYEN@HuuDang06 MINGW64 ~/GIT GITHUB/24174600038_Nguyen_Huu_Hai_Dang_bai_tap (main)
$ cd main_folder

DUONG UYEN@HuuDang06 MINGW64 ~/GIT GITHUB/24174600038_Nguyen_Huu_Hai_Dang_bai_tap/main_folder (main)
$ touch main_folder/main_txt_4.txt
touch: cannot touch 'main_folder/main_txt_4.txt': No such file or directory

DUONG UYEN@HuuDang06 MINGW64 ~/GIT GITHUB/24174600038_Nguyen_Huu_Hai_Dang_bai_tap/main_folder (main)
$ touch main_folder/main_txt_4.txt
touch: cannot touch 'main_folder/main_txt_4.txt': No such file or directory

DUONG UYEN@HuuDang06 MINGW64 ~/GIT GITHUB/24174600038_Nguyen_Huu_Hai_Dang_bai_tap/main_folder (main)
$ ^C

DUONG UYEN@HuuDang06 MINGW64 ~/GIT GITHUB/24174600038_Nguyen_Huu_Hai_Dang_bai_tap/main_folder (main)
$ touch main_txt_4.txt

DUONG UYEN@HuuDang06 MINGW64 ~/GIT GITHUB/24174600038_Nguyen_Huu_Hai_Dang_bai_tap/main_folder (main)
$ echo "Cras ac mi nec nisi porta ultrices sed non ante. " > main_txt_4.txt

DUONG UYEN@HuuDang06 MINGW64 ~/GIT GITHUB/24174600038_Nguyen_Huu_Hai_Dang_bai_tap/main_folder (main)
$ git add .
warning: in the working copy of 'main_folder/main_txt_4.txt', LF will be replaced by CRLF the next time Git touches it

DUONG UYEN@HuuDang06 MINGW64 ~/GIT GITHUB/24174600038_Nguyen_Huu_Hai_Dang_bai_tap/main_folder (main)
$ git commit -m "folder 4"
[main 5f6e282] folder 4
 1 file changed, 1 insertion(+)
 create mode 100644 main_folder/main_txt_4.txt

DUONG UYEN@HuuDang06 MINGW64 ~/GIT GITHUB/24174600038_Nguyen_Huu_Hai_Dang_bai_tap/main_folder (main)
$ git push origin main
Enumerating objects: 6, done.
Counting objects: 100% (6/6), done.
Delta compression using up to 8 threads
Compressing objects: 100% (4/4), done.
Writing objects: 100% (4/4), 380 bytes | 380.00 KiB/s, done.
Total 4 (delta 2), reused 0 (delta 0), pack-reused 0 (from 0)
remote: Resolving deltas: 100% (2/2), completed with 2 local objects.
To https://github.com/NHHDang18A1/24174600038_Nguyen_Huu_Hai_Dang_bai_tap.git
   6f5aa60..5f6e282  main -> main

DUONG UYEN@HuuDang06 MINGW64 ~/GIT GITHUB/24174600038_Nguyen_Huu_Hai_Dang_bai_tap/main_folder (main)
$ cd ~/GIT\ GITHUB/24174600038_Nguyen_Huu_Hai_Dang_bai_tap

DUONG UYEN@HuuDang06 MINGW64 ~/GIT GITHUB/24174600038_Nguyen_Huu_Hai_Dang_bai_tap (main)
$ git branch -d branch_2
warning: deleting branch 'branch_2' that has been merged to
         'refs/remotes/origin/branch_2', but not yet merged to HEAD
Deleted branch branch_2 (was 2d97128).

DUONG UYEN@HuuDang06 MINGW64 ~/GIT GITHUB/24174600038_Nguyen_Huu_Hai_Dang_bai_tap (main)
$ git branch -d branch_3
warning: deleting branch 'branch_3' that has been merged to
         'refs/remotes/origin/branch_3', but not yet merged to HEAD
Deleted branch branch_3 (was e35ce70).

DUONG UYEN@HuuDang06 MINGW64 ~/GIT GITHUB/24174600038_Nguyen_Huu_Hai_Dang_bai_tap (main)
$ git branch -d branch_4
error: branch 'branch_4' not found

DUONG UYEN@HuuDang06 MINGW64 ~/GIT GITHUB/24174600038_Nguyen_Huu_Hai_Dang_bai_tap (main)
$ git push origin --delete branch_2
To https://github.com/NHHDang18A1/24174600038_Nguyen_Huu_Hai_Dang_bai_tap.git
 - [deleted]         branch_2

DUONG UYEN@HuuDang06 MINGW64 ~/GIT GITHUB/24174600038_Nguyen_Huu_Hai_Dang_bai_tap (main)
$ git push origin --delete branch_3
To https://github.com/NHHDang18A1/24174600038_Nguyen_Huu_Hai_Dang_bai_tap.git
 - [deleted]         branch_3

DUONG UYEN@HuuDang06 MINGW64 ~/GIT GITHUB/24174600038_Nguyen_Huu_Hai_Dang_bai_tap (main)
$ git push origin --delete branch_4
To https://github.com/NHHDang18A1/24174600038_Nguyen_Huu_Hai_Dang_bai_tap.git
 - [deleted]         branch_4

DUONG UYEN@HuuDang06 MINGW64 ~/GIT GITHUB/24174600038_Nguyen_Huu_Hai_Dang_bai_tap (main)
$ git checkout branch_1
Switched to branch 'branch_1'
Your branch is up to date with 'origin/branch_1'.

DUONG UYEN@HuuDang06 MINGW64 ~/GIT GITHUB/24174600038_Nguyen_Huu_Hai_Dang_bai_tap (branch_1)
$ git pull origin main
remote: Enumerating objects: 35, done.
remote: Counting objects: 100% (35/35), done.
remote: Compressing objects: 100% (27/27), done.
remote: Total 30 (delta 12), reused 15 (delta 3), pack-reused 0 (from 0)
Unpacking objects: 100% (30/30), 6.59 KiB | 198.00 KiB/s, done.
From https://github.com/NHHDang18A1/24174600038_Nguyen_Huu_Hai_Dang_bai_tap
 * branch            main       -> FETCH_HEAD
   5f6e282..2ae96e4  main       -> origin/main
Updating 1e9482f..2ae96e4
Fast-forward
 main_folder/main_txt_1.txt | 1 +
 main_folder/main_txt_2.txt | 1 +
 main_folder/main_txt_3.txt | 1 +
 main_folder/main_txt_4.txt | 1 +
 text_branch_1.txt          | 9 ++++++++-
 text_branch_2.txt          | 2 ++
 text_branch_3.txt          | 1 +
 text_branch_4.txt          | 1 +
 8 files changed, 16 insertions(+), 1 deletion(-)
 create mode 100644 main_folder/main_txt_1.txt
 create mode 100644 main_folder/main_txt_2.txt
 create mode 100644 main_folder/main_txt_3.txt
 create mode 100644 main_folder/main_txt_4.txt
 create mode 100644 text_branch_2.txt
 create mode 100644 text_branch_3.txt
 create mode 100644 text_branch_4.txt

DUONG UYEN@HuuDang06 MINGW64 ~/GIT GITHUB/24174600038_Nguyen_Huu_Hai_Dang_bai_tap (branch_1)
$ git pull origin main
From https://github.com/NHHDang18A1/24174600038_Nguyen_Huu_Hai_Dang_bai_tap
 * branch            main       -> FETCH_HEAD
Already up to date.

DUONG UYEN@HuuDang06 MINGW64 ~/GIT GITHUB/24174600038_Nguyen_Huu_Hai_Dang_bai_tap (branch_1)
$ git push origin branch_1
Total 0 (delta 0), reused 0 (delta 0), pack-reused 0 (from 0)
To https://github.com/NHHDang18A1/24174600038_Nguyen_Huu_Hai_Dang_bai_tap.git
   e8c0a54..2ae96e4  branch_1 -> branch_1

DUONG UYEN@HuuDang06 MINGW64 ~/GIT GITHUB/24174600038_Nguyen_Huu_Hai_Dang_bai_tap (branch_1)
$ ^C

DUONG UYEN@HuuDang06 MINGW64 ~/GIT GITHUB/24174600038_Nguyen_Huu_Hai_Dang_bai_tap (branch_1)
$


