KTC@DESKTOP-4TBU1JF MINGW64 /c
$ cd users

KTC@DESKTOP-4TBU1JF MINGW64 /c/users
$ cd KTC

KTC@DESKTOP-4TBU1JF MINGW64 /c/users/KTC
$ cd documents

KTC@DESKTOP-4TBU1JF MINGW64 /c/users/KTC/documents
$ git clone https://github.com/bqhuy910/24174600018_BuiQuangHuy_BaiTap.git
Cloning into '24174600018_BuiQuangHuy_BaiTap'...
remote: Enumerating objects: 6, done.
remote: Counting objects: 100% (6/6), done.
remote: Compressing objects: 100% (2/2), done.
remote: Total 6 (delta 0), reused 0 (delta 0), pack-reused 0 (from 0)
Receiving objects: 100% (6/6), done.

KTC@DESKTOP-4TBU1JF MINGW64 /c/users/KTC/documents
$ cd 24174600018_BuiQuangHuy_BaiTap

KTC@DESKTOP-4TBU1JF MINGW64 /c/users/KTC/documents/24174600018_BuiQuangHuy_BaiTap (main)
$ echo "Lorem ipsum dolor sit amet, consectetur adipiscing elit. Integer efficitur, eros at lacinia
suscipit, magna turpis aliquam est, sit amet aliquam quam libero id mi. Ut vel placerat risus.
Sed tempor in ex vitae sodales. Donec et tempor orci. In pharetra viverra sagittis. Vestibulum
risus ante, molestie ac eros efficitur, bibendum tincidunt turpis. In sit amet tortor gravida,
ultricies ante vitae, varius tortor. Aliquam finibus porta nulla sed gravida. Aliquam ultricies
dapibus ante eget molestie. In hac habitasse platea dictumst. Aliquam aliquam enim at massa
pharetra, et vestibulum sapien consequat. Donec accumsan quis metus at pellentesque. Morbi
quis felis placerat, interdum justo a, aliquam risus" >README.md

KTC@DESKTOP-4TBU1JF MINGW64 /c/users/KTC/documents/24174600018_BuiQuangHuy_BaiTap (main)
$ git add .
warning: in the working copy of 'README.md', LF will be replaced by CRLF the next time Git touches it

KTC@DESKTOP-4TBU1JF MINGW64 /c/users/KTC/documents/24174600018_BuiQuangHuy_BaiTap (main)
$ git commit -m "sửa file readme"
[main 87bc735] sửa file readme
 1 file changed, 8 insertions(+), 1 deletion(-)

KTC@DESKTOP-4TBU1JF MINGW64 /c/users/KTC/documents/24174600018_BuiQuangHuy_BaiTap (main)
$ git push origin
Enumerating objects: 5, done.
Counting objects: 100% (5/5), done.
Delta compression using up to 8 threads
Compressing objects: 100% (2/2), done.
Writing objects: 100% (3/3), 634 bytes | 634.00 KiB/s, done.
Total 3 (delta 0), reused 0 (delta 0), pack-reused 0 (from 0)
To https://github.com/bqhuy910/24174600018_BuiQuangHuy_BaiTap.git
   731abe6..87bc735  main -> main

KTC@DESKTOP-4TBU1JF MINGW64 /c/users/KTC/documents/24174600018_BuiQuangHuy_BaiTap (main)
$ git checkout -b branch_1
Switched to a new branch 'branch_1'

KTC@DESKTOP-4TBU1JF MINGW64 /c/users/KTC/documents/24174600018_BuiQuangHuy_BaiTap (branch_1)
$ echo "Lorem ipsum dolor sit amet, consectetur adipiscing eli" >text_branch_1.txt

KTC@DESKTOP-4TBU1JF MINGW64 /c/users/KTC/documents/24174600018_BuiQuangHuy_BaiTap (branch_1)
$ git add .
warning: in the working copy of 'text_branch_1.txt', LF will be replaced by CRLF the next time Git touches it

KTC@DESKTOP-4TBU1JF MINGW64 /c/users/KTC/documents/24174600018_BuiQuangHuy_BaiTap (branch_1)
$ git commit -m "tạo nhánh 1"
[branch_1 ffc9cdb] tạo nhánh 1
 1 file changed, 1 insertion(+)
 create mode 100644 text_branch_1.txt

KTC@DESKTOP-4TBU1JF MINGW64 /c/users/KTC/documents/24174600018_BuiQuangHuy_BaiTap (branch_1)
$ git push origin branch_1
Enumerating objects: 4, done.
Counting objects: 100% (4/4), done.
Delta compression using up to 8 threads
Compressing objects: 100% (3/3), done.
Writing objects: 100% (3/3), 350 bytes | 350.00 KiB/s, done.
Total 3 (delta 0), reused 0 (delta 0), pack-reused 0 (from 0)
remote:
remote: Create a pull request for 'branch_1' on GitHub by visiting:
remote:      https://github.com/bqhuy910/24174600018_BuiQuangHuy_BaiTap/pull/new/branch_1
remote:
To https://github.com/bqhuy910/24174600018_BuiQuangHuy_BaiTap.git
 * [new branch]      branch_1 -> branch_1

KTC@DESKTOP-4TBU1JF MINGW64 /c/users/KTC/documents/24174600018_BuiQuangHuy_BaiTap (branch_1)
$ git checkout main
Switched to branch 'main'
Your branch is up to date with 'origin/main'.

KTC@DESKTOP-4TBU1JF MINGW64 /c/users/KTC/documents/24174600018_BuiQuangHuy_BaiTap (main)
$ git checkout -b branch_2
Switched to a new branch 'branch_2'

KTC@DESKTOP-4TBU1JF MINGW64 /c/users/KTC/documents/24174600018_BuiQuangHuy_BaiTap (branch_2)
$ echo "Praesent ullamcorper orci eu erat placerat sodales." >text_branch_2.tx

KTC@DESKTOP-4TBU1JF MINGW64 /c/users/KTC/documents/24174600018_BuiQuangHuy_BaiTap (branch_2)
$ git add .
warning: in the working copy of 'text_branch_2.tx', LF will be replaced by CRLF the next time Git touches it

KTC@DESKTOP-4TBU1JF MINGW64 /c/users/KTC/documents/24174600018_BuiQuangHuy_BaiTap (branch_2)
$ git commit -m "tạo nhánh 2"
[branch_2 8139508] tạo nhánh 2
 1 file changed, 1 insertion(+)
 create mode 100644 text_branch_2.tx

KTC@DESKTOP-4TBU1JF MINGW64 /c/users/KTC/documents/24174600018_BuiQuangHuy_BaiTap (branch_2)
$ git push origin branch_2
Enumerating objects: 4, done.
Counting objects: 100% (4/4), done.
Delta compression using up to 8 threads
Compressing objects: 100% (3/3), done.
Writing objects: 100% (3/3), 349 bytes | 349.00 KiB/s, done.
Total 3 (delta 0), reused 0 (delta 0), pack-reused 0 (from 0)
remote:
remote: Create a pull request for 'branch_2' on GitHub by visiting:
remote:      https://github.com/bqhuy910/24174600018_BuiQuangHuy_BaiTap/pull/new/branch_2
remote:
To https://github.com/bqhuy910/24174600018_BuiQuangHuy_BaiTap.git
 * [new branch]      branch_2 -> branch_2

KTC@DESKTOP-4TBU1JF MINGW64 /c/users/KTC/documents/24174600018_BuiQuangHuy_BaiTap (branch_2)
$ git checkout main
Switched to branch 'main'
Your branch is up to date with 'origin/main'.

KTC@DESKTOP-4TBU1JF MINGW64 /c/users/KTC/documents/24174600018_BuiQuangHuy_BaiTap (main)
$ git checkout -b branch_3
Switched to a new branch 'branch_3'

KTC@DESKTOP-4TBU1JF MINGW64 /c/users/KTC/documents/24174600018_BuiQuangHuy_BaiTap (branch_3)
$ echo "Integer sit amet nisi aliquam, tempor libero quis, cursus erat." >text_branch_3.txt

KTC@DESKTOP-4TBU1JF MINGW64 /c/users/KTC/documents/24174600018_BuiQuangHuy_BaiTap (branch_3)
$ git add .
warning: in the working copy of 'text_branch_3.txt', LF will be replaced by CRLF the next time Git touches it

KTC@DESKTOP-4TBU1JF MINGW64 /c/users/KTC/documents/24174600018_BuiQuangHuy_BaiTap (branch_3)
$ git commit -m "tạo nhánh 3"
[branch_3 a4bd557] tạo nhánh 3
 1 file changed, 1 insertion(+)
 create mode 100644 text_branch_3.txt

KTC@DESKTOP-4TBU1JF MINGW64 /c/users/KTC/documents/24174600018_BuiQuangHuy_BaiTap (branch_3)
$ git push origin branch_3
Enumerating objects: 4, done.
Counting objects: 100% (4/4), done.
Delta compression using up to 8 threads
Compressing objects: 100% (3/3), done.
Writing objects: 100% (3/3), 360 bytes | 360.00 KiB/s, done.
Total 3 (delta 0), reused 0 (delta 0), pack-reused 0 (from 0)
remote:
remote: Create a pull request for 'branch_3' on GitHub by visiting:
remote:      https://github.com/bqhuy910/24174600018_BuiQuangHuy_BaiTap/pull/new/branch_3
remote:
To https://github.com/bqhuy910/24174600018_BuiQuangHuy_BaiTap.git
 * [new branch]      branch_3 -> branch_3

KTC@DESKTOP-4TBU1JF MINGW64 /c/users/KTC/documents/24174600018_BuiQuangHuy_BaiTap (branch_3)
$ git checkout main
Switched to branch 'main'
Your branch is up to date with 'origin/main'.

KTC@DESKTOP-4TBU1JF MINGW64 /c/users/KTC/documents/24174600018_BuiQuangHuy_BaiTap (main)
$ git checkout -b branch_4
Switched to a new branch 'branch_4'

KTC@DESKTOP-4TBU1JF MINGW64 /c/users/KTC/documents/24174600018_BuiQuangHuy_BaiTap (branch_4)
$ echo "Cras ac mi nec nisi porta ultrices sed non ante." > text_branch_4.tx

KTC@DESKTOP-4TBU1JF MINGW64 /c/users/KTC/documents/24174600018_BuiQuangHuy_BaiTap (branch_4)
$ git add .
warning: in the working copy of 'text_branch_4.tx', LF will be replaced by CRLF the next time Git touches it

KTC@DESKTOP-4TBU1JF MINGW64 /c/users/KTC/documents/24174600018_BuiQuangHuy_BaiTap (branch_4)
$ git commit -m "tạo nhánh 4"
[branch_4 cd380c1] tạo nhánh 4
 1 file changed, 1 insertion(+)
 create mode 100644 text_branch_4.tx

KTC@DESKTOP-4TBU1JF MINGW64 /c/users/KTC/documents/24174600018_BuiQuangHuy_BaiTap (branch_4)
$ git push origin branch_4
Enumerating objects: 4, done.
Counting objects: 100% (4/4), done.
Delta compression using up to 8 threads
Compressing objects: 100% (2/2), done.
Writing objects: 100% (3/3), 346 bytes | 346.00 KiB/s, done.
Total 3 (delta 0), reused 0 (delta 0), pack-reused 0 (from 0)
remote:
remote: Create a pull request for 'branch_4' on GitHub by visiting:
remote:      https://github.com/bqhuy910/24174600018_BuiQuangHuy_BaiTap/pull/new/branch_4
remote:
To https://github.com/bqhuy910/24174600018_BuiQuangHuy_BaiTap.git
 * [new branch]      branch_4 -> branch_4

KTC@DESKTOP-4TBU1JF MINGW64 /c/users/KTC/documents/24174600018_BuiQuangHuy_BaiTap (branch_4)
$ git checkout main
Switched to branch 'main'
Your branch is up to date with 'origin/main'.

KTC@DESKTOP-4TBU1JF MINGW64 /c/users/KTC/documents/24174600018_BuiQuangHuy_BaiTap (main)
$ git branch -D branch_4
Deleted branch branch_4 (was cd380c1).

KTC@DESKTOP-4TBU1JF MINGW64 /c/users/KTC/documents/24174600018_BuiQuangHuy_BaiTap (main)
$ git branch -l
  branch_1
  branch_2
  branch_3
* main

KTC@DESKTOP-4TBU1JF MINGW64 /c/users/KTC/documents/24174600018_BuiQuangHuy_BaiTap (main)
$ mkdir main_folder

KTC@DESKTOP-4TBU1JF MINGW64 /c/users/KTC/documents/24174600018_BuiQuangHuy_BaiTap (main)
$ cd main_folder

KTC@DESKTOP-4TBU1JF MINGW64 /c/users/KTC/documents/24174600018_BuiQuangHuy_BaiTap/main_folder (main)
$ touch main_txt_1.txt

KTC@DESKTOP-4TBU1JF MINGW64 /c/users/KTC/documents/24174600018_BuiQuangHuy_BaiTap/main_folder (main)
$ touch main_txt_2.txt

KTC@DESKTOP-4TBU1JF MINGW64 /c/users/KTC/documents/24174600018_BuiQuangHuy_BaiTap/main_folder (main)
$ touch main_txt_3.txt

KTC@DESKTOP-4TBU1JF MINGW64 /c/users/KTC/documents/24174600018_BuiQuangHuy_BaiTap/main_folder (main)
$ git add .

KTC@DESKTOP-4TBU1JF MINGW64 /c/users/KTC/documents/24174600018_BuiQuangHuy_BaiTap/main_folder (main)
$ cd ..

KTC@DESKTOP-4TBU1JF MINGW64 /c/users/KTC/documents/24174600018_BuiQuangHuy_BaiTap (main)
$ git add main_folder

KTC@DESKTOP-4TBU1JF MINGW64 /c/users/KTC/documents/24174600018_BuiQuangHuy_BaiTap (main)
$ git commit -m "them folder"
[main f870269] them folder
 3 files changed, 0 insertions(+), 0 deletions(-)
 create mode 100644 main_folder/main_txt_1.txt
 create mode 100644 main_folder/main_txt_2.txt
 create mode 100644 main_folder/main_txt_3.txt

KTC@DESKTOP-4TBU1JF MINGW64 /c/users/KTC/documents/24174600018_BuiQuangHuy_BaiTap (main)
$ git push origin
Enumerating objects: 5, done.
Counting objects: 100% (5/5), done.
Delta compression using up to 8 threads
Compressing objects: 100% (3/3), done.
Writing objects: 100% (4/4), 349 bytes | 349.00 KiB/s, done.
Total 4 (delta 0), reused 0 (delta 0), pack-reused 0 (from 0)
To https://github.com/bqhuy910/24174600018_BuiQuangHuy_BaiTap.git
   87bc735..f870269  main -> main

KTC@DESKTOP-4TBU1JF MINGW64 /c/users/KTC/documents/24174600018_BuiQuangHuy_BaiTap (main)
$ git checkout branch_1
Switched to branch 'branch_1'

KTC@DESKTOP-4TBU1JF MINGW64 /c/users/KTC/documents/24174600018_BuiQuangHuy_BaiTap (branch_1)
$ git checkout -b branch_5
Switched to a new branch 'branch_5'

KTC@DESKTOP-4TBU1JF MINGW64 /c/users/KTC/documents/24174600018_BuiQuangHuy_BaiTap (branch_5)
$ echo "Etiam malesuada felis nulla, ac porta dui sollicitudin eget. Mauris hendrerit non metus
eget pellentesque. Etiam ornare ante at pretium hendrerit. Proin molestie accumsan sapien, ac
finibus libero lobortis quis. Praesent ac commodo eros. Nullam malesuada v el dui nec feugiat.
Cras justo ipsum, scelerisque et elit vitae, porttitor tristique turpis. Nam ut hendrerit est. Nulla
sed tincidunt nibh. Class aptent taciti sociosqu ad litora torquent per conubia nostra, per
inceptos himenaeos. Quisque vitae egestas lacus. Phasellus turpis ante, euismod quis
pellentesque et, pharetra id ligula. Vestibulum mattis sem ac ligula auctor viverra. Phasellus
dignissim mollis leo, vitae tristique enim" > text_branch_1.txt

KTC@DESKTOP-4TBU1JF MINGW64 /c/users/KTC/documents/24174600018_BuiQuangHuy_BaiTap (branch_5)
$ git add .
warning: in the working copy of 'text_branch_1.txt', LF will be replaced by CRLF the next time Git touches it

KTC@DESKTOP-4TBU1JF MINGW64 /c/users/KTC/documents/24174600018_BuiQuangHuy_BaiTap (branch_5)
$ git commit -m "sửa file"
[branch_5 c9b723c] sửa file
 1 file changed, 8 insertions(+), 1 deletion(-)

KTC@DESKTOP-4TBU1JF MINGW64 /c/users/KTC/documents/24174600018_BuiQuangHuy_BaiTap (branch_5)
$ git push origin branch_4
error: src refspec branch_4 does not match any
error: failed to push some refs to 'https://github.com/bqhuy910/24174600018_BuiQuangHuy_BaiTap.git'

KTC@DESKTOP-4TBU1JF MINGW64 /c/users/KTC/documents/24174600018_BuiQuangHuy_BaiTap (branch_5)
$ git push origin branch_5
Enumerating objects: 5, done.
Counting objects: 100% (5/5), done.
Delta compression using up to 8 threads
Compressing objects: 100% (3/3), done.
Writing objects: 100% (3/3), 680 bytes | 680.00 KiB/s, done.
Total 3 (delta 0), reused 0 (delta 0), pack-reused 0 (from 0)
remote:
remote: Create a pull request for 'branch_5' on GitHub by visiting:
remote:      https://github.com/bqhuy910/24174600018_BuiQuangHuy_BaiTap/pull/new/branch_5
remote:
To https://github.com/bqhuy910/24174600018_BuiQuangHuy_BaiTap.git
 * [new branch]      branch_5 -> branch_5

KTC@DESKTOP-4TBU1JF MINGW64 /c/users/KTC/documents/24174600018_BuiQuangHuy_BaiTap (branch_5)
$ git checkout main
Switched to branch 'main'
Your branch is up to date with 'origin/main'.

KTC@DESKTOP-4TBU1JF MINGW64 /c/users/KTC/documents/24174600018_BuiQuangHuy_BaiTap (main)
$ git branch -D branch_5
Deleted branch branch_5 (was c9b723c).

KTC@DESKTOP-4TBU1JF MINGW64 /c/users/KTC/documents/24174600018_BuiQuangHuy_BaiTap (main)
$ git branch -l
  branch_1
  branch_2
  branch_3
* main

KTC@DESKTOP-4TBU1JF MINGW64 /c/users/KTC/documents/24174600018_BuiQuangHuy_BaiTap (main)
$ git branch -D branch_1
Deleted branch branch_1 (was ffc9cdb).

KTC@DESKTOP-4TBU1JF MINGW64 /c/users/KTC/documents/24174600018_BuiQuangHuy_BaiTap (main)
$ git branch -D branch_2
Deleted branch branch_2 (was 8139508).

KTC@DESKTOP-4TBU1JF MINGW64 /c/users/KTC/documents/24174600018_BuiQuangHuy_BaiTap (main)
$ git branch -D branch_3
Deleted branch branch_3 (was a4bd557).

KTC@DESKTOP-4TBU1JF MINGW64 /c/users/KTC/documents/24174600018_BuiQuangHuy_BaiTap (main)
$ git add .

KTC@DESKTOP-4TBU1JF MINGW64 /c/users/KTC/documents/24174600018_BuiQuangHuy_BaiTap (main)
$ git commit -m "xóa file"
On branch main
Your branch is up to date with 'origin/main'.

nothing to commit, working tree clean

KTC@DESKTOP-4TBU1JF MINGW64 /c/users/KTC/documents/24174600018_BuiQuangHuy_BaiTap (main)
$ git pull
remote: Enumerating objects: 15, done.
remote: Counting objects: 100% (15/15), done.
remote: Compressing objects: 100% (9/9), done.
remote: Total 9 (delta 3), reused 0 (delta 0), pack-reused 0 (from 0)
Unpacking objects: 100% (9/9), 4.64 KiB | 132.00 KiB/s, done.
From https://github.com/bqhuy910/24174600018_BuiQuangHuy_BaiTap
   f870269..9908dd3  main       -> origin/main
   ffc9cdb..2fc391c  branch_1   -> origin/branch_1
Updating f870269..9908dd3
Fast-forward
 text_branch_1.txt | 8 ++++++++
 text_branch_2.tx  | 1 +
 text_branch_3.txt | 1 +
 text_branch_4.tx  | 1 +
 4 files changed, 11 insertions(+)
 create mode 100644 text_branch_1.txt
 create mode 100644 text_branch_2.tx
 create mode 100644 text_branch_3.txt
 create mode 100644 text_branch_4.tx

KTC@DESKTOP-4TBU1JF MINGW64 /c/users/KTC/documents/24174600018_BuiQuangHuy_BaiTap (main)
$ git push origin
Everything up-to-date

KTC@DESKTOP-4TBU1JF MINGW64 /c/users/KTC/documents/24174600018_BuiQuangHuy_BaiTap (main)
$ git branch -l
* main

KTC@DESKTOP-4TBU1JF MINGW64 /c/users/KTC/documents/24174600018_BuiQuangHuy_BaiTap (main)
$
