dell@Admin-PC MINGW64 /c/File bài tập
$ git clone https://github.com/Trankien2604/24174600028_TranTrungKien_DHKL18A1.git
Cloning into '24174600028_TranTrungKien_DHKL18A1'...
remote: Enumerating objects: 3, done.
remote: Counting objects: 100% (3/3), done.
remote: Compressing objects: 100% (2/2), done.
remote: Total 3 (delta 0), reused 0 (delta 0), pack-reused 0 (from 0)
Receiving objects: 100% (3/3), done.

dell@Admin-PC MINGW64 /c/File bài tập
$ cd 24174600028_TranTrungKien_DHKL18A1

dell@Admin-PC MINGW64 /c/File bài tập/24174600028_TranTrungKien_DHKL18A1 (main)
$ echo "Lorem ipsum dolor sit amet, consectetur adipiscing elit. Integer efficitur, eros at lacinia suscipit, magna turpis aliquam est, sit amet aliquam quam libero id mi. Ut vel placerat risus. Sed tempor in ex vitae sodales. Donec et tempor orci. In pharetra viverra sagittis. Vestibulum risus ante, molestie ac eros efficitur, biben dum tincidunt turpis. In sit amet tortor gravida, ultricies ante vitae, varius tortor. Aliquam finibus porta nulla sed gravida. Aliquam ultricies dapibus ante eget molestie. In hac habitasse platea dictumst. Aliquam aliquam enim at massa pharetra, et vestibulum sapien consequat. Done accumsan quis metus at pellentesque. Morbi quis felis placerat, interdum justo a, aliquam risus." > README.md

dell@Admin-PC MINGW64 /c/File bài tập/24174600028_TranTrungKien_DHKL18A1 (main)
$ git add .
warning: in the working copy of 'README.md', LF will be replaced by CRLF the nex
t time Git touches it

dell@Admin-PC MINGW64 /c/File bài tập/24174600028_TranTrungKien_DHKL18A1 (main)
$ git commit -m "Chinh sua file README"
[main e16a134] Chinh sua file README
 1 file changed, 1 insertion(+), 2 deletions(-)

dell@Admin-PC MINGW64 /c/File bài tập/24174600028_TranTrungKien_DHKL18A1 (main)
$ git push origin
Enumerating objects: 5, done.
Counting objects: 100% (5/5), done.
Delta compression using up to 12 threads
Compressing objects: 100% (2/2), done.
Writing objects: 100% (3/3), 650 bytes | 650.00 KiB/s, done.
Total 3 (delta 0), reused 0 (delta 0), pack-reused 0 (from 0)
To https://github.com/Trankien2604/24174600028_TranTrungKien_DHKL18A1.git
   1570bc9..e16a134  main -> main

dell@Admin-PC MINGW64 /c/File bài tập/24174600028_TranTrungKien_DHKL18A1 (main)
$ git checkout -b branch_1
Switched to a new branch 'branch_1'

dell@Admin-PC MINGW64 /c/File bài tập/24174600028_TranTrungKien_DHKL18A1 (branch_1)
$ echo "Lorem ipsum dolor sit amet, consectetur adipiscing elit" > text_branch_1.txt

dell@Admin-PC MINGW64 /c/File bài tập/24174600028_TranTrungKien_DHKL18A1 (branch_1)
$ git add .
warning: in the working copy of 'text_branch_1.txt', LF will be replaced by CRLF
 the next time Git touches it

dell@Admin-PC MINGW64 /c/File bài tập/24174600028_TranTrungKien_DHKL18A1 (branch_1)
$ git commit -m "Tao nhanh 1"
[branch_1 ed38b54] Tao nhanh 1
 1 file changed, 1 insertion(+)
 create mode 100644 text_branch_1.txt

dell@Admin-PC MINGW64 /c/File bài tập/24174600028_TranTrungKien_DHKL18A1 (branch_1)
$ git push origin branch_1
Enumerating objects: 4, done.
Counting objects: 100% (4/4), done.
Delta compression using up to 12 threads
Compressing objects: 100% (3/3), done.
Writing objects: 100% (3/3), 361 bytes | 180.00 KiB/s, done.
Total 3 (delta 0), reused 0 (delta 0), pack-reused 0 (from 0)
remote:
remote: Create a pull request for 'branch_1' on GitHub by visiting:
remote:      https://github.com/Trankien2604/24174600028_TranTrungKien_DHKL18A1/
pull/new/branch_1
remote:
To https://github.com/Trankien2604/24174600028_TranTrungKien_DHKL18A1.git
 * [new branch]      branch_1 -> branch_1

dell@Admin-PC MINGW64 /c/File bài tập/24174600028_TranTrungKien_DHKL18A1 (branch_1)
$ git checkout main
Switched to branch 'main'
Your branch is up to date with 'origin/main'.

dell@Admin-PC MINGW64 /c/File bài tập/24174600028_TranTrungKien_DHKL18A1 (main)
$ git checkout -b "branch_2"
Switched to a new branch 'branch_2'

dell@Admin-PC MINGW64 /c/File bài tập/24174600028_TranTrungKien_DHKL18A1 (branch_2)
$ echo "Praesent ullamcorper orci eu erat placerat sodales." > text_branch_2.txt

dell@Admin-PC MINGW64 /c/File bài tập/24174600028_TranTrungKien_DHKL18A1 (branch_2)
$ git add .
warning: in the working copy of 'text_branch_2.txt', LF will be replaced by CRLF
 the next time Git touches it

dell@Admin-PC MINGW64 /c/File bài tập/24174600028_TranTrungKien_DHKL18A1 (branch_2)
$ git commit -m "Tao nhannh 2"
[branch_2 06c77b6] Tao nhannh 2
 1 file changed, 1 insertion(+)
 create mode 100644 text_branch_2.txt

dell@Admin-PC MINGW64 /c/File bài tập/24174600028_TranTrungKien_DHKL18A1 (branch_2)
$ git push origin branch_2
Enumerating objects: 4, done.
Counting objects: 100% (4/4), done.
Delta compression using up to 12 threads
Compressing objects: 100% (3/3), done.
Writing objects: 100% (3/3), 356 bytes | 356.00 KiB/s, done.
Total 3 (delta 0), reused 0 (delta 0), pack-reused 0 (from 0)
remote:
remote: Create a pull request for 'branch_2' on GitHub by visiting:
remote:      https://github.com/Trankien2604/24174600028_TranTrungKien_DHKL18A1/
pull/new/branch_2
remote:
To https://github.com/Trankien2604/24174600028_TranTrungKien_DHKL18A1.git
 * [new branch]      branch_2 -> branch_2

dell@Admin-PC MINGW64 /c/File bài tập/24174600028_TranTrungKien_DHKL18A1 (branch_2)
$ git checkout main
Switched to branch 'main'
Your branch is up to date with 'origin/main'.

dell@Admin-PC MINGW64 /c/File bài tập/24174600028_TranTrungKien_DHKL18A1 (main)
$ git checkout -b "branch_3"
Switched to a new branch 'branch_3'

dell@Admin-PC MINGW64 /c/File bài tập/24174600028_TranTrungKien_DHKL18A1 (branch_3)
$ echo "Integer sit amet nisi aliquam, tempor libero quis, cursus erat." > text_branch_3.txt

dell@Admin-PC MINGW64 /c/File bài tập/24174600028_TranTrungKien_DHKL18A1 (branch_3)
$ git add .
warning: in the working copy of 'text_branch_3.txt', LF will be replaced by CRLF
 the next time Git touches it

dell@Admin-PC MINGW64 /c/File bài tập/24174600028_TranTrungKien_DHKL18A1 (branch_3)
$ git commit -m "Tao nhanh 3"
[branch_3 e899b1e] Tao nhanh 3
 1 file changed, 1 insertion(+)
 create mode 100644 text_branch_3.txt

dell@Admin-PC MINGW64 /c/File bài tập/24174600028_TranTrungKien_DHKL18A1 (branch_3)
$ git push origin branch_3
Enumerating objects: 4, done.
Counting objects: 100% (4/4), done.
Delta compression using up to 12 threads
Compressing objects: 100% (3/3), done.
Writing objects: 100% (3/3), 366 bytes | 366.00 KiB/s, done.
Total 3 (delta 0), reused 0 (delta 0), pack-reused 0 (from 0)
remote:
remote: Create a pull request for 'branch_3' on GitHub by visiting:
remote:      https://github.com/Trankien2604/24174600028_TranTrungKien_DHKL18A1/
pull/new/branch_3
remote:
To https://github.com/Trankien2604/24174600028_TranTrungKien_DHKL18A1.git
 * [new branch]      branch_3 -> branch_3

dell@Admin-PC MINGW64 /c/File bài tập/24174600028_TranTrungKien_DHKL18A1 (branch_3)
$ git checkout main
Switched to branch 'main'
Your branch is up to date with 'origin/main'.

dell@Admin-PC MINGW64 /c/File bài tập/24174600028_TranTrungKien_DHKL18A1 (main)
$ git checkout -b "branch_4"
Switched to a new branch 'branch_4'

dell@Admin-PC MINGW64 /c/File bài tập/24174600028_TranTrungKien_DHKL18A1 (branch_4)
$ echo "Cras ac mi nec porta ultrices sed non ante" > text_branch_4.txt

dell@Admin-PC MINGW64 /c/File bài tập/24174600028_TranTrungKien_DHKL18A1 (branch_4)
$ git add .
warning: in the working copy of 'text_branch_4.txt', LF will be replaced by CRLF
 the next time Git touches it

dell@Admin-PC MINGW64 /c/File bài tập/24174600028_TranTrungKien_DHKL18A1 (branch_4)
$ git commi -m "Tao nhanh 4"
git: 'commi' is not a git command. See 'git --help'.

The most similar commands are
        commit
        column
        config

dell@Admin-PC MINGW64 /c/File bài tập/24174600028_TranTrungKien_DHKL18A1 (branch_4)
$ git commit -m "Tao nhanh 4"
[branch_4 f91bb4c] Tao nhanh 4
 1 file changed, 1 insertion(+)
 create mode 100644 text_branch_4.txt

dell@Admin-PC MINGW64 /c/File bài tập/24174600028_TranTrungKien_DHKL18A1 (branch_4)
$ git push origin branch_4
Enumerating objects: 4, done.
Counting objects: 100% (4/4), done.
Delta compression using up to 12 threads
Compressing objects: 100% (2/2), done.
Writing objects: 100% (3/3), 350 bytes | 350.00 KiB/s, done.
Total 3 (delta 0), reused 0 (delta 0), pack-reused 0 (from 0)
remote:
remote: Create a pull request for 'branch_4' on GitHub by visiting:
remote:      https://github.com/Trankien2604/24174600028_TranTrungKien_DHKL18A1/
pull/new/branch_4
remote:
To https://github.com/Trankien2604/24174600028_TranTrungKien_DHKL18A1.git
 * [new branch]      branch_4 -> branch_4

dell@Admin-PC MINGW64 /c/File bài tập/24174600028_TranTrungKien_DHKL18A1 (branch_4)
$ git checkout main
Switched to branch 'main'
Your branch is up to date with 'origin/main'.

dell@Admin-PC MINGW64 /c/File bài tập/24174600028_TranTrungKien_DHKL18A1 (main)
$ git branch -D branch_4
Deleted branch branch_4 (was f91bb4c).

dell@Admin-PC MINGW64 /c/File bài tập/24174600028_TranTrungKien_DHKL18A1 (main)
$ git branch -l
  branch_1
  branch_2
  branch_3
* main

dell@Admin-PC MINGW64 /c/File bài tập/24174600028_TranTrungKien_DHKL18A1 (main)
$ mkdir main_folder

dell@Admin-PC MINGW64 /c/File bài tập/24174600028_TranTrungKien_DHKL18A1 (main)
$ cd main_folder

dell@Admin-PC MINGW64 /c/File bài tập/24174600028_TranTrungKien_DHKL18A1/main_folder (main)
$ touch main_txt_1.txt

dell@Admin-PC MINGW64 /c/File bài tập/24174600028_TranTrungKien_DHKL18A1/main_folder (main)
$ touch main_txt_2.txt

dell@Admin-PC MINGW64 /c/File bài tập/24174600028_TranTrungKien_DHKL18A1/main_folder (main)
$ touch main_txt_3.txt

dell@Admin-PC MINGW64 /c/File bài tập/24174600028_TranTrungKien_DHKL18A1/main_folder (main)
$ cd ..

dell@Admin-PC MINGW64 /c/File bài tập/24174600028_TranTrungKien_DHKL18A1 (main)
$ git add main_folder

dell@Admin-PC MINGW64 /c/File bài tập/24174600028_TranTrungKien_DHKL18A1 (main)
$ git commit -m "Them folder"
[main 94c8dd9] Them folder
 3 files changed, 0 insertions(+), 0 deletions(-)
 create mode 100644 main_folder/main_txt_1.txt
 create mode 100644 main_folder/main_txt_2.txt
 create mode 100644 main_folder/main_txt_3.txt

dell@Admin-PC MINGW64 /c/File bài tập/24174600028_TranTrungKien_DHKL18A1 (main)
$ git push origin
Enumerating objects: 5, done.
Counting objects: 100% (5/5), done.
Delta compression using up to 12 threads
Compressing objects: 100% (3/3), done.
Writing objects: 100% (4/4), 364 bytes | 182.00 KiB/s, done.
Total 4 (delta 0), reused 0 (delta 0), pack-reused 0 (from 0)
To https://github.com/Trankien2604/24174600028_TranTrungKien_DHKL18A1.git
   e16a134..94c8dd9  main -> main

dell@Admin-PC MINGW64 /c/File bài tập/24174600028_TranTrungKien_DHKL18A1 (main)
$ git checkout branch_1
Switched to branch 'branch_1'

dell@Admin-PC MINGW64 /c/File bài tập/24174600028_TranTrungKien_DHKL18A1 (branch_1)
$ git checkout -b "branch_5"
Switched to a new branch 'branch_5'

dell@Admin-PC MINGW64 /c/File bài tập/24174600028_TranTrungKien_DHKL18A1 (branch_5)
$ echo "Etiam malesuada felis nulla, ac porta dui sollicitudin eget. Mauris hendrerit non metus
eget pellentesque. Etiam ornare ante at pretium hendrerit. Proin molestie accumsan sapien, ac
finibus libero lobortis quis. Praesent ac commodo eros. Nullam malesuada v el dui nec feugiat.
Cras justo ipsum, scelerisque et elit vitae, porttitor tristique turpis. Nam ut hendrerit est. Nulla
sed tincidunt nibh. Class aptent taciti sociosqu ad litora torquent per conubia nostra, per
inceptos himenaeos. Quisque vitae egestas lacus. Phasellus turpis ante, euismod quis
pellentesque et, pharetra id ligula. Vestibulum mattis sem ac ligula auctor viverra. Phasellus
dignissim mollis leo, vitae tristique enim." > text_branch_1.txt

dell@Admin-PC MINGW64 /c/File bài tập/24174600028_TranTrungKien_DHKL18A1 (branch_5)
$ git add .
warning: in the working copy of 'text_branch_1.txt', LF will be replaced by CRLF
 the next time Git touches it

dell@Admin-PC MINGW64 /c/File bài tập/24174600028_TranTrungKien_DHKL18A1 (branch_5)
$ git commit -m "Tao nhanh 5"
[branch_5 8f01965] Tao nhanh 5
 1 file changed, 8 insertions(+), 1 deletion(-)

dell@Admin-PC MINGW64 /c/File bài tập/24174600028_TranTrungKien_DHKL18A1 (branch_5)
$ git push origin branch_5
Enumerating objects: 5, done.
Counting objects: 100% (5/5), done.
Delta compression using up to 12 threads
Compressing objects: 100% (3/3), done.
Writing objects: 100% (3/3), 690 bytes | 690.00 KiB/s, done.
Total 3 (delta 0), reused 0 (delta 0), pack-reused 0 (from 0)
remote:
remote: Create a pull request for 'branch_5' on GitHub by visiting:
remote:      https://github.com/Trankien2604/24174600028_TranTrungKien_DHKL18A1/
pull/new/branch_5
remote:
To https://github.com/Trankien2604/24174600028_TranTrungKien_DHKL18A1.git
 * [new branch]      branch_5 -> branch_5

dell@Admin-PC MINGW64 /c/File bài tập/24174600028_TranTrungKien_DHKL18A1 (branch_5)
$ git checkout main
Switched to branch 'main'
Your branch is up to date with 'origin/main'.

dell@Admin-PC MINGW64 /c/File bài tập/24174600028_TranTrungKien_DHKL18A1 (main)
$ git branch -D branch_5
Deleted branch branch_5 (was 8f01965).

dell@Admin-PC MINGW64 /c/File bài tập/24174600028_TranTrungKien_DHKL18A1 (main)
$ git branch -l
  branch_1
  branch_2
  branch_3
* main

dell@Admin-PC MINGW64 /c/File bài tập/24174600028_TranTrungKien_DHKL18A1 (main)
$ git branch -D branch_1
Deleted branch branch_1 (was ed38b54).

dell@Admin-PC MINGW64 /c/File bài tập/24174600028_TranTrungKien_DHKL18A1 (main)
$ git branch -D branch_2
Deleted branch branch_2 (was 06c77b6).

dell@Admin-PC MINGW64 /c/File bài tập/24174600028_TranTrungKien_DHKL18A1 (main)
$ git branch -D branch_3
Deleted branch branch_3 (was e899b1e).

dell@Admin-PC MINGW64 /c/File bài tập/24174600028_TranTrungKien_DHKL18A1 (main)
$ git add .

dell@Admin-PC MINGW64 /c/File bài tập/24174600028_TranTrungKien_DHKL18A1 (main)
$ git commit -m "Xoa file"
On branch main
Your branch is up to date with 'origin/main'.

nothing to commit, working tree clean

dell@Admin-PC MINGW64 /c/File bài tập/24174600028_TranTrungKien_DHKL18A1 (main)
$ git pull
remote: Enumerating objects: 15, done.
remote: Counting objects: 100% (15/15), done.
remote: Compressing objects: 100% (9/9), done.
remote: Total 9 (delta 3), reused 0 (delta 0), pack-reused 0 (from 0)
Unpacking objects: 100% (9/9), 4.62 KiB | 182.00 KiB/s, done.
From https://github.com/Trankien2604/24174600028_TranTrungKien_DHKL18A1
   94c8dd9..c6bd1c9  main       -> origin/main
   ed38b54..f580fbf  branch_1   -> origin/branch_1
Updating 94c8dd9..c6bd1c9
Fast-forward
 text_branch_1.txt | 8 ++++++++
 text_branch_2.txt | 1 +
 text_branch_3.txt | 1 +
 text_branch_4.txt | 1 +
 4 files changed, 11 insertions(+)
 create mode 100644 text_branch_1.txt
 create mode 100644 text_branch_2.txt
 create mode 100644 text_branch_3.txt
 create mode 100644 text_branch_4.txt
i
dell@Admin-PC MINGW64 /c/File bài tập/24174600028_TranTrungKien_DHKL18A1 (main)
$ git push origin
Everything up-to-date

dell@Admin-PC MINGW64 /c/File bài tập/24174600028_TranTrungKien_DHKL18A1 (main)
$ git branch -l
* main

dell@Admin-PC MINGW64 /c/File bài tập/24174600028_TranTrungKien_DHKL18A1 (main)
$ git commit -m "Xoa file"
On branch main
Your branch is up to date with 'origin/main'.

nothing to commit, working tree clean

dell@Admin-PC MINGW64 /c/File bài tập/24174600028_TranTrungKien_DHKL18A1 (main)
$ git push origin
Everything up-to-date

dell@Admin-PC MINGW64 /c/File bài tập/24174600028_TranTrungKien_DHKL18A1 (main)
$
