
nguye@DESKTOP-7OSEN5P MINGW64 ~/OneDrive/Desktop/Tin CS
$ history
    1  Writing objects: 100% (3/3), 353 bytes | 353.00 KiB/s, done.
    2  Total 3 (delta 0), reused 0 (delta 0), pack-reused 0 (from 0)
    3  remote:
    4  remote: Create a pull request for 'branch_4' on GitHub by visiting:
    5  remote:      https://github.com/Kavx982006/24174600177_NguyenManhTien_18A1/pull/new/branch_4
    6  remote:
    7  To https://github.com/Kavx982006/24174600177_NguyenManhTien_18A1.git
    8   * [new branch]      branch_4 -> branch_4
    9  branch 'branch_4' set up to track 'origin/branch_4'.
   10  nguye@DESKTOP-7OSEN5P MINGW64 ~/OneDrive/Desktop/Tin CS/NguyenManhTien (main)
   11  $ git add text_branch_1.txt text_branch_2.txt text_branch_3.txt text_branch_4.txt
   12  fatal: pathspec 'text_branch_1.txt' did not match any files
   13  nguye@DESKTOP-7OSEN5P MINGW64 ~/OneDrive/Desktop/Tin CS/NguyenManhTien (main)
   14  $ git checkout branch_1
   15  Switched to branch 'branch_1'
   16  Your branch is up to date with 'origin/branch_1'.
   17  nguye@DESKTOP-7OSEN5P MINGW64 ~/OneDrive/Desktop/Tin CS/NguyenManhTien (branch_1)
   18  $ git add text_branch_1.txt
   19  g
   20  nguye@DESKTOP-7OSEN5P MINGW64 ~/OneDrive/Desktop/Tin CS/NguyenManhTien (branch_1)
   21  $ git commit -m "Day du lieu len"
   22  On branch branch_1
   23  Your branch is up to date with 'origin/branch_1'.
   24  nothing to commit, working tree clean
   25  nguye@DESKTOP-7OSEN5P MINGW64 ~/OneDrive/Desktop/Tin CS/NguyenManhTien (branch_1)
   26  $ git checkout branch_2
   27  Switched to branch 'branch_2'
   28  Your branch is up to date with 'origin/branch_2'.
   29  nguye@DESKTOP-7OSEN5P MINGW64 ~/OneDrive/Desktop/Tin CS/NguyenManhTien (branch_2)
   30  $ git add text_branch_2.txt
   31  nguye@DESKTOP-7OSEN5P MINGW64 ~/OneDrive/Desktop/Tin CS/NguyenManhTien (branch_2)
   32  $ git commit -m "Day du lieu len"
   33  On branch branch_2
   34  Your branch is up to date with 'origin/branch_2'.
   35  nothing to commit, working tree clean
   36  nguye@DESKTOP-7OSEN5P MINGW64 ~/OneDrive/Desktop/Tin CS/NguyenManhTien (branch_2)
   37  $ git checkout branch_3
   38  Switched to branch 'branch_3'
   39  Your branch is up to date with 'origin/branch_3'.
   40  nguye@DESKTOP-7OSEN5P MINGW64 ~/OneDrive/Desktop/Tin CS/NguyenManhTien (branch_3)
   41  $ git add text_branch_3.txt
   42  g
   43  nguye@DESKTOP-7OSEN5P MINGW64 ~/OneDrive/Desktop/Tin CS/NguyenManhTien (branch_3)
   44  $ git commit -m "Day du lieu len"
   45  On branch branch_3
   46  Your branch is up to date with 'origin/branch_3'.
   47  nothing to commit, working tree clean
   48  nguye@DESKTOP-7OSEN5P MINGW64 ~/OneDrive/Desktop/Tin CS/NguyenManhTien (branch_3)
   49  $ git checkout branch_4
   50  Switched to branch 'branch_4'
   51  Your branch is up to date with 'origin/branch_4'.
   52  nguye@DESKTOP-7OSEN5P MINGW64 ~/OneDrive/Desktop/Tin CS/NguyenManhTien (branch_4)
   53  $ git commit -m "Day du lieu len"
   54  On branch branch_4
   55  Your branch is up to date with 'origin/branch_4'.
   56  nothing to commit, working tree clean
   57  nguye@DESKTOP-7OSEN5P MINGW64 ~/OneDrive/Desktop/Tin CS/NguyenManhTien (branch_4)
   58  $ git checkout main
   59  Switched to branch 'main'
   60  Your branch is up to date with 'origin/main'.
   61  g
   62  nguye@DESKTOP-7OSEN5P MINGW64 ~/OneDrive/Desktop/Tin CS/NguyenManhTien (main)
   63  $ git status
   64  On branch main
   65  Your branch is up to date with 'origin/main'.
   66  nothing to commit, working tree clean
   67  nguye@DESKTOP-7OSEN5P MINGW64 ~/OneDrive/Desktop/Tin CS/NguyenManhTien (main)
   68  $ git push origin
   69  Everything up-to-date
   70  nguye@DESKTOP-7OSEN5P MINGW64 ~/OneDrive/Desktop/Tin CS/NguyenManhTien (main)
   71  $ git branch -d branch_4
   72  warning: deleting branch 'branch_4' that has been merged to
   73           'refs/remotes/origin/branch_4', but not yet merged to HEAD
   74  Deleted branch branch_4 (was 2cf25a7).
   75  g
   76  nguye@DESKTOP-7OSEN5P MINGW64 ~/OneDrive/Desktop/Tin CS/NguyenManhTien (main)
   77  $ git branch -l
   78    branch_1
   79    branch_2
   80    branch_3
   81  * main
   82  nguye@DESKTOP-7OSEN5P MINGW64 ~/OneDrive/Desktop/Tin CS/NguyenManhTien (main)
   83  $ git pull
   84  remote: Enumerating objects: 12, done.
   85  remote: Counting objects: 100% (12/12), done.
   86  remote: Compressing objects: 100% (7/7), done.
   87  remote: Total 7 (delta 2), reused 0 (delta 0), pack-reused 0 (from 0)
   88  Unpacking objects: 100% (7/7), 3.71 KiB | 172.00 KiB/s, done.
   89  From https://github.com/Kavx982006/24174600177_NguyenManhTien_18A1
   90     5126b72..836b779  main       -> origin/main
   91  Updating 5126b72..836b779
   92  Fast-forward
   93   text_branch_1.txt | 1 +
   94   text_branch_2.txt | 1 +
   95   text_branch_3.txt | 1 +
   96   text_branch_4.txt | 1 +
   97   4 files changed, 4 insertions(+)
   98   create mode 100644 text_branch_1.txt
   99   create mode 100644 text_branch_2.txt
  100   create mode 100644 text_branch_3.txt
  101   create mode 100644 text_branch_4.txt
  102  nguye@DESKTOP-7OSEN5P MINGW64 ~/OneDrive/Desktop/Tin CS/NguyenManhTien (main)
  103  $ git status
  104  On branch main
  105  Your branch is up to date with 'origin/main'.
  106  nothing to commit, working tree clean
  107  nguye@DESKTOP-7OSEN5P MINGW64 ~/OneDrive/Desktop/Tin CS/NguyenManhTien (main)
  108  $ git branch -l
  109    branch_1
  110    branch_2
  111    branch_3
  112  * main
  113  nguye@DESKTOP-7OSEN5P MINGW64 ~/OneDrive/Desktop/Tin CS/NguyenManhTien (main)
  114  $ mkdir main_folder
  115  nguye@DESKTOP-7OSEN5P MINGW64 ~/OneDrive/Desktop/Tin CS/NguyenManhTien (main)
  116  $ cd main_folder
  117  nguye@DESKTOP-7OSEN5P MINGW64 ~/OneDrive/Desktop/Tin CS/NguyenManhTien/main_folder (main)
  118  $ echo "" >> main_txt_1.txt
  119  nguye@DESKTOP-7OSEN5P MINGW64 ~/OneDrive/Desktop/Tin CS/NguyenManhTien/main_folder (main)
  120  $ echo "" >> main_txt_2.txt
  121  nguye@DESKTOP-7OSEN5P MINGW64 ~/OneDrive/Desktop/Tin CS/NguyenManhTien/main_folder (main)
  122  $ echo "" >> main_txt_3.txt
  123  nguye@DESKTOP-7OSEN5P MINGW64 ~/OneDrive/Desktop/Tin CS/NguyenManhTien/main_folder (main)
  124  $ git add main_txt_1.txt main_txt_2.txt main_txt_3.txt
  125  warning: in the working copy of 'main_folder/main_txt_1.txt', LF will be replaced by CRLF the next time Git touches it
  126  warning: in the working copy of 'main_folder/main_txt_2.txt', LF will be replaced by CRLF the next time Git touches it
  127  warning: in the working copy of 'main_folder/main_txt_3.txt', LF will be replaced by CRLF the next time Git touches it
  128  nguye@DESKTOP-7OSEN5P MINGW64 ~/OneDrive/Desktop/Tin CS/NguyenManhTien/main_folder (main)
  129  $ git add main_txt_1.txt main_txt_2.txt main_txt_3.txt
  130  nguye@DESKTOP-7OSEN5P MINGW64 ~/OneDrive/Desktop/Tin CS/NguyenManhTien/main_folder (main)
  131  $ git commit -m "Day du lieu len"
  132  [main 5fe613d] Day du lieu len
  133   3 files changed, 3 insertions(+)
  134   create mode 100644 main_folder/main_txt_1.txt
  135   create mode 100644 main_folder/main_txt_2.txt
  136   create mode 100644 main_folder/main_txt_3.txt
  137  nguye@DESKTOP-7OSEN5P MINGW64 ~/OneDrive/Desktop/Tin CS/NguyenManhTien/main_folder (main)
  138  $ git push origin
  139  Enumerating objects: 5, done.
  140  Counting objects: 100% (5/5), done.
  141  Delta compression using up to 12 threads
  142  Compressing objects: 100% (3/3), done.
  143  Writing objects: 100% (4/4), 353 bytes | 353.00 KiB/s, done.
  144  Total 4 (delta 1), reused 0 (delta 0), pack-reused 0 (from 0)
  145  remote: Resolving deltas: 100% (1/1), completed with 1 local object.
  146  To https://github.com/Kavx982006/24174600177_NguyenManhTien_18A1.git
  147     836b779..5fe613d  main -> main
  148  nguye@DESKTOP-7OSEN5P MINGW64 ~/OneDrive/Desktop/Tin CS/NguyenManhTien/main_folder (main)
  149  $ git pull
  150  Already up to date.
  151  nguye@DESKTOP-7OSEN5P MINGW64 ~/OneDrive/Desktop/Tin CS/NguyenManhTien/main_folder (main)
  152  $ cd ..
  153  nguye@DESKTOP-7OSEN5P MINGW64 ~/OneDrive/Desktop/Tin CS/NguyenManhTien (main)
  154  $ git pull
  155  Already up to date.
  156  nguye@DESKTOP-7OSEN5P MINGW64 ~/OneDrive/Desktop/Tin CS/NguyenManhTien (main)
  157  $ git checkout branch_1
  158  Switched to branch 'branch_1'
  159  Your branch is up to date with 'origin/branch_1'.
  160  nguye@DESKTOP-7OSEN5P MINGW64 ~/OneDrive/Desktop/Tin CS/NguyenManhTien (branch_1)
  161  $ git branch -b branch_5
  162  error: unknown switch `b'
  163  usage: git branch [<options>] [-r | -a] [--merged] [--no-merged]
  164     or: git branch [<options>] [-f] [--recurse-submodules] <branch-name> [<start-point>]
  165     or: git branch [<options>] [-l] [<pattern>...]
  166     or: git branch [<options>] [-r] (-d | -D) <branch-name>...
  167     or: git branch [<options>] (-m | -M) [<old-branch>] <new-branch>
  168     or: git branch [<options>] (-c | -C) [<old-branch>] <new-branch>
  169     or: git branch [<options>] [-r | -a] [--points-at]
  170     or: git branch [<options>] [-r | -a] [--format]
  171  Generic options
  172      -v, --[no-]verbose    show hash and subject, give twice for upstream branch
  173      -q, --[no-]quiet      suppress informational messages
  174      -t, --[no-]track[=(direct|inherit)]
  175                            set branch tracking configuration
  176      -u, --[no-]set-upstream-to <upstream>
  177                            change the upstream info
  178      --[no-]unset-upstream unset the upstream info
  179      --[no-]color[=<when>] use colored output
  180      -r, --remotes         act on remote-tracking branches
  181      --contains <commit>   print only branches that contain the commit
  182      --no-contains <commit>
  183                            print only branches that don't contain the commit
  184      --[no-]abbrev[=<n>]   use <n> digits to display object names
  185  Specific git-branch actions:
  186      -a, --all             list both remote-tracking and local branches
  187      -d, --[no-]delete     delete fully merged branch
  188      -D                    delete branch (even if not merged)
  189      -m, --[no-]move       move/rename a branch and its reflog
  190      -M                    move/rename a branch, even if target exists
  191      --[no-]omit-empty     do not output a newline after empty formatted refs
  192      -c, --[no-]copy       copy a branch and its reflog
  193      -C                    copy a branch, even if target exists
  194      -l, --[no-]list       list branch names
  195      --[no-]show-current   show current branch name
  196      --[no-]create-reflog  create the branch's reflog
  197      --[no-]edit-description
  198                            edit the description for the branch
  199      -f, --[no-]force      force creation, move/rename, deletion
  200      --merged <commit>     print only branches that are merged
  201      --no-merged <commit>  print only branches that are not merged
  202      --[no-]column[=<style>]
  203                            list branches in columns
  204      --[no-]sort <key>     field name to sort on
  205      --[no-]points-at <object>
  206                            print only branches of the object
  207      -i, --[no-]ignore-case
  208                            sorting and filtering are case insensitive
  209      --[no-]recurse-submodules
  210                            recurse through submodules
  211      --[no-]format <format>
  212                            format to use for the output
  213  nguye@DESKTOP-7OSEN5P MINGW64 ~/OneDrive/Desktop/Tin CS/NguyenManhTien (branch_1)
  214  $ git checkout -b branch_5
  215  Switched to a new branch 'branch_5'
  216  nguye@DESKTOP-7OSEN5P MINGW64 ~/OneDrive/Desktop/Tin CS/NguyenManhTien (branch_5)
  217  $ echo "Etiam malesuada felis nulla, ac porta dui sollicitudin eget. Mauris hendrerit non metus
  218  eget pellentesque. Etiam ornare ante at pretium hendrerit. Proin molestie accumsan sapien, ac
  219  finibus libero lobortis quis. Praesent ac commodo eros. Nullam malesuada v el dui nec feugiat.
  220  Cras justo ipsum, scelerisque et elit vitae, porttitor tristique turpis. Nam ut hendrerit est. Nulla
  221  sed tincidunt nibh. Class aptent taciti sociosqu ad litora torquent per conubia nostra, per
  222  inceptos himenaeos. Quisque vitae egestas lacus. Phasellus turpis ante, euismod quis
  223  pellentesque et, pharetra id ligula. Vestibulum mattis sem ac ligula auctor viverra. Phasellus
  224  dignissim mollis leo, vitae tristique enim" > text_branch_1.txt
  225  nguye@DESKTOP-7OSEN5P MINGW64 ~/OneDrive/Desktop/Tin CS/NguyenManhTien (branch_5)
  226  $ git add text_branch_1.txt
  227  warning: in the working copy of 'text_branch_1.txt', LF will be replaced by CRLF the next time Git touches it
  228  gi
  229  nguye@DESKTOP-7OSEN5P MINGW64 ~/OneDrive/Desktop/Tin CS/NguyenManhTien (branch_5)
  230  $ git add text_branch_1.txt
  231  gi
  232  nguye@DESKTOP-7OSEN5P MINGW64 ~/OneDrive/Desktop/Tin CS/NguyenManhTien (branch_5)
  233  $ git commit -m "Sua doi du lieu"
  234  [branch_5 5879866] Sua doi du lieu
  235   1 file changed, 8 insertions(+), 1 deletion(-)
  236  nguye@DESKTOP-7OSEN5P MINGW64 ~/OneDrive/Desktop/Tin CS/NguyenManhTien (branch_5)
  237  $ git checkout main
  238  Switched to branch 'main'
  239  Your branch is up to date with 'origin/main'.
  240  nguye@DESKTOP-7OSEN5P MINGW64 ~/OneDrive/Desktop/Tin CS/NguyenManhTien (main)
  241  $ git push origin
  242  Everything up-to-date
  243  nguye@DESKTOP-7OSEN5P MINGW64 ~/OneDrive/Desktop/Tin CS/NguyenManhTien (main)
  244  $ git pull -u origin branch_5
  245  error: unknown switch `u'
  246  usage: git pull [<options>] [<repository> [<refspec>...]]
  247      -v, --[no-]verbose    be more verbose
  248      -q, --[no-]quiet      be more quiet
  249      --[no-]progress       force progress reporting
  250      --[no-]recurse-submodules[=<on-demand>]
  251                            control for recursive fetching of submodules
  252  Options related to merging
  253      -r, --[no-]rebase[=(false|true|merges|interactive)]
  254                            incorporate changes by rebasing rather than merging
  255      -n                    do not show a diffstat at the end of the merge
  256      --[no-]stat           show a diffstat at the end of the merge
  257      --[no-]log[=<n>]      add (at most <n>) entries from shortlog to merge commit message
  258      --[no-]signoff[=...]  add a Signed-off-by trailer
  259      --[no-]squash         create a single commit instead of doing a merge
  260      --[no-]commit         perform a commit if the merge succeeds (default)
  261      --[no-]edit           edit message before committing
  262      --[no-]cleanup <mode> how to strip spaces and #comments from message
  263      --[no-]ff             allow fast-forward
  264      --ff-only             abort if fast-forward is not possible
  265      --[no-]verify         control use of pre-merge-commit and commit-msg hooks
  266      --[no-]verify-signatures
  267                            verify that the named commit has a valid GPG signature
  268      --[no-]autostash      automatically stash/stash pop before and after
  269      -s, --[no-]strategy <strategy>
  270                            merge strategy to use
  271      -X, --[no-]strategy-option <option=value>
  272                            option for selected merge strategy
  273      -S, --[no-]gpg-sign[=<key-id>]
  274                            GPG sign commit
  275      --[no-]allow-unrelated-histories
  276                            allow merging unrelated histories
  277  Options related to fetching
  278      --[no-]all            fetch from all remotes
  279      -a, --[no-]append     append to .git/FETCH_HEAD instead of overwriting
  280      --[no-]upload-pack <path>
  281                            path to upload pack on remote end
  282      -f, --[no-]force      force overwrite of local branch
  283      -t, --[no-]tags       fetch all tags and associated objects
  284      -p, --[no-]prune      prune remote-tracking branches no longer on remote
  285      -j, --[no-]jobs[=<n>] number of submodules pulled in parallel
  286      --[no-]dry-run        dry run
  287      -k, --[no-]keep       keep downloaded pack
  288      --[no-]depth <depth>  deepen history of shallow clone" >> caulenh.txt
  289  "
  290  " >> caulenh.txt
  291  git
  292  nguye@DESKTOP-7OSEN5P MINGW64 ~/OneDrive/Desktop/Tin CS
  293  $ git clone https://github.com/Kavx982006/24174600177_NguyenManhTien_18A1.git NguyenMa
  294  Cloning into 'NguyenManhTien'...
  295  giremote: Enumerating objects: 3, done.
  296  remote: Counting objects: 100% (3/3), done.
  297  remote: Compressing objects: 100% (2/2), done.
  298  remote: Total 3 (delta 0), reused 0 (delta 0), pack-reused 0 (from 0)
  299  Receiving objects: 100% (3/3), done.
  300  nguye@DESKTOP-7OSEN5P MINGW64 ~/OneDrive/Desktop/Tin CS
  301  $ cd NguyenManhTien
  302  nguye@DESKTOP-7OSEN5P MINGW64 ~/OneDrive/Desktop/Tin CS/NguyenManhTien (main)
  303  $ git add README.md
  304  nguye@DESKTOP-7OSEN5P MINGW64 ~/OneDrive/Desktop/Tin CS/NguyenManhTien (main)
  305  $ git commit -m
  306  error: switch `m' requires a value
  307  nguye@DESKTOP-7OSEN5P MINGW64 ~/OneDrive/Desktop/Tin CS/NguyenManhTien (main)
  308  $ git commit -m "Day du lieu len"
  309  [main 5126b72] Day du lieu len
  310   1 file changed, 8 insertions(+), 12 deletions(-)
  311  nguye@DESKTOP-7OSEN5P MINGW64 ~/OneDrive/Desktop/Tin CS/NguyenManhTien (main)
  312  $ git push origin
  313  Enumerating objects: 5, done.
  314  Counting objects: 100% (5/5), done.
  315  Delta compression using up to 12 threads
  316  Compressing objects: 100% (2/2), done.
  317  Writing objects: 100% (3/3), 637 bytes | 637.00 KiB/s, done.
  318  Total 3 (delta 0), reused 0 (delta 0), pack-reused 0 (from 0)
  319  To https://github.com/Kavx982006/24174600177_NguyenManhTien_18A1.git
  320     e6356d9..5126b72  main -> main
  321  nguye@DESKTOP-7OSEN5P MINGW64 ~/OneDrive/Desktop/Tin CS/NguyenManhTien (main)
  322  $ git checkout -b branch_1
  323  Switched to a new branch 'branch_1'
  324  nguye@DESKTOP-7OSEN5P MINGW64 ~/OneDrive/Desktop/Tin CS/NguyenManhTien (branch_1)
  325  $ echo "Lorem ipsum dolor sit amet, consectetur adipiscing elit." >> text_branch_1.txt
  326  nguye@DESKTOP-7OSEN5P MINGW64 ~/OneDrive/Desktop/Tin CS/NguyenManhTien (branch_1)
  327  $ git add .
  328  warning: in the working copy of 'text_branch_1.txt', LF will be replaced by CRLF the n
  329  gi
  330  nguye@DESKTOP-7OSEN5P MINGW64 ~/OneDrive/Desktop/Tin CS/NguyenManhTien (branch_1)
  331  $ git add .
  332  nguye@DESKTOP-7OSEN5P MINGW64 ~/OneDrive/Desktop/Tin CS/NguyenManhTien (branch_1)
  333  $ git commit -m "Day du lieu len"
  334  [branch_1 f5c14ef] Day du lieu len
  335   1 file changed, 1 insertion(+)
  336   create mode 100644 text_branch_1.txt
  337  nguye@DESKTOP-7OSEN5P MINGW64 ~/OneDrive/Desktop/Tin CS/NguyenManhTien (branch_1)
  338  $ git checkout main
  339  Switched to branch 'main'
  340  Your branch is up to date with 'origin/main'.
  341  gi
  342  nguye@DESKTOP-7OSEN5P MINGW64 ~/OneDrive/Desktop/Tin CS/NguyenManhTien (main)
  343  $ git checkout -b branch_2
  344  Switched to a new branch 'branch_2'
  345  nguye@DESKTOP-7OSEN5P MINGW64 ~/OneDrive/Desktop/Tin CS/NguyenManhTien (branch_2)
  346  $ echo "Praesent ullamcorper orci eu erat placerat sodales." >> text_branch_2.txt
  347  nguye@DESKTOP-7OSEN5P MINGW64 ~/OneDrive/Desktop/Tin CS/NguyenManhTien (branch_2)
  348  $ git add .
  349  warning: in the working copy of 'text_branch_2.txt', LF will be replaced by CRLF the next time Git touches it
  350  g
  351  nguye@DESKTOP-7OSEN5P MINGW64 ~/OneDrive/Desktop/Tin CS/NguyenManhTien (branch_2)
  352  $ git add .
  353  nguye@DESKTOP-7OSEN5P MINGW64 ~/OneDrive/Desktop/Tin CS/NguyenManhTien (branch_2)
  354  $ git commit -m "Day du lieu len"
  355  [branch_2 2182458] Day du lieu len
  356   1 file changed, 1 insertion(+)
  357   create mode 100644 text_branch_2.txt
  358  nguye@DESKTOP-7OSEN5P MINGW64 ~/OneDrive/Desktop/Tin CS/NguyenManhTien (branch_2)
  359  $ git checkout main
  360  Switched to branch 'main'
  361  Your branch is up to date with 'origin/main'.
  362  nguye@DESKTOP-7OSEN5P MINGW64 ~/OneDrive/Desktop/Tin CS/NguyenManhTien (main)
  363  $ git checkout -b branch_3
  364  Switched to a new branch 'branch_3'
  365  nguye@DESKTOP-7OSEN5P MINGW64 ~/OneDrive/Desktop/Tin CS/NguyenManhTien (branch_3)
  366  $ echo "Integer sit amet nisi aliquam, tempor libero quis, cursus erat" >> text_branch_3.txt
  367  nguye@DESKTOP-7OSEN5P MINGW64 ~/OneDrive/Desktop/Tin CS/NguyenManhTien (branch_3)
  368  $ git add .
  369  warning: in the working copy of 'text_branch_3.txt', LF will be replaced by CRLF the next time Git touches it
  370  nguye@DESKTOP-7OSEN5P MINGW64 ~/OneDrive/Desktop/Tin CS/NguyenManhTien (branch_3)
  371  $ git add .
  372  g
  373  nguye@DESKTOP-7OSEN5P MINGW64 ~/OneDrive/Desktop/Tin CS/NguyenManhTien (branch_3)
  374  $ git commit -m "Day du lieu len"
  375  [branch_3 47b8666] Day du lieu len
  376   1 file changed, 1 insertion(+)
  377   create mode 100644 text_branch_3.txt
  378  nguye@DESKTOP-7OSEN5P MINGW64 ~/OneDrive/Desktop/Tin CS/NguyenManhTien (branch_3)
  379  $ git checkout main
  380  Switched to branch 'main'
  381  Your branch is up to date with 'origin/main'.
  382  g
  383  nguye@DESKTOP-7OSEN5P MINGW64 ~/OneDrive/Desktop/Tin CS/NguyenManhTien (main)
  384  $ git checkout -b branch_4
  385  Switched to a new branch 'branch_4'
  386  nguye@DESKTOP-7OSEN5P MINGW64 ~/OneDrive/Desktop/Tin CS/NguyenManhTien (branch_4)
  387  $ echo "Cras ac mi nec nisi porta ultrices sed non ante." >> text_branch_4.txt
  388  g
  389  nguye@DESKTOP-7OSEN5P MINGW64 ~/OneDrive/Desktop/Tin CS/NguyenManhTien (branch_4)
  390  $ git add .
  391  warning: in the working copy of 'text_branch_4.txt', LF will be replaced by CRLF the next time Git touches it
  392  g
  393  nguye@DESKTOP-7OSEN5P MINGW64 ~/OneDrive/Desktop/Tin CS/NguyenManhTien (branch_4)
  394  $ git add .
  395  g
  396  nguye@DESKTOP-7OSEN5P MINGW64 ~/OneDrive/Desktop/Tin CS/NguyenManhTien (branch_4)
  397  $ git commit -m "Day du lieu len"
  398  [branch_4 2cf25a7] Day du lieu len
  399   1 file changed, 1 insertion(+)
  400   create mode 100644 text_branch_4.txt
  401  nguye@DESKTOP-7OSEN5P MINGW64 ~/OneDrive/Desktop/Tin CS/NguyenManhTien (branch_4)
  402  $ git checkout main
  403  Switched to branch 'main'
  404  Your branch is up to date with 'origin/main'.
  405  nguye@DESKTOP-7OSEN5P MINGW64 ~/OneDrive/Desktop/Tin CS/NguyenManhTien (main)
  406  $ git push origin
  407  Everything up-to-date
  408  nguye@DESKTOP-7OSEN5P MINGW64 ~/OneDrive/Desktop/Tin CS/NguyenManhTien (main)
  409  $ git push -u origin branch_1
  410  Enumerating objects: 4, done.
  411  Counting objects: 100% (4/4), done.
  412  Delta compression using up to 12 threads
  413  Compressing objects: 100% (3/3), done.
  414  Writing objects: 100% (3/3), 359 bytes | 359.00 KiB/s, done.
  415  Total 3 (delta 0), reused 0 (delta 0), pack-reused 0 (from 0)
  416  remote:
  417  remote: Create a pull request for 'branch_1' on GitHub by visiting:
  418  remote:      https://github.com/Kavx982006/24174600177_NguyenManhTien_18A1/pull/new/branch_1
  419  remote:
  420  To https://github.com/Kavx982006/24174600177_NguyenManhTien_18A1.git
  421   * [new branch]      branch_1 -> branch_1
  422  branch 'branch_1' set up to track
  423  echo "Integer sit amet nisi aliquam, tempor libero quis, cursus erat." >> text_branch_3.txtgit add
  424  cd NguyenManhTien
  425  history

nguye@DESKTOP-7OSEN5P MINGW64 ~/OneDrive/Desktop/Tin CS
$

