Administrator@WINDOWS-11 MINGW64 ~
$ cd Desktop

Administrator@WINDOWS-11 MINGW64 ~/Desktop
$ git clone https://github.com/huemin215/24174600175_BaiTap.git
Cloning into '24174600175_BaiTap'...
remote: Enumerating objects: 3, done.
remote: Counting objects: 100% (3/3), done.
remote: Total 3 (delta 0), reused 0 (delta 0), pack-reused 0 (from 0)
Receiving objects: 100% (3/3), done.

Administrator@WINDOWS-11 MINGW64 ~/Desktop
$ cd 24174600175_BaiTap

Administrator@WINDOWS-11 MINGW64 ~/Desktop/24174600175_BaiTap (main)
$ git clone https://github.com/huemin215/24174600175_BaiTap.git
Cloning into '24174600175_BaiTap'...
remote: Enumerating objects: 3, done.
remote: Counting objects: 100% (3/3), done.
remote: Total 3 (delta 0), reused 0 (delta 0), pack-reused 0 (from 0)
Receiving objects: 100% (3/3), done.

Administrator@WINDOWS-11 MINGW64 ~/Desktop/24174600175_BaiTap (main)
$ cd ..

Administrator@WINDOWS-11 MINGW64 ~/Desktop
$ cd 24174600175_BaiTap

Administrator@WINDOWS-11 MINGW64 ~/Desktop/24174600175_BaiTap (main)
$ echo "Lorem ipsum dolor sit amet, consectetur adipiscing elit. Integer efficitur, eros at lacinia
suscipit, magna turpis aliquam est, sit amet aliquam quam libero id mi. Ut vel placerat risus.
Sed tempor in ex vitae sodales. Donec et tempor orci. In pharetra viverra sagittis. Vestibulum
risus ante, molestie ac eros efficitur, bibendum tincidunt turpis. In sit amet tortor gravida,
ultricies ante vitae, varius tortor. Aliquam finibus porta nulla sed gravida. Aliquam ultricies
dapibus ante eget molestie. In hac habitasse platea dictumst. Aliquam aliquam enim at massa
pharetra, et vestibulum sapien consequat. Donec accumsan quis metus at pellentesque. Morbi
quis felis placerat, interdum justo a, aliquam risus." > README.md

Administrator@WINDOWS-11 MINGW64 ~/Desktop/24174600175_BaiTap (main)
$ git add .
warning: in the working copy of 'README.md', LF will be replaced by CRLF the next time Git touches it

Administrator@WINDOWS-11 MINGW64 ~/Desktop/24174600175_BaiTap (main)
$ git commit -m "Sua file README"
Author identity unknown

*** Please tell me who you are.

Run

  git config --global user.email "you@example.com"
  git config --global user.name "Your Name"

to set your account's default identity.
Omit --global to set the identity only in this repository.

fatal: unable to auto-detect email address (got 'Administrator@WINDOWS-11.(none)')

Administrator@WINDOWS-11 MINGW64 ~/Desktop/24174600175_BaiTap (main)
$ git push origin
Everything up-to-date

Administrator@WINDOWS-11 MINGW64 ~/Desktop/24174600175_BaiTap (main)
$ git config --global user.email "mtnhue.24174600175@sv.uneti.edu.vn"

Administrator@WINDOWS-11 MINGW64 ~/Desktop/24174600175_BaiTap (main)
$ git config --global user.name "huemin215"

Administrator@WINDOWS-11 MINGW64 ~/Desktop/24174600175_BaiTap (main)
$ git push origin
Everything up-to-date

Administrator@WINDOWS-11 MINGW64 ~/Desktop/24174600175_BaiTap (main)
$ git commit -m "Sua file README"
[main 9cce67c] Sua file README
 1 file changed, 8 insertions(+), 1 deletion(-)

Administrator@WINDOWS-11 MINGW64 ~/Desktop/24174600175_BaiTap (main)
$ git push origin
Enumerating objects: 5, done.
Counting objects: 100% (5/5), done.
Delta compression using up to 4 threads
Compressing objects: 100% (2/2), done.
Writing objects: 100% (3/3), 634 bytes | 317.00 KiB/s, done.
Total 3 (delta 0), reused 0 (delta 0), pack-reused 0 (from 0)
To https://github.com/huemin215/24174600175_BaiTap.git
   b81c4cf..9cce67c  main -> main

Administrator@WINDOWS-11 MINGW64 ~/Desktop/24174600175_BaiTap (main)
$ git init
Reinitialized existing Git repository in C:/Users/Administrator/Desktop/24174600175_BaiTap/.git/

Administrator@WINDOWS-11 MINGW64 ~/Desktop/24174600175_BaiTap (main)
$ git checkout -b branch_1
Switched to a new branch 'branch_1'

Administrator@WINDOWS-11 MINGW64 ~/Desktop/24174600175_BaiTap (branch_1)
$ echo "Lorem ipsum dolor sit amet, consectetur adipiscing elit" > text_branch_1.txt

Administrator@WINDOWS-11 MINGW64 ~/Desktop/24174600175_BaiTap (branch_1)
$ git add "text_branch_1.txt"
warning: in the working copy of 'text_branch_1.txt', LF will be replaced by CRLF the next time Git touches it

Administrator@WINDOWS-11 MINGW64 ~/Desktop/24174600175_BaiTap (branch_1)
$ git commit -m "Tao_nhanh1"
[branch_1 4dcc5c1] Tao_nhanh1
 1 file changed, 1 insertion(+)
 create mode 100644 text_branch_1.txt

Administrator@WINDOWS-11 MINGW64 ~/Desktop/24174600175_BaiTap (branch_1)
$ git push origin
fatal: The current branch branch_1 has no upstream branch.
To push the current branch and set the remote as upstream, use

    git push --set-upstream origin branch_1

To have this happen automatically for branches without a tracking
upstream, see 'push.autoSetupRemote' in 'git help config'.


Administrator@WINDOWS-11 MINGW64 ~/Desktop/24174600175_BaiTap (branch_1)
$ git checkout main
Switched to branch 'main'
Your branch is up to date with 'origin/main'.

Administrator@WINDOWS-11 MINGW64 ~/Desktop/24174600175_BaiTap (main)
$ git init
Reinitialized existing Git repository in C:/Users/Administrator/Desktop/24174600175_BaiTap/.git/

Administrator@WINDOWS-11 MINGW64 ~/Desktop/24174600175_BaiTap (main)
$ git checkout -b branch_2
Switched to a new branch 'branch_2'

Administrator@WINDOWS-11 MINGW64 ~/Desktop/24174600175_BaiTap (branch_2)
$ echo "Praesent ullamcorper orci eu erat placerat sodales."> text_branch_2.txt

Administrator@WINDOWS-11 MINGW64 ~/Desktop/24174600175_BaiTap (branch_2)
$ git add "text_branch_2.txt"
warning: in the working copy of 'text_branch_2.txt', LF will be replaced by CRLF the next time Git touches it

Administrator@WINDOWS-11 MINGW64 ~/Desktop/24174600175_BaiTap (branch_2)
$ git commit -m "Tao_nhanh_2"
[branch_2 afe7845] Tao_nhanh_2
 1 file changed, 1 insertion(+)
 create mode 100644 text_branch_2.txt

Administrator@WINDOWS-11 MINGW64 ~/Desktop/24174600175_BaiTap (branch_2)
$ git push origin branch_2
Enumerating objects: 4, done.
Counting objects: 100% (4/4), done.
Delta compression using up to 4 threads
Compressing objects: 100% (3/3), done.
Writing objects: 100% (3/3), 342 bytes | 342.00 KiB/s, done.
Total 3 (delta 0), reused 0 (delta 0), pack-reused 0 (from 0)
remote:
remote: Create a pull request for 'branch_2' on GitHub by visiting:
remote:      https://github.com/huemin215/24174600175_BaiTap/pull/new/branch_2
remote:
To https://github.com/huemin215/24174600175_BaiTap.git
 * [new branch]      branch_2 -> branch_2

Administrator@WINDOWS-11 MINGW64 ~/Desktop/24174600175_BaiTap (branch_2)
$ git checkout main
Switched to branch 'main'
Your branch is up to date with 'origin/main'.

Administrator@WINDOWS-11 MINGW64 ~/Desktop/24174600175_BaiTap (main)
$ git checkout -b branch_3
Switched to a new branch 'branch_3'

Administrator@WINDOWS-11 MINGW64 ~/Desktop/24174600175_BaiTap (branch_3)
$ echo "Integer sit amet nisi aliquam, tempor libero quis, cursus erat." > text_branch_3.txt

Administrator@WINDOWS-11 MINGW64 ~/Desktop/24174600175_BaiTap (branch_3)
$ git add "text_branch_3.txt"
warning: in the working copy of 'text_branch_3.txt', LF will be replaced by CRLF the next time Git touches it

Administrator@WINDOWS-11 MINGW64 ~/Desktop/24174600175_BaiTap (branch_3)
$ git commit -m "Tao_nhanh_3"
[branch_3 8ae7b90] Tao_nhanh_3
 1 file changed, 1 insertion(+)
 create mode 100644 text_branch_3.txt

Administrator@WINDOWS-11 MINGW64 ~/Desktop/24174600175_BaiTap (branch_3)
$ git push origin branch_3
Enumerating objects: 4, done.
Counting objects: 100% (4/4), done.
Delta compression using up to 4 threads
Compressing objects: 100% (3/3), done.
Writing objects: 100% (3/3), 352 bytes | 352.00 KiB/s, done.
Total 3 (delta 0), reused 0 (delta 0), pack-reused 0 (from 0)
remote:
remote: Create a pull request for 'branch_3' on GitHub by visiting:
remote:      https://github.com/huemin215/24174600175_BaiTap/pull/new/branch_3
remote:
To https://github.com/huemin215/24174600175_BaiTap.git
 * [new branch]      branch_3 -> branch_3

Administrator@WINDOWS-11 MINGW64 ~/Desktop/24174600175_BaiTap (branch_3)
$ git checkout main
Switched to branch 'main'
Your branch is up to date with 'origin/main'.

Administrator@WINDOWS-11 MINGW64 ~/Desktop/24174600175_BaiTap (main)
$ git checkout -b branch_4
Switched to a new branch 'branch_4'

Administrator@WINDOWS-11 MINGW64 ~/Desktop/24174600175_BaiTap (branch_4)
$ echo "Cras ac mi nec nisi porta ultrices sed non ante" > text_branch_4.txt

Administrator@WINDOWS-11 MINGW64 ~/Desktop/24174600175_BaiTap (branch_4)
$ git add "text_branch_4.txt"
warning: in the working copy of 'text_branch_4.txt', LF will be replaced by CRLF the next time Git touches it

Administrator@WINDOWS-11 MINGW64 ~/Desktop/24174600175_BaiTap (branch_4)
$ git commit -m "Tao_nhanh4"
[branch_4 c8ad960] Tao_nhanh4
 1 file changed, 1 insertion(+)
 create mode 100644 text_branch_4.txt

Administrator@WINDOWS-11 MINGW64 ~/Desktop/24174600175_BaiTap (branch_4)
$ git push origin branch_4
Enumerating objects: 4, done.
Counting objects: 100% (4/4), done.
Delta compression using up to 4 threads
Compressing objects: 100% (2/2), done.
Writing objects: 100% (3/3), 340 bytes | 340.00 KiB/s, done.
Total 3 (delta 0), reused 0 (delta 0), pack-reused 0 (from 0)
remote:
remote: Create a pull request for 'branch_4' on GitHub by visiting:
remote:      https://github.com/huemin215/24174600175_BaiTap/pull/new/branch_4
remote:
To https://github.com/huemin215/24174600175_BaiTap.git
 * [new branch]      branch_4 -> branch_4

Administrator@WINDOWS-11 MINGW64 ~/Desktop/24174600175_BaiTap (branch_4)
$ git checkout main
Switched to branch 'main'
Your branch is up to date with 'origin/main'.

Administrator@WINDOWS-11 MINGW64 ~/Desktop/24174600175_BaiTap (main)
$ git branch -D branch_4
Deleted branch branch_4 (was c8ad960).

Administrator@WINDOWS-11 MINGW64 ~/Desktop/24174600175_BaiTap (main)
$ git branch --list
  branch_1
  branch_2
  branch_3
* main

Administrator@WINDOWS-11 MINGW64 ~/Desktop/24174600175_BaiTap (main)
$ git pull
Already up to date.

Administrator@WINDOWS-11 MINGW64 ~/Desktop/24174600175_BaiTap (main)
$ git pull origin main
From https://github.com/huemin215/24174600175_BaiTap
 * branch            main       -> FETCH_HEAD
Already up to date.

Administrator@WINDOWS-11 MINGW64 ~/Desktop/24174600175_BaiTap (main)
$ mkdir main_folder

Administrator@WINDOWS-11 MINGW64 ~/Desktop/24174600175_BaiTap (main)
$ cd main_folder

Administrator@WINDOWS-11 MINGW64 ~/Desktop/24174600175_BaiTap/main_folder (main)
$ echo " " > main_txt_1.txt

Administrator@WINDOWS-11 MINGW64 ~/Desktop/24174600175_BaiTap/main_folder (main)
$ git add .
warning: in the working copy of 'main_folder/main_txt_1.txt', LF will be replaced by CRLF the next time Git touches it

Administrator@WINDOWS-11 MINGW64 ~/Desktop/24174600175_BaiTap/main_folder (main)
$ git commit -m "File1"
[main 0f416b0] File1
 1 file changed, 1 insertion(+)
 create mode 100644 main_folder/main_txt_1.txt

Administrator@WINDOWS-11 MINGW64 ~/Desktop/24174600175_BaiTap/main_folder (main)
$ git push origin
Enumerating objects: 5, done.
Counting objects: 100% (5/5), done.
Delta compression using up to 4 threads
Compressing objects: 100% (2/2), done.
Writing objects: 100% (4/4), 337 bytes | 112.00 KiB/s, done.
Total 4 (delta 0), reused 0 (delta 0), pack-reused 0 (from 0)
To https://github.com/huemin215/24174600175_BaiTap.git
   9cce67c..0f416b0  main -> main

Administrator@WINDOWS-11 MINGW64 ~/Desktop/24174600175_BaiTap/main_folder (main)
$ echo " " > main_txt_2.txt

Administrator@WINDOWS-11 MINGW64 ~/Desktop/24174600175_BaiTap/main_folder (main)
$ git add .
warning: in the working copy of 'main_folder/main_txt_2.txt', LF will be replaced by CRLF the next time Git touches it

Administrator@WINDOWS-11 MINGW64 ~/Desktop/24174600175_BaiTap/main_folder (main)
$ git commit -m "File2"
[main 86a378c] File2
 1 file changed, 1 insertion(+)
 create mode 100644 main_folder/main_txt_2.txt

Administrator@WINDOWS-11 MINGW64 ~/Desktop/24174600175_BaiTap/main_folder (main)
$ git push origin
Enumerating objects: 5, done.
Counting objects: 100% (5/5), done.
Delta compression using up to 4 threads
Compressing objects: 100% (3/3), done.
Writing objects: 100% (3/3), 332 bytes | 332.00 KiB/s, done.
Total 3 (delta 0), reused 0 (delta 0), pack-reused 0 (from 0)
To https://github.com/huemin215/24174600175_BaiTap.git
   0f416b0..86a378c  main -> main

Administrator@WINDOWS-11 MINGW64 ~/Desktop/24174600175_BaiTap/main_folder (main)
$ echo " " > main_txt_3.txt

Administrator@WINDOWS-11 MINGW64 ~/Desktop/24174600175_BaiTap/main_folder (main)
$ git add .
warning: in the working copy of 'main_folder/main_txt_3.txt', LF will be replaced by CRLF the next time Git touches it

Administrator@WINDOWS-11 MINGW64 ~/Desktop/24174600175_BaiTap/main_folder (main)
$ git commit -m "File3"
[main 276e45e] File3
 1 file changed, 1 insertion(+)
 create mode 100644 main_folder/main_txt_3.txt

Administrator@WINDOWS-11 MINGW64 ~/Desktop/24174600175_BaiTap/main_folder (main)
$ git push origin
Enumerating objects: 5, done.
Counting objects: 100% (5/5), done.
Delta compression using up to 4 threads
Compressing objects: 100% (3/3), done.
Writing objects: 100% (3/3), 316 bytes | 316.00 KiB/s, done.
Total 3 (delta 1), reused 0 (delta 0), pack-reused 0 (from 0)
remote: Resolving deltas: 100% (1/1), completed with 1 local object.
To https://github.com/huemin215/24174600175_BaiTap.git
   86a378c..276e45e  main -> main

Administrator@WINDOWS-11 MINGW64 ~/Desktop/24174600175_BaiTap/main_folder (main)
$ cd ..

Administrator@WINDOWS-11 MINGW64 ~/Desktop/24174600175_BaiTap (main)
$ cd main_folder

Administrator@WINDOWS-11 MINGW64 ~/Desktop/24174600175_BaiTap/main_folder (main)
$ git pull
Already up to date.

Administrator@WINDOWS-11 MINGW64 ~/Desktop/24174600175_BaiTap/main_folder (main)
$ git pull origin main_folder
fatal: couldn't find remote ref main_folder

Administrator@WINDOWS-11 MINGW64 ~/Desktop/24174600175_BaiTap/main_folder (main)
$ git pull origin
Already up to date.

Administrator@WINDOWS-11 MINGW64 ~/Desktop/24174600175_BaiTap/main_folder (main)
$ cd ..

Administrator@WINDOWS-11 MINGW64 ~/Desktop/24174600175_BaiTap (main)
$ git checkout -b branch_5
Switched to a new branch 'branch_5'

Administrator@WINDOWS-11 MINGW64 ~/Desktop/24174600175_BaiTap (branch_5)
$ echo "Etiam malesuada felis nulla, ac porta dui sollicitudin eget. Mauris hendrerit non metus
eget pellentesque. Etiam ornare ante at pretium hendrerit. Proin molestie accumsan sapien, ac
finibus libero lobortis quis. Praesent ac commodo eros. Nullam malesuada v el dui nec feugiat.
Cras justo ipsum, scelerisque et elit vitae, porttitor tristique turpis. Nam ut hendrerit est. Nulla
sed tincidunt nibh. Class aptent taciti sociosqu ad litora torquent per conubia nostra, per
inceptos himenaeos. Quisque vitae egestas lacus. Phasellus turpis ante, euismod quis
pellentesque et, pharetra id ligula. Vestibulum mattis sem ac ligula auctor viverra. Phasellus
dignissim mollis leo, vitae tristique enim" >text_branch_1.txt

Administrator@WINDOWS-11 MINGW64 ~/Desktop/24174600175_BaiTap (branch_5)
$ git add .
warning: in the working copy of 'text_branch_1.txt', LF will be replaced by CRLF the next time Git touches it

Administrator@WINDOWS-11 MINGW64 ~/Desktop/24174600175_BaiTap (branch_5)
$ git commit -m "Cap nhat noi dung cho tep text_branch_1.txt"
[branch_5 e2eff46] Cap nhat noi dung cho tep text_branch_1.txt
 1 file changed, 8 insertions(+)
 create mode 100644 text_branch_1.txt

Administrator@WINDOWS-11 MINGW64 ~/Desktop/24174600175_BaiTap (branch_5)
$ git push origin
fatal: The current branch branch_5 has no upstream branch.
To push the current branch and set the remote as upstream, use

    git push --set-upstream origin branch_5

To have this happen automatically for branches without a tracking
upstream, see 'push.autoSetupRemote' in 'git help config'.


Administrator@WINDOWS-11 MINGW64 ~/Desktop/24174600175_BaiTap (branch_5)
$ git push origin branch_5
Enumerating objects: 4, done.
Counting objects: 100% (4/4), done.
Delta compression using up to 4 threads
Compressing objects: 100% (3/3), done.
Writing objects: 100% (3/3), 738 bytes | 738.00 KiB/s, done.
Total 3 (delta 0), reused 0 (delta 0), pack-reused 0 (from 0)
remote:
remote: Create a pull request for 'branch_5' on GitHub by visiting:
remote:      https://github.com/huemin215/24174600175_BaiTap/pull/new/branch_5
remote:
To https://github.com/huemin215/24174600175_BaiTap.git
 * [new branch]      branch_5 -> branch_5

Administrator@WINDOWS-11 MINGW64 ~/Desktop/24174600175_BaiTap (branch_5)
$ git pull origin
You asked to pull from the remote 'origin', but did not specify
a branch. Because this is not the default configured remote
for your current branch, you must specify a branch on the command line.

Administrator@WINDOWS-11 MINGW64 ~/Desktop/24174600175_BaiTap (branch_5)
$ git pull
There is no tracking information for the current branch.
Please specify which branch you want to merge with.
See git-pull(1) for details.

    git pull <remote> <branch>

If you wish to set tracking information for this branch you can do so with:

    git branch --set-upstream-to=origin/<branch> branch_5


Administrator@WINDOWS-11 MINGW64 ~/Desktop/24174600175_BaiTap (branch_5)
$ git branch --list
  branch_1
  branch_2
  branch_3
* branch_5
  main

Administrator@WINDOWS-11 MINGW64 ~/Desktop/24174600175_BaiTap (branch_5)
$ git push origin branch_1
Enumerating objects: 4, done.
Counting objects: 100% (4/4), done.
Delta compression using up to 4 threads
Compressing objects: 100% (3/3), done.
Writing objects: 100% (3/3), 346 bytes | 346.00 KiB/s, done.
Total 3 (delta 0), reused 0 (delta 0), pack-reused 0 (from 0)
remote:
remote: Create a pull request for 'branch_1' on GitHub by visiting:
remote:      https://github.com/huemin215/24174600175_BaiTap/pull/new/branch_1
remote:
To https://github.com/huemin215/24174600175_BaiTap.git
 * [new branch]      branch_1 -> branch_1

Administrator@WINDOWS-11 MINGW64 ~/Desktop/24174600175_BaiTap (branch_5)
$ git checkout main
Switched to branch 'main'
Your branch is up to date with 'origin/main'.

Administrator@WINDOWS-11 MINGW64 ~/Desktop/24174600175_BaiTap (main)
$ git branch -d branch_5
error: the branch 'branch_5' is not fully merged
hint: If you are sure you want to delete it, run 'git branch -D branch_5'
hint: Disable this message with "git config advice.forceDeleteBranch false"

Administrator@WINDOWS-11 MINGW64 ~/Desktop/24174600175_BaiTap (main)
$ git branch -D branch_5
Deleted branch branch_5 (was e2eff46).

Administrator@WINDOWS-11 MINGW64 ~/Desktop/24174600175_BaiTap (main)
$ git push origin --delete branch_5
To https://github.com/huemin215/24174600175_BaiTap.git
 - [deleted]         branch_5

Administrator@WINDOWS-11 MINGW64 ~/Desktop/24174600175_BaiTap (main)
$ git pull origin main
From https://github.com/huemin215/24174600175_BaiTap
 * branch            main       -> FETCH_HEAD
Already up to date.

Administrator@WINDOWS-11 MINGW64 ~/Desktop/24174600175_BaiTap (main)
$ git checkout main
Already on 'main'
Your branch is up to date with 'origin/main'.

Administrator@WINDOWS-11 MINGW64 ~/Desktop/24174600175_BaiTap (main)
$ git pull origin main
remote: Enumerating objects: 13, done.
remote: Counting objects: 100% (13/13), done.
remote: Compressing objects: 100% (8/8), done.
remote: Total 8 (delta 3), reused 0 (delta 0), pack-reused 0 (from 0)
Unpacking objects: 100% (8/8), 3.82 KiB | 126.00 KiB/s, done.
From https://github.com/huemin215/24174600175_BaiTap
 * branch            main       -> FETCH_HEAD
   276e45e..4260731  main       -> origin/main
Updating 276e45e..4260731
Fast-forward
 text_branch_1.txt | 1 +
 text_branch_2.txt | 1 +
 text_branch_3.txt | 1 +
 text_branch_4.txt | 1 +
 4 files changed, 4 insertions(+)
 create mode 100644 text_branch_1.txt
 create mode 100644 text_branch_2.txt
 create mode 100644 text_branch_3.txt
 create mode 100644 text_branch_4.txt
g
Administrator@WINDOWS-11 MINGW64 ~/Desktop/24174600175_BaiTap (main)
$ ls
README.md  main_folder/  text_branch_1.txt  text_branch_2.txt  text_branch_3.txt  text_branch_4.txt

Administrator@WINDOWS-11 MINGW64 ~/Desktop/24174600175_BaiTap (main)
$ git branch -D branch_2
Deleted branch branch_2 (was afe7845).

Administrator@WINDOWS-11 MINGW64 ~/Desktop/24174600175_BaiTap (main)
$ git push origin --delete branch_2
To https://github.com/huemin215/24174600175_BaiTap.git
 - [deleted]         branch_2

Administrator@WINDOWS-11 MINGW64 ~/Desktop/24174600175_BaiTap (main)
$ git branch -D branch_3
Deleted branch branch_3 (was 8ae7b90).

Administrator@WINDOWS-11 MINGW64 ~/Desktop/24174600175_BaiTap (main)
$ git push origin --delete branch_3
To https://github.com/huemin215/24174600175_BaiTap.git
 - [deleted]         branch_3

Administrator@WINDOWS-11 MINGW64 ~/Desktop/24174600175_BaiTap (main)
$ git branch -D branch_4
error: branch 'branch_4' not found

Administrator@WINDOWS-11 MINGW64 ~/Desktop/24174600175_BaiTap (main)
$ git push origin --delete branch_4
To https://github.com/huemin215/24174600175_BaiTap.git
 - [deleted]         branch_4

Administrator@WINDOWS-11 MINGW64 ~/Desktop/24174600175_BaiTap (main)
$ git pull orgin main
fatal: 'orgin' does not appear to be a git repository
fatal: Could not read from remote repository.

Please make sure you have the correct access rights
and the repository exists.

Administrator@WINDOWS-11 MINGW64 ~/Desktop/24174600175_BaiTap (main)
$ git pull
Already up to date.

Administrator@WINDOWS-11 MINGW64 ~/Desktop/24174600175_BaiTap (main)
$ git push origin main
Everything up-to-date

Administrator@WINDOWS-11 MINGW64 ~/Desktop/24174600175_BaiTap (main)
$ git push origin branch_1
Everything up-to-date

Administrator@WINDOWS-11 MINGW64 ~/Desktop/24174600175_BaiTap (main)
$
