hp@LAPTOP-LLATI251 MINGW64 ~/OneDrive/THCS
$ git clone https://github.com/thuylinh2212/24174600015_LeThiThuyLinh_baitap.git
Cloning into '24174600015_LeThiThuyLinh_baitap'...
remote: Enumerating objects: 3, done.
remote: Counting objects: 100% (3/3), done.
remote: Total 3 (delta 0), reused 0 (delta 0), pack-reused 0 (from 0)
Receiving objects: 100% (3/3), done.

hp@LAPTOP-LLATI251 MINGW64 ~/OneDrive/THCS
$ cd 24174600015_LeThiThuyLinh_baitap

hp@LAPTOP-LLATI251 MINGW64 ~/OneDrive/THCS/24174600015_LeThiThuyLinh_baitap (main)
$ echo "Lorem ipsum dolor sit amet, consectetur adipiscing elit. Integer efficitur, eros at lacinia
suscipit, magna turpis aliquam est, sit amet aliquam quam libero id mi. Ut vel placerat risus.
Sed tempor in ex vitae sodales. Donec et tempor orci. In pharetra viverra sagittis. Vestibulum
risus ante, molestie ac eros efficitur, bibendum tincidunt turpis. In sit amet tortor gravida,
ultricies ante vitae, varius tortor. Aliquam finibus porta nulla sed gravida. Aliquam ultricies
dapibus ante eget molestie. In hac habitasse platea dictumst. Aliquam aliquam enim at massa
pharetra, et vestibulum sapien consequat. Donec accumsan quis metus at pellentesque. Morbi
quis felis placerat, interdum justo a, aliquam risus." > README.md

hp@LAPTOP-LLATI251 MINGW64 ~/OneDrive/THCS/24174600015_LeThiThuyLinh_baitap (main)
$ git add .
warning: in the working copy of 'README.md', LF will be replaced by CRLF the next time Git touches it

hp@LAPTOP-LLATI251 MINGW64 ~/OneDrive/THCS/24174600015_LeThiThuyLinh_baitap (main)
$ git commit -m "Thay doi file"
[main a1f792b] Thay doi file
 1 file changed, 8 insertions(+), 1 deletion(-)

hp@LAPTOP-LLATI251 MINGW64 ~/OneDrive/THCS/24174600015_LeThiThuyLinh_baitap (main)
$ git push origin
Enumerating objects: 5, done.
Counting objects: 100% (5/5), done.
Delta compression using up to 8 threads
Compressing objects: 100% (2/2), done.
Writing objects: 100% (3/3), 635 bytes | 317.00 KiB/s, done.
Total 3 (delta 0), reused 0 (delta 0), pack-reused 0 (from 0)
To https://github.com/thuylinh2212/24174600015_LeThiThuyLinh_baitap.git
   4736420..a1f792b  main -> main

hp@LAPTOP-LLATI251 MINGW64 ~/OneDrive/THCS/24174600015_LeThiThuyLinh_baitap (main)
$ git checkout -b "branch_1"
Switched to a new branch 'branch_1'

hp@LAPTOP-LLATI251 MINGW64 ~/OneDrive/THCS/24174600015_LeThiThuyLinh_baitap (branch_1)
$ echo "Lorem ipsum dolor sit amet, consectetur adipiscing elit." > text_branch_1.txt

hp@LAPTOP-LLATI251 MINGW64 ~/OneDrive/THCS/24174600015_LeThiThuyLinh_baitap (branch_1)
$ git add .
warning: in the working copy of 'text_branch_1.txt', LF will be replaced by CRLF the next time Git touches it

hp@LAPTOP-LLATI251 MINGW64 ~/OneDrive/THCS/24174600015_LeThiThuyLinh_baitap (branch_1)
$ git commit -m " tao branch_1"
[branch_1 6381955]  tao branch_1
 1 file changed, 1 insertion(+)
 create mode 100644 text_branch_1.txt

hp@LAPTOP-LLATI251 MINGW64 ~/OneDrive/THCS/24174600015_LeThiThuyLinh_baitap (branch_1)
$ git push origin branch_1
Enumerating objects: 4, done.
Counting objects: 100% (4/4), done.
Delta compression using up to 8 threads
Compressing objects: 100% (3/3), done.
Writing objects: 100% (3/3), 354 bytes | 354.00 KiB/s, done.
Total 3 (delta 0), reused 0 (delta 0), pack-reused 0 (from 0)
remote:
remote: Create a pull request for 'branch_1' on GitHub by visiting:
remote:      https://github.com/thuylinh2212/24174600015_LeThiThuyLinh_baitap/pull/new/branch_1
remote:
To https://github.com/thuylinh2212/24174600015_LeThiThuyLinh_baitap.git
 * [new branch]      branch_1 -> branch_1

hp@LAPTOP-LLATI251 MINGW64 ~/OneDrive/THCS/24174600015_LeThiThuyLinh_baitap (branch_1)
$ git checkout main
Switched to branch 'main'
Your branch is up to date with 'origin/main'.

hp@LAPTOP-LLATI251 MINGW64 ~/OneDrive/THCS/24174600015_LeThiThuyLinh_baitap (main)
$ git checkout -b "branch_2"
Switched to a new branch 'branch_2'

hp@LAPTOP-LLATI251 MINGW64 ~/OneDrive/THCS/24174600015_LeThiThuyLinh_baitap (branch_2)
$ echo "Praesent ullamcorper orci eu erat placerat sodales" > text_branch_2.txt

hp@LAPTOP-LLATI251 MINGW64 ~/OneDrive/THCS/24174600015_LeThiThuyLinh_baitap (branch_2)
$ git add .
warning: in the working copy of 'text_branch_2.txt', LF will be replaced by CRLF the next time Git touches it

hp@LAPTOP-LLATI251 MINGW64 ~/OneDrive/THCS/24174600015_LeThiThuyLinh_baitap (branch_2)
$ git commit -m " tao branch_2"
[branch_2 7d41944]  tao branch_2
 1 file changed, 1 insertion(+)
 create mode 100644 text_branch_2.txt

hp@LAPTOP-LLATI251 MINGW64 ~/OneDrive/THCS/24174600015_LeThiThuyLinh_baitap (branch_2)
$ git push origin branch_2
Enumerating objects: 4, done.
Counting objects: 100% (4/4), done.
Delta compression using up to 8 threads
Compressing objects: 100% (3/3), done.
Writing objects: 100% (3/3), 345 bytes | 69.00 KiB/s, done.
Total 3 (delta 0), reused 0 (delta 0), pack-reused 0 (from 0)
remote:
remote: Create a pull request for 'branch_2' on GitHub by visiting:
remote:      https://github.com/thuylinh2212/24174600015_LeThiThuyLinh_baitap/pull/new/branch_2
remote:
To https://github.com/thuylinh2212/24174600015_LeThiThuyLinh_baitap.git
 * [new branch]      branch_2 -> branch_2

hp@LAPTOP-LLATI251 MINGW64 ~/OneDrive/THCS/24174600015_LeThiThuyLinh_baitap (branch_2)
$ git checkout main
Switched to branch 'main'
Your branch is up to date with 'origin/main'.

hp@LAPTOP-LLATI251 MINGW64 ~/OneDrive/THCS/24174600015_LeThiThuyLinh_baitap (main)
$ git checkout -b "branch_3"
Switched to a new branch 'branch_3'

hp@LAPTOP-LLATI251 MINGW64 ~/OneDrive/THCS/24174600015_LeThiThuyLinh_baitap (branch_3)
$ echo "Integer sit amet nisi aliquam, tempor libero quis, cursus erat." > text_branch_3.txt

hp@LAPTOP-LLATI251 MINGW64 ~/OneDrive/THCS/24174600015_LeThiThuyLinh_baitap (branch_3)
$ git add .
warning: in the working copy of 'text_branch_3.txt', LF will be replaced by CRLF the next time Git touches it

hp@LAPTOP-LLATI251 MINGW64 ~/OneDrive/THCS/24174600015_LeThiThuyLinh_baitap (branch_3)
$ git commit -m "tao branch_3"
[branch_3 9ff4c2f] tao branch_3
 1 file changed, 1 insertion(+)
 create mode 100644 text_branch_3.txt

hp@LAPTOP-LLATI251 MINGW64 ~/OneDrive/THCS/24174600015_LeThiThuyLinh_baitap (branch_3)
$ git push origin branch_3
Enumerating objects: 4, done.
Counting objects: 100% (4/4), done.
Delta compression using up to 8 threads
Compressing objects: 100% (3/3), done.
Writing objects: 100% (3/3), 356 bytes | 356.00 KiB/s, done.
Total 3 (delta 0), reused 0 (delta 0), pack-reused 0 (from 0)
remote:
remote: Create a pull request for 'branch_3' on GitHub by visiting:
remote:      https://github.com/thuylinh2212/24174600015_LeThiThuyLinh_baitap/pull/new/branch_3
remote:
To https://github.com/thuylinh2212/24174600015_LeThiThuyLinh_baitap.git
 * [new branch]      branch_3 -> branch_3

hp@LAPTOP-LLATI251 MINGW64 ~/OneDrive/THCS/24174600015_LeThiThuyLinh_baitap (branch_3)
$ git checkout main
Switched to branch 'main'
Your branch is up to date with 'origin/main'.

hp@LAPTOP-LLATI251 MINGW64 ~/OneDrive/THCS/24174600015_LeThiThuyLinh_baitap (main)
$ git checkout -b "branch_4"
Switched to a new branch 'branch_4'

hp@LAPTOP-LLATI251 MINGW64 ~/OneDrive/THCS/24174600015_LeThiThuyLinh_baitap (branch_4)
$ echo "Cras ac mi nec nisi porta ultrices sed non ante." > text_branch_4.txt

hp@LAPTOP-LLATI251 MINGW64 ~/OneDrive/THCS/24174600015_LeThiThuyLinh_baitap (branch_4)
$ git addd .
git: 'addd' is not a git command. See 'git --help'.

The most similar command is
        add

hp@LAPTOP-LLATI251 MINGW64 ~/OneDrive/THCS/24174600015_LeThiThuyLinh_baitap (branch_4)
$ git add .
warning: in the working copy of 'text_branch_4.txt', LF will be replaced by CRLF the next time Git touches it

hp@LAPTOP-LLATI251 MINGW64 ~/OneDrive/THCS/24174600015_LeThiThuyLinh_baitap (branch_4)
$ git commit -m "tao branch_4"
[branch_4 18e0ad7] tao branch_4
 1 file changed, 1 insertion(+)
 create mode 100644 text_branch_4.txt

hp@LAPTOP-LLATI251 MINGW64 ~/OneDrive/THCS/24174600015_LeThiThuyLinh_baitap (branch_4)
$ git push origin branch_4
Enumerating objects: 4, done.
Counting objects: 100% (4/4), done.
Delta compression using up to 8 threads
Compressing objects: 100% (2/2), done.
Writing objects: 100% (3/3), 348 bytes | 348.00 KiB/s, done.
Total 3 (delta 0), reused 0 (delta 0), pack-reused 0 (from 0)
remote:
remote: Create a pull request for 'branch_4' on GitHub by visiting:
remote:      https://github.com/thuylinh2212/24174600015_LeThiThuyLinh_baitap/pull/new/branch_4
remote:
To https://github.com/thuylinh2212/24174600015_LeThiThuyLinh_baitap.git
 * [new branch]      branch_4 -> branch_4

hp@LAPTOP-LLATI251 MINGW64 ~/OneDrive/THCS/24174600015_LeThiThuyLinh_baitap (branch_4)
$ git checkout main
Switched to branch 'main'
Your branch is up to date with 'origin/main'.

hp@LAPTOP-LLATI251 MINGW64 ~/OneDrive/THCS/24174600015_LeThiThuyLinh_baitap (main)
$ git branch -d branch_4
error: the branch 'branch_4' is not fully merged
hint: If you are sure you want to delete it, run 'git branch -D branch_4'
hint: Disable this message with "git config advice.forceDeleteBranch false"

hp@LAPTOP-LLATI251 MINGW64 ~/OneDrive/THCS/24174600015_LeThiThuyLinh_baitap (main)
$ git branch -D branch_4
Deleted branch branch_4 (was 18e0ad7).

hp@LAPTOP-LLATI251 MINGW64 ~/OneDrive/THCS/24174600015_LeThiThuyLinh_baitap (main)
$ git branch -l
  branch_1
  branch_2
  branch_3
* main

hp@LAPTOP-LLATI251 MINGW64 ~/OneDrive/THCS/24174600015_LeThiThuyLinh_baitap (main)
$ mkdir new_folder

hp@LAPTOP-LLATI251 MINGW64 ~/OneDrive/THCS/24174600015_LeThiThuyLinh_baitap (main)
$ cd main_folder
bash: cd: main_folder: No such file or directory

hp@LAPTOP-LLATI251 MINGW64 ~/OneDrive/THCS/24174600015_LeThiThuyLinh_baitap (main)
$ mkdir main_folder

hp@LAPTOP-LLATI251 MINGW64 ~/OneDrive/THCS/24174600015_LeThiThuyLinh_baitap (main)
$ cd main_folder

hp@LAPTOP-LLATI251 MINGW64 ~/OneDrive/THCS/24174600015_LeThiThuyLinh_baitap/main_folder (main)
$ touch main_txt_1.txt

hp@LAPTOP-LLATI251 MINGW64 ~/OneDrive/THCS/24174600015_LeThiThuyLinh_baitap/main_folder (main)
$ touch main_txt_2.txt

hp@LAPTOP-LLATI251 MINGW64 ~/OneDrive/THCS/24174600015_LeThiThuyLinh_baitap/main_folder (main)
$ touch main_txt_3.txt
github.com
22:34
Bạn đã gửi
hp@LAPTOP-LLATI251 MINGW64 ~/OneDrive/THCS/24174600015_LeThiThuyLinh_baitap (main)
$ git add main_folder

hp@LAPTOP-LLATI251 MINGW64 ~/OneDrive/THCS/24174600015_LeThiThuyLinh_baitap (main)
$ git commit -m "them folder"
[main c754421] them folder
 3 files changed, 0 insertions(+), 0 deletions(-)
 create mode 100644 main_folder/main_txt_1.txt
 create mode 100644 main_folder/main_txt_2.txt
 create mode 100644 main_folder/main_txt_3.txt

hp@LAPTOP-LLATI251 MINGW64 ~/OneDrive/THCS/24174600015_LeThiThuyLinh_baitap (main)
$ git push origin
Enumerating objects: 5, done.
Counting objects: 100% (5/5), done.
Delta compression using up to 8 threads
Compressing objects: 100% (3/3), done.
Writing objects: 100% (4/4), 353 bytes | 176.00 KiB/s, done.
Total 4 (delta 0), reused 0 (delta 0), pack-reused 0 (from 0)
To https://github.com/thuylinh2212/24174600015_LeThiThuyLinh_baitap.git
   a1f792b..c754421  main -> main

hp@LAPTOP-LLATI251 MINGW64 ~/OneDrive/THCS/24174600015_LeThiThuyLinh_baitap (main)
$ git checkout branch_1
Switched to branch 'branch_1'

hp@LAPTOP-LLATI251 MINGW64 ~/OneDrive/THCS/24174600015_LeThiThuyLinh_baitap (branch_1)
$ git chechkot -b branch_5
git: 'chechkot' is not a git command. See 'git --help'.

The most similar command is
        checkout

hp@LAPTOP-LLATI251 MINGW64 ~/OneDrive/THCS/24174600015_LeThiThuyLinh_baitap (branch_1)
$ git checkout -b branch_5
Switched to a new branch 'branch_5'

hp@LAPTOP-LLATI251 MINGW64 ~/OneDrive/THCS/24174600015_LeThiThuyLinh_baitap (branch_5)
$ ls
README.md  text_branch_1.txt

hp@LAPTOP-LLATI251 MINGW64 ~/OneDrive/THCS/24174600015_LeThiThuyLinh_baitap (branch_5)
$ echo "Etiam malesuada felis nulla, ac porta dui sollicitudin eget. Mauris hendrerit non metus
eget pellentesque. Etiam ornare ante at pretium hendrerit. Proin molestie accumsan sapien, ac
finibus libero lobortis quis. Praesent ac commodo eros. Nullam malesuada v el dui nec feugiat.
Cras justo ipsum, scelerisque et elit vitae, porttitor tristique turpis. Nam ut hendrerit est. Nulla
sed tincidunt nibh. Class aptent taciti sociosqu ad litora torquent per conubia nostra, per
inceptos himenaeos. Quisque vitae egestas lacus. Phasellus turpis ante, euismod quis
pellentesque et, pharetra id ligula. Vestibulum mattis sem ac ligula auctor viverra. Phasellus
dignissim mollis leo, vitae tristique enim" > text_branch_1.txt

hp@LAPTOP-LLATI251 MINGW64 ~/OneDrive/THCS/24174600015_LeThiThuyLinh_baitap (branch_5)
$ git add .
warning: in the working copy of 'text_branch_1.txt', LF will be replaced by CRLF the next time Git touches it

hp@LAPTOP-LLATI251 MINGW64 ~/OneDrive/THCS/24174600015_LeThiThuyLinh_baitap (branch_5)
$ git commit -m " sua file"
[branch_5 ff7404e]  sua file
 1 file changed, 8 insertions(+), 1 deletion(-)

hp@LAPTOP-LLATI251 MINGW64 ~/OneDrive/THCS/24174600015_LeThiThuyLinh_baitap (branch_5)
$ git push origin branch_5
Enumerating objects: 5, done.
Counting objects: 100% (5/5), done.
Delta compression using up to 8 threads
Compressing objects: 100% (3/3), done.
Writing objects: 100% (3/3), 680 bytes | 680.00 KiB/s, done.
Total 3 (delta 0), reused 0 (delta 0), pack-reused 0 (from 0)
remote:
remote: Create a pull request for 'branch_5' on GitHub by visiting:
remote:      https://github.com/thuylinh2212/24174600015_LeThiThuyLinh_baitap/pull/new/branch_5
remote:
To https://github.com/thuylinh2212/24174600015_LeThiThuyLinh_baitap.git
 * [new branch]      branch_5 -> branch_5

hp@LAPTOP-LLATI251 MINGW64 ~/OneDrive/THCS/24174600015_LeThiThuyLinh_baitap (branch_5)
$ git branch -d branch_5
error: cannot delete branch 'branch_5' used by worktree at 'C:/Users/hp/OneDrive/THCS/24174600015_LeThiThuyLinh_baitap'

hp@LAPTOP-LLATI251 MINGW64 ~/OneDrive/THCS/24174600015_LeThiThuyLinh_baitap (branch_5)
$ git branch -D branch_5
error: cannot delete branch 'branch_5' used by worktree at 'C:/Users/hp/OneDrive/THCS/24174600015_LeThiThuyLinh_baitap'

hp@LAPTOP-LLATI251 MINGW64 ~/OneDrive/THCS/24174600015_LeThiThuyLinh_baitap (branch_5)
$ git checkout main
Switched to branch 'main'
Your branch is up to date with 'origin/main'.

hp@LAPTOP-LLATI251 MINGW64 ~/OneDrive/THCS/24174600015_LeThiThuyLinh_baitap (main)
$ git branch -d branch_5
error: the branch 'branch_5' is not fully merged
hint: If you are sure you want to delete it, run 'git branch -D branch_5'
hint: Disable this message with "git config advice.forceDeleteBranch false"

hp@LAPTOP-LLATI251 MINGW64 ~/OneDrive/THCS/24174600015_LeThiThuyLinh_baitap (main)
$ git branch -D branch_5
Deleted branch branch_5 (was ff7404e).

hp@LAPTOP-LLATI251 MINGW64 ~/OneDrive/THCS/24174600015_LeThiThuyLinh_baitap (main)
$ git branch -l
  branch_1
  branch_2
  branch_3
* main

hp@LAPTOP-LLATI251 MINGW64 ~/OneDrive/THCS/24174600015_LeThiThuyLinh_baitap (main)
$ git branch -D branch_1
Deleted branch branch_1 (was 6381955).

hp@LAPTOP-LLATI251 MINGW64 ~/OneDrive/THCS/24174600015_LeThiThuyLinh_baitap (main)
$ git branch -D branch_2
Deleted branch branch_2 (was 7d41944).

hp@LAPTOP-LLATI251 MINGW64 ~/OneDrive/THCS/24174600015_LeThiThuyLinh_baitap (main)
$ git branch -D branch_3
Deleted branch branch_3 (was 9ff4c2f).

hp@LAPTOP-LLATI251 MINGW64 ~/OneDrive/THCS/24174600015_LeThiThuyLinh_baitap (main)
$ git add .

hp@LAPTOP-LLATI251 MINGW64 ~/OneDrive/THCS/24174600015_LeThiThuyLinh_baitap (main)
$ git commit -m "xoa file"
On branch main
Your branch is up to date with 'origin/main'.

nothing to commit, working tree clean

hp@LAPTOP-LLATI251 MINGW64 ~/OneDrive/THCS/24174600015_LeThiThuyLinh_baitap (main)
$ git fetch
remote: Enumerating objects: 15, done.
remote: Counting objects: 100% (15/15), done.
remote: Compressing objects: 100% (9/9), done.
remote: Total 9 (delta 3), reused 0 (delta 0), pack-reused 0 (from 0)
Unpacking objects: 100% (9/9), 4.62 KiB | 152.00 KiB/s, done.
From https://github.com/thuylinh2212/24174600015_LeThiThuyLinh_baitap
   c754421..bc99253  main       -> origin/main
   6381955..840ae33  branch_1   -> origin/branch_1

hp@LAPTOP-LLATI251 MINGW64 ~/OneDrive/THCS/24174600015_LeThiThuyLinh_baitap (main)
$ git pull
Updating c754421..bc99253
Fast-forward
 text_branch_1.txt | 8 ++++++++
 text_branch_2.txt | 1 +
 text_branch_3.txt | 1 +
 text_branch_4.txt | 1 +
 4 files changed, 11 insertions(+)
 create mode 100644 text_branch_1.txt
 create mode 100644 text_branch_2.txt
 create mode 100644 text_branch_3.txt
 create mode 100644 text_branch_4.txt

hp@LAPTOP-LLATI251 MINGW64 ~/OneDrive/THCS/24174600015_LeThiThuyLinh_baitap (main)
$ git push origin
Everything up-to-date

hp@LAPTOP-LLATI251 MINGW64 ~/OneDrive/THCS/24174600015_LeThiThuyLinh_baitap (main)
$ git branch -l
* main

hp@LAPTOP-LLATI251 MINGW64 ~/OneDrive/THCS/24174600015_LeThiThuyLinh_baitap (main)
$ git add .

hp@LAPTOP-LLATI251 MINGW64 ~/OneDrive/THCS/24174600015_LeThiThuyLinh_baitap (main)
$ git commit -m "xoa file"
On branch main
Your branch is up to date with 'origin/main'.

nothing to commit, working tree clean

hp@LAPTOP-LLATI251 MINGW64 ~/OneDrive/THCS/24174600015_LeThiThuyLinh_baitap (main)
$ git push origin
Everything up-to-date